<?xml version="1.0" encoding="ISO-8859-1" ?>
<link_info>
   <banner>MSP430 Linker PC v20.2.4.LTS</banner>
   <copyright>Copyright (c) 2003-2018 Texas Instruments Incorporated</copyright>
   <link_time>0x61ff7b64</link_time>
   <link_errors>0x0</link_errors>
   <output_file>Temp_Shade_on_OLED.out</output_file>
   <entry_point>
      <name>_c_int00_noargs</name>
      <address>0xee08</address>
   </entry_point>
   <input_file_list>
      <input_file id="fl-2">
         <path>.\</path>
         <kind>object</kind>
         <file>Analog_read.obj</file>
         <name>Analog_read.obj</name>
      </input_file>
      <input_file id="fl-3">
         <path>.\</path>
         <kind>object</kind>
         <file>SerialPrint.obj</file>
         <name>SerialPrint.obj</name>
      </input_file>
      <input_file id="fl-4">
         <path>.\</path>
         <kind>object</kind>
         <file>Temp_Shade_on_OLED.obj</file>
         <name>Temp_Shade_on_OLED.obj</name>
      </input_file>
      <input_file id="fl-5">
         <path>.\</path>
         <kind>object</kind>
         <file>i2c.obj</file>
         <name>i2c.obj</name>
      </input_file>
      <input_file id="fl-6">
         <path>.\</path>
         <kind>object</kind>
         <file>ssd1306.obj</file>
         <name>ssd1306.obj</name>
      </input_file>
      <input_file id="fl-b">
         <kind>object</kind>
         <file>&lt;internal&gt;</file>
         <name>&lt;internal&gt;</name>
      </input_file>
      <input_file id="fl-21">
         <path>C:\ti\ccs1030\ccs\tools\compiler\ti-cgt-msp430_20.2.4.LTS\lib\</path>
         <kind>archive</kind>
         <file>rts430_eabi.lib</file>
         <name>e_log.c.obj</name>
      </input_file>
      <input_file id="fl-22">
         <path>C:\ti\ccs1030\ccs\tools\compiler\ti-cgt-msp430_20.2.4.LTS\lib\</path>
         <kind>archive</kind>
         <file>rts430_eabi.lib</file>
         <name>asr16.asm.obj</name>
      </input_file>
      <input_file id="fl-23">
         <path>C:\ti\ccs1030\ccs\tools\compiler\ti-cgt-msp430_20.2.4.LTS\lib\</path>
         <kind>archive</kind>
         <file>rts430_eabi.lib</file>
         <name>div32s.asm.obj</name>
      </input_file>
      <input_file id="fl-24">
         <path>C:\ti\ccs1030\ccs\tools\compiler\ti-cgt-msp430_20.2.4.LTS\lib\</path>
         <kind>archive</kind>
         <file>rts430_eabi.lib</file>
         <name>div32u.asm.obj</name>
      </input_file>
      <input_file id="fl-25">
         <path>C:\ti\ccs1030\ccs\tools\compiler\ti-cgt-msp430_20.2.4.LTS\lib\</path>
         <kind>archive</kind>
         <file>rts430_eabi.lib</file>
         <name>epilog.asm.obj</name>
      </input_file>
      <input_file id="fl-26">
         <path>C:\ti\ccs1030\ccs\tools\compiler\ti-cgt-msp430_20.2.4.LTS\lib\</path>
         <kind>archive</kind>
         <file>rts430_eabi.lib</file>
         <name>fs_add.asm.obj</name>
      </input_file>
      <input_file id="fl-27">
         <path>C:\ti\ccs1030\ccs\tools\compiler\ti-cgt-msp430_20.2.4.LTS\lib\</path>
         <kind>archive</kind>
         <file>rts430_eabi.lib</file>
         <name>fs_div.asm.obj</name>
      </input_file>
      <input_file id="fl-28">
         <path>C:\ti\ccs1030\ccs\tools\compiler\ti-cgt-msp430_20.2.4.LTS\lib\</path>
         <kind>archive</kind>
         <file>rts430_eabi.lib</file>
         <name>fs_itof.asm.obj</name>
      </input_file>
      <input_file id="fl-29">
         <path>C:\ti\ccs1030\ccs\tools\compiler\ti-cgt-msp430_20.2.4.LTS\lib\</path>
         <kind>archive</kind>
         <file>rts430_eabi.lib</file>
         <name>fs_mpy.asm.obj</name>
      </input_file>
      <input_file id="fl-2a">
         <path>C:\ti\ccs1030\ccs\tools\compiler\ti-cgt-msp430_20.2.4.LTS\lib\</path>
         <kind>archive</kind>
         <file>rts430_eabi.lib</file>
         <name>fs_toi.asm.obj</name>
      </input_file>
      <input_file id="fl-2b">
         <path>C:\ti\ccs1030\ccs\tools\compiler\ti-cgt-msp430_20.2.4.LTS\lib\</path>
         <kind>archive</kind>
         <file>rts430_eabi.lib</file>
         <name>fs_utof.asm.obj</name>
      </input_file>
      <input_file id="fl-2c">
         <path>C:\ti\ccs1030\ccs\tools\compiler\ti-cgt-msp430_20.2.4.LTS\lib\</path>
         <kind>archive</kind>
         <file>rts430_eabi.lib</file>
         <name>int00.asm.obj</name>
      </input_file>
      <input_file id="fl-2d">
         <path>C:\ti\ccs1030\ccs\tools\compiler\ti-cgt-msp430_20.2.4.LTS\lib\</path>
         <kind>archive</kind>
         <file>rts430_eabi.lib</file>
         <name>int02.asm.obj</name>
      </input_file>
      <input_file id="fl-2e">
         <path>C:\ti\ccs1030\ccs\tools\compiler\ti-cgt-msp430_20.2.4.LTS\lib\</path>
         <kind>archive</kind>
         <file>rts430_eabi.lib</file>
         <name>int05.asm.obj</name>
      </input_file>
      <input_file id="fl-2f">
         <path>C:\ti\ccs1030\ccs\tools\compiler\ti-cgt-msp430_20.2.4.LTS\lib\</path>
         <kind>archive</kind>
         <file>rts430_eabi.lib</file>
         <name>int07.asm.obj</name>
      </input_file>
      <input_file id="fl-30">
         <path>C:\ti\ccs1030\ccs\tools\compiler\ti-cgt-msp430_20.2.4.LTS\lib\</path>
         <kind>archive</kind>
         <file>rts430_eabi.lib</file>
         <name>int08.asm.obj</name>
      </input_file>
      <input_file id="fl-31">
         <path>C:\ti\ccs1030\ccs\tools\compiler\ti-cgt-msp430_20.2.4.LTS\lib\</path>
         <kind>archive</kind>
         <file>rts430_eabi.lib</file>
         <name>int09.asm.obj</name>
      </input_file>
      <input_file id="fl-32">
         <path>C:\ti\ccs1030\ccs\tools\compiler\ti-cgt-msp430_20.2.4.LTS\lib\</path>
         <kind>archive</kind>
         <file>rts430_eabi.lib</file>
         <name>int10.asm.obj</name>
      </input_file>
      <input_file id="fl-33">
         <path>C:\ti\ccs1030\ccs\tools\compiler\ti-cgt-msp430_20.2.4.LTS\lib\</path>
         <kind>archive</kind>
         <file>rts430_eabi.lib</file>
         <name>int11.asm.obj</name>
      </input_file>
      <input_file id="fl-34">
         <path>C:\ti\ccs1030\ccs\tools\compiler\ti-cgt-msp430_20.2.4.LTS\lib\</path>
         <kind>archive</kind>
         <file>rts430_eabi.lib</file>
         <name>int12.asm.obj</name>
      </input_file>
      <input_file id="fl-35">
         <path>C:\ti\ccs1030\ccs\tools\compiler\ti-cgt-msp430_20.2.4.LTS\lib\</path>
         <kind>archive</kind>
         <file>rts430_eabi.lib</file>
         <name>int13.asm.obj</name>
      </input_file>
      <input_file id="fl-36">
         <path>C:\ti\ccs1030\ccs\tools\compiler\ti-cgt-msp430_20.2.4.LTS\lib\</path>
         <kind>archive</kind>
         <file>rts430_eabi.lib</file>
         <name>int14.asm.obj</name>
      </input_file>
      <input_file id="fl-37">
         <path>C:\ti\ccs1030\ccs\tools\compiler\ti-cgt-msp430_20.2.4.LTS\lib\</path>
         <kind>archive</kind>
         <file>rts430_eabi.lib</file>
         <name>isr_trap.asm.obj</name>
      </input_file>
      <input_file id="fl-38">
         <path>C:\ti\ccs1030\ccs\tools\compiler\ti-cgt-msp430_20.2.4.LTS\lib\</path>
         <kind>archive</kind>
         <file>rts430_eabi.lib</file>
         <name>lsr16.asm.obj</name>
      </input_file>
      <input_file id="fl-39">
         <path>C:\ti\ccs1030\ccs\tools\compiler\ti-cgt-msp430_20.2.4.LTS\lib\</path>
         <kind>archive</kind>
         <file>rts430_eabi.lib</file>
         <name>mult16.asm.obj</name>
      </input_file>
      <input_file id="fl-3a">
         <path>C:\ti\ccs1030\ccs\tools\compiler\ti-cgt-msp430_20.2.4.LTS\lib\</path>
         <kind>archive</kind>
         <file>rts430_eabi.lib</file>
         <name>mult32.asm.obj</name>
      </input_file>
      <input_file id="fl-3b">
         <path>C:\ti\ccs1030\ccs\tools\compiler\ti-cgt-msp430_20.2.4.LTS\lib\</path>
         <kind>archive</kind>
         <file>rts430_eabi.lib</file>
         <name>boot.c.obj</name>
      </input_file>
      <input_file id="fl-3c">
         <path>C:\ti\ccs1030\ccs\tools\compiler\ti-cgt-msp430_20.2.4.LTS\lib\</path>
         <kind>archive</kind>
         <file>rts430_eabi.lib</file>
         <name>autoinit.c.obj</name>
      </input_file>
      <input_file id="fl-3d">
         <path>C:\ti\ccs1030\ccs\tools\compiler\ti-cgt-msp430_20.2.4.LTS\lib\</path>
         <kind>archive</kind>
         <file>rts430_eabi.lib</file>
         <name>copy_zero_init.c.obj</name>
      </input_file>
      <input_file id="fl-3e">
         <path>C:\ti\ccs1030\ccs\tools\compiler\ti-cgt-msp430_20.2.4.LTS\lib\</path>
         <kind>archive</kind>
         <file>rts430_eabi.lib</file>
         <name>cpy_tbl.c.obj</name>
      </input_file>
      <input_file id="fl-3f">
         <path>C:\ti\ccs1030\ccs\tools\compiler\ti-cgt-msp430_20.2.4.LTS\lib\</path>
         <kind>archive</kind>
         <file>rts430_eabi.lib</file>
         <name>mpu_init.c.obj</name>
      </input_file>
      <input_file id="fl-40">
         <path>C:\ti\ccs1030\ccs\tools\compiler\ti-cgt-msp430_20.2.4.LTS\lib\</path>
         <kind>archive</kind>
         <file>rts430_eabi.lib</file>
         <name>lsr64.c.obj</name>
      </input_file>
      <input_file id="fl-41">
         <path>C:\ti\ccs1030\ccs\tools\compiler\ti-cgt-msp430_20.2.4.LTS\lib\</path>
         <kind>archive</kind>
         <file>rts430_eabi.lib</file>
         <name>pre_init.c.obj</name>
      </input_file>
      <input_file id="fl-42">
         <path>C:\ti\ccs1030\ccs\tools\compiler\ti-cgt-msp430_20.2.4.LTS\lib\</path>
         <kind>archive</kind>
         <file>rts430_eabi.lib</file>
         <name>startup.c.obj</name>
      </input_file>
      <input_file id="fl-43">
         <path>C:\ti\ccs1030\ccs\tools\compiler\ti-cgt-msp430_20.2.4.LTS\lib\</path>
         <kind>archive</kind>
         <file>rts430_eabi.lib</file>
         <name>copy_decompress_none.c.obj</name>
      </input_file>
      <input_file id="fl-44">
         <path>C:\ti\ccs1030\ccs\tools\compiler\ti-cgt-msp430_20.2.4.LTS\lib\</path>
         <kind>archive</kind>
         <file>rts430_eabi.lib</file>
         <name>copy_decompress_lzss.c.obj</name>
      </input_file>
      <input_file id="fl-45">
         <path>C:\ti\ccs1030\ccs\tools\compiler\ti-cgt-msp430_20.2.4.LTS\lib\</path>
         <kind>archive</kind>
         <file>rts430_eabi.lib</file>
         <name>addd.c.obj</name>
      </input_file>
      <input_file id="fl-46">
         <path>C:\ti\ccs1030\ccs\tools\compiler\ti-cgt-msp430_20.2.4.LTS\lib\</path>
         <kind>archive</kind>
         <file>rts430_eabi.lib</file>
         <name>cmpd.c.obj</name>
      </input_file>
      <input_file id="fl-47">
         <path>C:\ti\ccs1030\ccs\tools\compiler\ti-cgt-msp430_20.2.4.LTS\lib\</path>
         <kind>archive</kind>
         <file>rts430_eabi.lib</file>
         <name>cvtfd.c.obj</name>
      </input_file>
      <input_file id="fl-48">
         <path>C:\ti\ccs1030\ccs\tools\compiler\ti-cgt-msp430_20.2.4.LTS\lib\</path>
         <kind>archive</kind>
         <file>rts430_eabi.lib</file>
         <name>divd.c.obj</name>
      </input_file>
      <input_file id="fl-49">
         <path>C:\ti\ccs1030\ccs\tools\compiler\ti-cgt-msp430_20.2.4.LTS\lib\</path>
         <kind>archive</kind>
         <file>rts430_eabi.lib</file>
         <name>fltlid.c.obj</name>
      </input_file>
      <input_file id="fl-4a">
         <path>C:\ti\ccs1030\ccs\tools\compiler\ti-cgt-msp430_20.2.4.LTS\lib\</path>
         <kind>archive</kind>
         <file>rts430_eabi.lib</file>
         <name>frcdivd.c.obj</name>
      </input_file>
      <input_file id="fl-4b">
         <path>C:\ti\ccs1030\ccs\tools\compiler\ti-cgt-msp430_20.2.4.LTS\lib\</path>
         <kind>archive</kind>
         <file>rts430_eabi.lib</file>
         <name>mpyd.c.obj</name>
      </input_file>
      <input_file id="fl-4c">
         <path>C:\ti\ccs1030\ccs\tools\compiler\ti-cgt-msp430_20.2.4.LTS\lib\</path>
         <kind>archive</kind>
         <file>rts430_eabi.lib</file>
         <name>subd.c.obj</name>
      </input_file>
      <input_file id="fl-4d">
         <path>C:\ti\ccs1030\ccs\tools\compiler\ti-cgt-msp430_20.2.4.LTS\lib\</path>
         <kind>archive</kind>
         <file>rts430_eabi.lib</file>
         <name>cvtdf.c.obj</name>
      </input_file>
      <input_file id="fl-4e">
         <path>C:\ti\ccs1030\ccs\tools\compiler\ti-cgt-msp430_20.2.4.LTS\lib\</path>
         <kind>archive</kind>
         <file>rts430_eabi.lib</file>
         <name>exit.c.obj</name>
      </input_file>
      <input_file id="fl-4f">
         <path>C:\ti\ccs1030\ccs\tools\compiler\ti-cgt-msp430_20.2.4.LTS\lib\</path>
         <kind>archive</kind>
         <file>rts430_eabi.lib</file>
         <name>_lock.c.obj</name>
      </input_file>
      <input_file id="fl-50">
         <path>C:\ti\ccs1030\ccs\tools\compiler\ti-cgt-msp430_20.2.4.LTS\lib\</path>
         <kind>archive</kind>
         <file>rts430_eabi.lib</file>
         <name>args_main.c.obj</name>
      </input_file>
      <input_file id="fl-51">
         <path>C:\ti\ccs1030\ccs\tools\compiler\ti-cgt-msp430_20.2.4.LTS\lib\</path>
         <kind>archive</kind>
         <file>rts430_eabi.lib</file>
         <name>memcpy.c.obj</name>
      </input_file>
      <input_file id="fl-52">
         <path>C:\ti\ccs1030\ccs\tools\compiler\ti-cgt-msp430_20.2.4.LTS\lib\</path>
         <kind>archive</kind>
         <file>rts430_eabi.lib</file>
         <name>strlen.c.obj</name>
      </input_file>
      <input_file id="fl-53">
         <path>C:\ti\ccs1030\ccs\tools\compiler\ti-cgt-msp430_20.2.4.LTS\lib\</path>
         <kind>archive</kind>
         <file>rts430_eabi.lib</file>
         <name>errno.c.obj</name>
      </input_file>
      <input_file id="fl-54">
         <path>C:\ti\ccs1030\ccs\tools\compiler\ti-cgt-msp430_20.2.4.LTS\lib\</path>
         <kind>archive</kind>
         <file>rts430_eabi.lib</file>
         <name>asr32.asm.obj</name>
      </input_file>
      <input_file id="fl-55">
         <path>C:\ti\ccs1030\ccs\tools\compiler\ti-cgt-msp430_20.2.4.LTS\lib\</path>
         <kind>archive</kind>
         <file>rts430_eabi.lib</file>
         <name>lsl16.asm.obj</name>
      </input_file>
      <input_file id="fl-56">
         <path>C:\ti\ccs1030\ccs\tools\compiler\ti-cgt-msp430_20.2.4.LTS\lib\</path>
         <kind>archive</kind>
         <file>rts430_eabi.lib</file>
         <name>lsl32.asm.obj</name>
      </input_file>
      <input_file id="fl-57">
         <path>C:\ti\ccs1030\ccs\tools\compiler\ti-cgt-msp430_20.2.4.LTS\lib\</path>
         <kind>archive</kind>
         <file>rts430_eabi.lib</file>
         <name>lsr32.asm.obj</name>
      </input_file>
      <input_file id="fl-58">
         <path>C:\ti\ccs1030\ccs\tools\compiler\ti-cgt-msp430_20.2.4.LTS\lib\</path>
         <kind>archive</kind>
         <file>rts430_eabi.lib</file>
         <name>exit_gvars.c.obj</name>
      </input_file>
      <input_file id="fl-59">
         <path>C:\ti\ccs1030\ccs\tools\compiler\ti-cgt-msp430_20.2.4.LTS\lib\</path>
         <kind>archive</kind>
         <file>rts430_eabi.lib</file>
         <name>asr64.c.obj</name>
      </input_file>
      <input_file id="fl-5a">
         <path>C:\ti\ccs1030\ccs\tools\compiler\ti-cgt-msp430_20.2.4.LTS\lib\</path>
         <kind>archive</kind>
         <file>rts430_eabi.lib</file>
         <name>lsl64.c.obj</name>
      </input_file>
      <input_file id="fl-5b">
         <path>C:\ti\ccs1030\ccs\tools\compiler\ti-cgt-msp430_20.2.4.LTS\lib\</path>
         <kind>archive</kind>
         <file>rts430_eabi.lib</file>
         <name>frcmpyd.c.obj</name>
      </input_file>
      <input_file id="fl-5c">
         <path>C:\ti\ccs1030\ccs\tools\compiler\ti-cgt-msp430_20.2.4.LTS\lib\</path>
         <kind>archive</kind>
         <file>rts430_eabi.lib</file>
         <name>mult3264.asm.obj</name>
      </input_file>
      <input_file id="fl-5d">
         <path>C:\ti\ccs1030\ccs\tools\compiler\ti-cgt-msp430_20.2.4.LTS\lib\</path>
         <kind>archive</kind>
         <file>rts430_eabi.lib</file>
         <name>mult64.asm.obj</name>
      </input_file>
      <input_file id="fl-5e">
         <path>C:\ti\ccs1030\ccs\tools\compiler\ti-cgt-msp430_20.2.4.LTS\lib\</path>
         <kind>archive</kind>
         <file>rts430_eabi.lib</file>
         <name>mult1632.asm.obj</name>
      </input_file>
   </input_file_list>
   <object_component_list>
      <object_component id="oc-2a1">
         <name>.common:adc</name>
         <uninitialized>true</uninitialized>
         <run_address>0x212</run_address>
         <size>0x10</size>
      </object_component>
      <object_component id="oc-154">
         <name>.common:PTxData</name>
         <uninitialized>true</uninitialized>
         <run_address>0x222</run_address>
         <size>0x2</size>
      </object_component>
      <object_component id="oc-14d">
         <name>.common:TxByteCtr</name>
         <uninitialized>true</uninitialized>
         <run_address>0x224</run_address>
         <size>0x1</size>
      </object_component>
      <object_component id="oc-219">
         <name>.common:buffer</name>
         <uninitialized>true</uninitialized>
         <run_address>0x200</run_address>
         <size>0x12</size>
      </object_component>
      <object_component id="oc-143">
         <name>.data</name>
         <load_address>0x226</load_address>
         <run_address>0x226</run_address>
         <size>0x3</size>
         <input_file_ref idref="fl-4"/>
      </object_component>
      <object_component id="oc-35b">
         <name>.data</name>
         <load_address>0x22a</load_address>
         <run_address>0x22a</run_address>
         <size>0x2</size>
         <input_file_ref idref="fl-53"/>
      </object_component>
      <object_component id="oc-b1">
         <name>.stack</name>
         <uninitialized>true</uninitialized>
         <run_address>0x3b0</run_address>
         <size>0x2</size>
         <input_file_ref idref="fl-3b"/>
      </object_component>
      <object_component id="oc-43c">
         <name>.stack</name>
         <uninitialized>true</uninitialized>
         <run_address>0x3b0</run_address>
         <size>0x0</size>
      </object_component>
      <object_component id="oc-345">
         <name>.text:__mspabi_addd</name>
         <load_address>0xc000</load_address>
         <run_address>0xc000</run_address>
         <size>0x736</size>
         <input_file_ref idref="fl-45"/>
      </object_component>
      <object_component id="oc-2c6">
         <name>.text:log</name>
         <load_address>0xc736</load_address>
         <run_address>0xc736</run_address>
         <size>0x63c</size>
         <input_file_ref idref="fl-21"/>
      </object_component>
      <object_component id="oc-338">
         <name>.text:__TI_frcdivd</name>
         <load_address>0xcd72</load_address>
         <run_address>0xcd72</run_address>
         <size>0x478</size>
         <input_file_ref idref="fl-4a"/>
      </object_component>
      <object_component id="oc-2ba">
         <name>.text:__mspabi_mpyd</name>
         <load_address>0xd1ea</load_address>
         <run_address>0xd1ea</run_address>
         <size>0x2c0</size>
         <input_file_ref idref="fl-4b"/>
      </object_component>
      <object_component id="oc-2ae">
         <name>.text:__mspabi_divd</name>
         <load_address>0xd4aa</load_address>
         <run_address>0xd4aa</run_address>
         <size>0x238</size>
         <input_file_ref idref="fl-48"/>
      </object_component>
      <object_component id="oc-34c">
         <name>.text:__TI_frcmpyd</name>
         <load_address>0xd6e2</load_address>
         <run_address>0xd6e2</run_address>
         <size>0x172</size>
         <input_file_ref idref="fl-5b"/>
      </object_component>
      <object_component id="oc-23d">
         <name>.text</name>
         <load_address>0xd854</load_address>
         <run_address>0xd854</run_address>
         <size>0x132</size>
         <input_file_ref idref="fl-26"/>
      </object_component>
      <object_component id="oc-221">
         <name>.text:print_tapman_chaya</name>
         <load_address>0xd986</load_address>
         <run_address>0xd986</run_address>
         <size>0x126</size>
         <input_file_ref idref="fl-4"/>
      </object_component>
      <object_component id="oc-3b9">
         <name>.text:__mpyll</name>
         <load_address>0xdaac</load_address>
         <run_address>0xdaac</run_address>
         <size>0x114</size>
         <input_file_ref idref="fl-5d"/>
      </object_component>
      <object_component id="oc-22d">
         <name>.text:calc_temp</name>
         <load_address>0xdbc0</load_address>
         <run_address>0xdbc0</run_address>
         <size>0xea</size>
         <input_file_ref idref="fl-2"/>
      </object_component>
      <object_component id="oc-364">
         <name>.text:__mspabi_cmpd</name>
         <load_address>0xdcaa</load_address>
         <run_address>0xdcaa</run_address>
         <size>0xdc</size>
         <input_file_ref idref="fl-46"/>
      </object_component>
      <object_component id="oc-1b7">
         <name>.text:print_delay_long</name>
         <load_address>0xdd86</load_address>
         <run_address>0xdd86</run_address>
         <size>0xd6</size>
         <input_file_ref idref="fl-4"/>
      </object_component>
      <object_component id="oc-1ab">
         <name>.text:ssd1306_init</name>
         <load_address>0xde5c</load_address>
         <run_address>0xde5c</run_address>
         <size>0xce</size>
         <input_file_ref idref="fl-6"/>
      </object_component>
      <object_component id="oc-242">
         <name>.text</name>
         <load_address>0xdf2a</load_address>
         <run_address>0xdf2a</run_address>
         <size>0xc4</size>
         <input_file_ref idref="fl-29"/>
      </object_component>
      <object_component id="oc-2c0">
         <name>.text:__mspabi_cvtdf</name>
         <load_address>0xdfee</load_address>
         <run_address>0xdfee</run_address>
         <size>0xb4</size>
         <input_file_ref idref="fl-4d"/>
      </object_component>
      <object_component id="oc-35e">
         <name>.text:__mspabi_fltlid</name>
         <load_address>0xe0a2</load_address>
         <run_address>0xe0a2</run_address>
         <size>0xac</size>
         <input_file_ref idref="fl-49"/>
      </object_component>
      <object_component id="oc-2e3">
         <name>.text:digits</name>
         <load_address>0xe14e</load_address>
         <run_address>0xe14e</run_address>
         <size>0xa2</size>
         <input_file_ref idref="fl-6"/>
      </object_component>
      <object_component id="oc-1bd">
         <name>.text:print_delay_short</name>
         <load_address>0xe1f0</load_address>
         <run_address>0xe1f0</run_address>
         <size>0xa2</size>
         <input_file_ref idref="fl-4"/>
      </object_component>
      <object_component id="oc-2cc">
         <name>.text</name>
         <load_address>0xe292</load_address>
         <run_address>0xe292</run_address>
         <size>0x9c</size>
         <input_file_ref idref="fl-27"/>
      </object_component>
      <object_component id="oc-e1">
         <name>.text:Port_1</name>
         <load_address>0xe32e</load_address>
         <run_address>0xe32e</run_address>
         <size>0x96</size>
         <input_file_ref idref="fl-4"/>
      </object_component>
      <object_component id="oc-254">
         <name>.text:ssd1306_printText</name>
         <load_address>0xe3c4</load_address>
         <run_address>0xe3c4</run_address>
         <size>0x94</size>
         <input_file_ref idref="fl-6"/>
      </object_component>
      <object_component id="oc-29a">
         <name>.text:ssd1306_printText_matra</name>
         <load_address>0xe458</load_address>
         <run_address>0xe458</run_address>
         <size>0x88</size>
         <input_file_ref idref="fl-6"/>
      </object_component>
      <object_component id="oc-34">
         <name>.text:decompress:lzss:__TI_decompress_lzss</name>
         <load_address>0xe4e0</load_address>
         <run_address>0xe4e0</run_address>
         <size>0x7c</size>
         <input_file_ref idref="fl-44"/>
      </object_component>
      <object_component id="oc-294">
         <name>.text:ssd1306_printText_2_wide</name>
         <load_address>0xe55c</load_address>
         <run_address>0xe55c</run_address>
         <size>0x78</size>
         <input_file_ref idref="fl-6"/>
      </object_component>
      <object_component id="oc-2dd">
         <name>.text:ultoa</name>
         <load_address>0xe5d4</load_address>
         <run_address>0xe5d4</run_address>
         <size>0x76</size>
         <input_file_ref idref="fl-6"/>
      </object_component>
      <object_component id="oc-164">
         <name>.text:main</name>
         <load_address>0xe64a</load_address>
         <run_address>0xe64a</run_address>
         <size>0x72</size>
         <input_file_ref idref="fl-4"/>
      </object_component>
      <object_component id="oc-2a8">
         <name>.text:__mspabi_cvtfd</name>
         <load_address>0xe6bc</load_address>
         <run_address>0xe6bc</run_address>
         <size>0x70</size>
         <input_file_ref idref="fl-47"/>
      </object_component>
      <object_component id="oc-233">
         <name>.text</name>
         <load_address>0xe72c</load_address>
         <run_address>0xe72c</run_address>
         <size>0x68</size>
         <input_file_ref idref="fl-2a"/>
      </object_component>
      <object_component id="oc-1b1">
         <name>.text:ssd1306_clearDisplay</name>
         <load_address>0xe794</load_address>
         <run_address>0xe794</run_address>
         <size>0x68</size>
         <input_file_ref idref="fl-6"/>
      </object_component>
      <object_component id="oc-3a2">
         <name>.text:l_lsr_const</name>
         <load_address>0xe7fc</load_address>
         <run_address>0xe7fc</run_address>
         <size>0x5c</size>
         <input_file_ref idref="fl-57"/>
      </object_component>
      <object_component id="oc-37c">
         <name>.text</name>
         <load_address>0xe858</load_address>
         <run_address>0xe858</run_address>
         <size>0x58</size>
         <input_file_ref idref="fl-24"/>
      </object_component>
      <object_component id="oc-24d">
         <name>.text:ssd1306_printUI32</name>
         <load_address>0xe8b0</load_address>
         <run_address>0xe8b0</run_address>
         <size>0x52</size>
         <input_file_ref idref="fl-6"/>
      </object_component>
      <object_component id="oc-ba">
         <name>.text</name>
         <load_address>0xe902</load_address>
         <run_address>0xe902</run_address>
         <size>0x4c</size>
         <input_file_ref idref="fl-38"/>
      </object_component>
      <object_component id="oc-3ab">
         <name>.text:__mspabi_srall</name>
         <load_address>0xe94e</load_address>
         <run_address>0xe94e</run_address>
         <size>0x4a</size>
         <input_file_ref idref="fl-59"/>
      </object_component>
      <object_component id="oc-2d6">
         <name>.text:map</name>
         <load_address>0xe998</load_address>
         <run_address>0xe998</run_address>
         <size>0x48</size>
         <input_file_ref idref="fl-2"/>
      </object_component>
      <object_component id="oc-213">
         <name>.text:ssd1306_setPosition</name>
         <load_address>0xe9e0</load_address>
         <run_address>0xe9e0</run_address>
         <size>0x48</size>
         <input_file_ref idref="fl-6"/>
      </object_component>
      <object_component id="oc-3c3">
         <name>.text:__mspabi_srlll</name>
         <load_address>0xea28</load_address>
         <run_address>0xea28</run_address>
         <size>0x46</size>
         <input_file_ref idref="fl-40"/>
      </object_component>
      <object_component id="oc-3b1">
         <name>.text:__mspabi_sllll</name>
         <load_address>0xea6e</load_address>
         <run_address>0xea6e</run_address>
         <size>0x44</size>
         <input_file_ref idref="fl-5a"/>
      </object_component>
      <object_component id="oc-1d0">
         <name>.text:__TI_auto_init_nobinit_nopinit:__TI_auto_init_nobinit_nopinit</name>
         <load_address>0xeab2</load_address>
         <run_address>0xeab2</run_address>
         <size>0x42</size>
         <input_file_ref idref="fl-3c"/>
      </object_component>
      <object_component id="oc-376">
         <name>.text</name>
         <load_address>0xeaf4</load_address>
         <run_address>0xeaf4</run_address>
         <size>0x40</size>
         <input_file_ref idref="fl-23"/>
      </object_component>
      <object_component id="oc-32c">
         <name>.text:l_asr_const</name>
         <load_address>0xeb34</load_address>
         <run_address>0xeb34</run_address>
         <size>0x3e</size>
         <input_file_ref idref="fl-54"/>
      </object_component>
      <object_component id="oc-354">
         <name>.text:l_lsl_const</name>
         <load_address>0xeb72</load_address>
         <run_address>0xeb72</run_address>
         <size>0x3e</size>
         <input_file_ref idref="fl-56"/>
      </object_component>
      <object_component id="oc-381">
         <name>.text:reverse</name>
         <load_address>0xebb0</load_address>
         <run_address>0xebb0</run_address>
         <size>0x36</size>
         <input_file_ref idref="fl-6"/>
      </object_component>
      <object_component id="oc-238">
         <name>.text</name>
         <load_address>0xebe6</load_address>
         <run_address>0xebe6</run_address>
         <size>0x36</size>
         <input_file_ref idref="fl-28"/>
      </object_component>
      <object_component id="oc-247">
         <name>.text:calc_shade</name>
         <load_address>0xec1c</load_address>
         <run_address>0xec1c</run_address>
         <size>0x34</size>
         <input_file_ref idref="fl-2"/>
      </object_component>
      <object_component id="oc-e7">
         <name>.text:USCIAB0TX_ISR</name>
         <load_address>0xec50</load_address>
         <run_address>0xec50</run_address>
         <size>0x32</size>
         <input_file_ref idref="fl-5"/>
      </object_component>
      <object_component id="oc-1a5">
         <name>.text:i2c_init</name>
         <load_address>0xec82</load_address>
         <run_address>0xec82</run_address>
         <size>0x30</size>
         <input_file_ref idref="fl-5"/>
      </object_component>
      <object_component id="oc-2b4">
         <name>.text:__mspabi_subd</name>
         <load_address>0xecb2</load_address>
         <run_address>0xecb2</run_address>
         <size>0x2e</size>
         <input_file_ref idref="fl-4c"/>
      </object_component>
      <object_component id="oc-327">
         <name>.text</name>
         <load_address>0xece0</load_address>
         <run_address>0xece0</run_address>
         <size>0x2c</size>
         <input_file_ref idref="fl-22"/>
      </object_component>
      <object_component id="oc-b5">
         <name>.text</name>
         <load_address>0xed0c</load_address>
         <run_address>0xed0c</run_address>
         <size>0x2c</size>
         <input_file_ref idref="fl-55"/>
      </object_component>
      <object_component id="oc-21a">
         <name>.text:i2c_write</name>
         <load_address>0xed38</load_address>
         <run_address>0xed38</run_address>
         <size>0x26</size>
         <input_file_ref idref="fl-5"/>
      </object_component>
      <object_component id="oc-371">
         <name>.text</name>
         <load_address>0xed5e</load_address>
         <run_address>0xed5e</run_address>
         <size>0x26</size>
         <input_file_ref idref="fl-3a"/>
      </object_component>
      <object_component id="oc-2a3">
         <name>.text</name>
         <load_address>0xed84</load_address>
         <run_address>0xed84</run_address>
         <size>0x24</size>
         <input_file_ref idref="fl-2b"/>
      </object_component>
      <object_component id="oc-3ea">
         <name>.text:__mpyul</name>
         <load_address>0xeda8</load_address>
         <run_address>0xeda8</run_address>
         <size>0x22</size>
         <input_file_ref idref="fl-5e"/>
      </object_component>
      <object_component id="oc-146">
         <name>.text:sel_led</name>
         <load_address>0xedca</load_address>
         <run_address>0xedca</run_address>
         <size>0x20</size>
         <input_file_ref idref="fl-4"/>
      </object_component>
      <object_component id="oc-3be">
         <name>.text:__mpyull</name>
         <load_address>0xedea</load_address>
         <run_address>0xedea</run_address>
         <size>0x1e</size>
         <input_file_ref idref="fl-5c"/>
      </object_component>
      <object_component id="oc-ff">
         <name>.text:_c_int00_noargs</name>
         <load_address>0xee08</load_address>
         <run_address>0xee08</run_address>
         <size>0x1c</size>
         <input_file_ref idref="fl-3b"/>
      </object_component>
      <object_component id="oc-20c">
         <name>.text:ssd1306_command</name>
         <load_address>0xee24</load_address>
         <run_address>0xee24</run_address>
         <size>0x1a</size>
         <input_file_ref idref="fl-6"/>
      </object_component>
      <object_component id="oc-19f">
         <name>.text:register_settings_for_ADC10</name>
         <load_address>0xee3e</load_address>
         <run_address>0xee3e</run_address>
         <size>0x18</size>
         <input_file_ref idref="fl-2"/>
      </object_component>
      <object_component id="oc-227">
         <name>.text:start_sampling</name>
         <load_address>0xee56</load_address>
         <run_address>0xee56</run_address>
         <size>0x18</size>
         <input_file_ref idref="fl-2"/>
      </object_component>
      <object_component id="oc-ed">
         <name>.text:decompress:ZI:__TI_zero_init_nomemset:__TI_zero_init_nomemset</name>
         <load_address>0xee6e</load_address>
         <run_address>0xee6e</run_address>
         <size>0x14</size>
         <input_file_ref idref="fl-3d"/>
      </object_component>
      <object_component id="oc-312">
         <name>.text</name>
         <load_address>0xee82</load_address>
         <run_address>0xee82</run_address>
         <size>0x14</size>
         <input_file_ref idref="fl-39"/>
      </object_component>
      <object_component id="oc-3a">
         <name>.text:decompress:none:__TI_decompress_none</name>
         <load_address>0xee96</load_address>
         <run_address>0xee96</run_address>
         <size>0x12</size>
         <input_file_ref idref="fl-43"/>
      </object_component>
      <object_component id="oc-cf">
         <name>.text:memcpy</name>
         <load_address>0xeea8</load_address>
         <run_address>0xeea8</run_address>
         <size>0x12</size>
         <input_file_ref idref="fl-51"/>
      </object_component>
      <object_component id="oc-bf">
         <name>.text</name>
         <load_address>0xeeba</load_address>
         <run_address>0xeeba</run_address>
         <size>0x10</size>
         <input_file_ref idref="fl-25"/>
      </object_component>
      <object_component id="oc-3dc">
         <name>.text:strlen</name>
         <load_address>0xeeca</load_address>
         <run_address>0xeeca</run_address>
         <size>0xe</size>
         <input_file_ref idref="fl-52"/>
      </object_component>
      <object_component id="oc-dc">
         <name>.text:_isr:__TI_ISR_TRAP</name>
         <load_address>0xeed8</load_address>
         <run_address>0xeed8</run_address>
         <size>0x8</size>
         <input_file_ref idref="fl-37"/>
      </object_component>
      <object_component id="oc-1c4">
         <name>.text:abort</name>
         <load_address>0xeee0</load_address>
         <run_address>0xeee0</run_address>
         <size>0x6</size>
         <input_file_ref idref="fl-4e"/>
      </object_component>
      <object_component id="oc-15e">
         <name>.text:_system_pre_init</name>
         <load_address>0xeee6</load_address>
         <run_address>0xeee6</run_address>
         <size>0x4</size>
         <input_file_ref idref="fl-41"/>
      </object_component>
      <object_component id="oc-26e">
         <name>.text:_system_post_cinit</name>
         <load_address>0xeeea</load_address>
         <run_address>0xeeea</run_address>
         <size>0x2</size>
         <input_file_ref idref="fl-42"/>
      </object_component>
      <object_component id="oc-43b">
         <name>.cinit..data.load</name>
         <load_address>0xf4da</load_address>
         <run_address>0xf4da</run_address>
         <size>0x8</size>
      </object_component>
      <object_component id="oc-438">
         <name>__TI_handler_table</name>
         <load_address>0xf4e2</load_address>
         <run_address>0xf4e2</run_address>
         <size>0x6</size>
      </object_component>
      <object_component id="oc-43a">
         <name>.cinit..bss.load</name>
         <load_address>0xf4e8</load_address>
         <run_address>0xf4e8</run_address>
         <size>0x4</size>
      </object_component>
      <object_component id="oc-439">
         <name>__TI_cinit_table</name>
         <load_address>0xf4ec</load_address>
         <run_address>0xf4ec</run_address>
         <size>0x8</size>
      </object_component>
      <object_component id="oc-31e">
         <name>.const:font_2_wide</name>
         <load_address>0xeeec</load_address>
         <run_address>0xeeec</run_address>
         <size>0x2a0</size>
         <input_file_ref idref="fl-6"/>
      </object_component>
      <object_component id="oc-2ed">
         <name>.const:font_5x7</name>
         <load_address>0xf18c</load_address>
         <run_address>0xf18c</run_address>
         <size>0x1e0</size>
         <input_file_ref idref="fl-6"/>
      </object_component>
      <object_component id="oc-322">
         <name>.const:font_matra</name>
         <load_address>0xf36c</load_address>
         <run_address>0xf36c</run_address>
         <size>0x120</size>
         <input_file_ref idref="fl-6"/>
      </object_component>
      <object_component id="oc-253">
         <name>.const:.string</name>
         <load_address>0xf48c</load_address>
         <run_address>0xf48c</run_address>
         <size>0x42</size>
         <input_file_ref idref="fl-4"/>
      </object_component>
      <object_component id="oc-2e9">
         <name>.const:.string:HcenterUL</name>
         <load_address>0xf4ce</load_address>
         <run_address>0xf4ce</run_address>
         <size>0xb</size>
         <input_file_ref idref="fl-6"/>
      </object_component>
      <object_component id="oc-3fa">
         <name>.binit</name>
         <load_address>0xc000</load_address>
         <run_address>0xc000</run_address>
         <size>0x0</size>
      </object_component>
      <object_component id="oc-40">
         <name>.int00</name>
         <load_address>0xffe0</load_address>
         <run_address>0xffe0</run_address>
         <size>0x2</size>
         <input_file_ref idref="fl-2c"/>
      </object_component>
      <object_component id="oc-41">
         <name>.int02</name>
         <load_address>0xffe4</load_address>
         <run_address>0xffe4</run_address>
         <size>0x2</size>
         <input_file_ref idref="fl-2d"/>
      </object_component>
      <object_component id="oc-42">
         <name>.int03</name>
         <load_address>0xffe6</load_address>
         <run_address>0xffe6</run_address>
         <size>0x2</size>
         <input_file_ref idref="fl-4"/>
      </object_component>
      <object_component id="oc-43">
         <name>.int05</name>
         <load_address>0xffea</load_address>
         <run_address>0xffea</run_address>
         <size>0x2</size>
         <input_file_ref idref="fl-2e"/>
      </object_component>
      <object_component id="oc-44">
         <name>.int06</name>
         <load_address>0xffec</load_address>
         <run_address>0xffec</run_address>
         <size>0x2</size>
         <input_file_ref idref="fl-5"/>
      </object_component>
      <object_component id="oc-45">
         <name>.int07</name>
         <load_address>0xffee</load_address>
         <run_address>0xffee</run_address>
         <size>0x2</size>
         <input_file_ref idref="fl-2f"/>
      </object_component>
      <object_component id="oc-46">
         <name>.int08</name>
         <load_address>0xfff0</load_address>
         <run_address>0xfff0</run_address>
         <size>0x2</size>
         <input_file_ref idref="fl-30"/>
      </object_component>
      <object_component id="oc-47">
         <name>.int09</name>
         <load_address>0xfff2</load_address>
         <run_address>0xfff2</run_address>
         <size>0x2</size>
         <input_file_ref idref="fl-31"/>
      </object_component>
      <object_component id="oc-48">
         <name>.int10</name>
         <load_address>0xfff4</load_address>
         <run_address>0xfff4</run_address>
         <size>0x2</size>
         <input_file_ref idref="fl-32"/>
      </object_component>
      <object_component id="oc-49">
         <name>.int11</name>
         <load_address>0xfff6</load_address>
         <run_address>0xfff6</run_address>
         <size>0x2</size>
         <input_file_ref idref="fl-33"/>
      </object_component>
      <object_component id="oc-4a">
         <name>.int12</name>
         <load_address>0xfff8</load_address>
         <run_address>0xfff8</run_address>
         <size>0x2</size>
         <input_file_ref idref="fl-34"/>
      </object_component>
      <object_component id="oc-4b">
         <name>.int13</name>
         <load_address>0xfffa</load_address>
         <run_address>0xfffa</run_address>
         <size>0x2</size>
         <input_file_ref idref="fl-35"/>
      </object_component>
      <object_component id="oc-4c">
         <name>.int14</name>
         <load_address>0xfffc</load_address>
         <run_address>0xfffc</run_address>
         <size>0x2</size>
         <input_file_ref idref="fl-36"/>
      </object_component>
      <object_component id="oc-b4">
         <name>.reset</name>
         <load_address>0xfffe</load_address>
         <run_address>0xfffe</run_address>
         <size>0x2</size>
         <input_file_ref idref="fl-3b"/>
      </object_component>
      <object_component id="oc-208">
         <name>.debug_info</name>
         <load_address>0x0</load_address>
         <run_address>0x0</run_address>
         <size>0x221</size>
         <input_file_ref idref="fl-2"/>
      </object_component>
      <object_component id="oc-229">
         <name>.debug_info</name>
         <load_address>0x221</load_address>
         <run_address>0x221</run_address>
         <size>0x120</size>
         <input_file_ref idref="fl-2"/>
      </object_component>
      <object_component id="oc-1a0">
         <name>.debug_info</name>
         <load_address>0x341</load_address>
         <run_address>0x341</run_address>
         <size>0x13a</size>
         <input_file_ref idref="fl-2"/>
      </object_component>
      <object_component id="oc-2d7">
         <name>.debug_info</name>
         <load_address>0x47b</load_address>
         <run_address>0x47b</run_address>
         <size>0x1f5</size>
         <input_file_ref idref="fl-2"/>
      </object_component>
      <object_component id="oc-22f">
         <name>.debug_info</name>
         <load_address>0x670</load_address>
         <run_address>0x670</run_address>
         <size>0x2ef</size>
         <input_file_ref idref="fl-2"/>
      </object_component>
      <object_component id="oc-249">
         <name>.debug_info</name>
         <load_address>0x95f</load_address>
         <run_address>0x95f</run_address>
         <size>0x126</size>
         <input_file_ref idref="fl-2"/>
      </object_component>
      <object_component id="oc-193">
         <name>.debug_info</name>
         <load_address>0xa85</load_address>
         <run_address>0xa85</run_address>
         <size>0x26b</size>
         <input_file_ref idref="fl-2"/>
      </object_component>
      <object_component id="oc-ca">
         <name>.debug_info</name>
         <load_address>0xcf0</load_address>
         <run_address>0xcf0</run_address>
         <size>0x84</size>
         <input_file_ref idref="fl-2"/>
      </object_component>
      <object_component id="oc-203">
         <name>.debug_info</name>
         <load_address>0xd74</load_address>
         <run_address>0xd74</run_address>
         <size>0x282</size>
         <input_file_ref idref="fl-2"/>
      </object_component>
      <object_component id="oc-18b">
         <name>.debug_info</name>
         <load_address>0xff6</load_address>
         <run_address>0xff6</run_address>
         <size>0xbb</size>
         <input_file_ref idref="fl-2"/>
      </object_component>
      <object_component id="oc-14e">
         <name>.debug_info</name>
         <load_address>0x10b1</load_address>
         <run_address>0x10b1</run_address>
         <size>0x585</size>
         <input_file_ref idref="fl-4"/>
      </object_component>
      <object_component id="oc-144">
         <name>.debug_info</name>
         <load_address>0x1636</load_address>
         <run_address>0x1636</run_address>
         <size>0x11d</size>
         <input_file_ref idref="fl-4"/>
      </object_component>
      <object_component id="oc-147">
         <name>.debug_info</name>
         <load_address>0x1753</load_address>
         <run_address>0x1753</run_address>
         <size>0x151</size>
         <input_file_ref idref="fl-4"/>
      </object_component>
      <object_component id="oc-222">
         <name>.debug_info</name>
         <load_address>0x18a4</load_address>
         <run_address>0x18a4</run_address>
         <size>0x3d7</size>
         <input_file_ref idref="fl-4"/>
      </object_component>
      <object_component id="oc-1c0">
         <name>.debug_info</name>
         <load_address>0x1c7b</load_address>
         <run_address>0x1c7b</run_address>
         <size>0x1fb</size>
         <input_file_ref idref="fl-4"/>
      </object_component>
      <object_component id="oc-1ba">
         <name>.debug_info</name>
         <load_address>0x1e76</load_address>
         <run_address>0x1e76</run_address>
         <size>0x30d</size>
         <input_file_ref idref="fl-4"/>
      </object_component>
      <object_component id="oc-166">
         <name>.debug_info</name>
         <load_address>0x2183</load_address>
         <run_address>0x2183</run_address>
         <size>0x1ad</size>
         <input_file_ref idref="fl-4"/>
      </object_component>
      <object_component id="oc-e4">
         <name>.debug_info</name>
         <load_address>0x2330</load_address>
         <run_address>0x2330</run_address>
         <size>0x134</size>
         <input_file_ref idref="fl-4"/>
      </object_component>
      <object_component id="oc-150">
         <name>.debug_info</name>
         <load_address>0x2464</load_address>
         <run_address>0x2464</run_address>
         <size>0x307</size>
         <input_file_ref idref="fl-5"/>
      </object_component>
      <object_component id="oc-21d">
         <name>.debug_info</name>
         <load_address>0x276b</load_address>
         <run_address>0x276b</run_address>
         <size>0x1ac</size>
         <input_file_ref idref="fl-5"/>
      </object_component>
      <object_component id="oc-1a6">
         <name>.debug_info</name>
         <load_address>0x2917</load_address>
         <run_address>0x2917</run_address>
         <size>0xfc</size>
         <input_file_ref idref="fl-5"/>
      </object_component>
      <object_component id="oc-e8">
         <name>.debug_info</name>
         <load_address>0x2a13</load_address>
         <run_address>0x2a13</run_address>
         <size>0x107</size>
         <input_file_ref idref="fl-5"/>
      </object_component>
      <object_component id="oc-152">
         <name>.debug_info</name>
         <load_address>0x2b1a</load_address>
         <run_address>0x2b1a</run_address>
         <size>0x295</size>
         <input_file_ref idref="fl-6"/>
      </object_component>
      <object_component id="oc-31f">
         <name>.debug_info</name>
         <load_address>0x2daf</load_address>
         <run_address>0x2daf</run_address>
         <size>0xde</size>
         <input_file_ref idref="fl-6"/>
      </object_component>
      <object_component id="oc-323">
         <name>.debug_info</name>
         <load_address>0x2e8d</load_address>
         <run_address>0x2e8d</run_address>
         <size>0xdc</size>
         <input_file_ref idref="fl-6"/>
      </object_component>
      <object_component id="oc-2ee">
         <name>.debug_info</name>
         <load_address>0x2f69</load_address>
         <run_address>0x2f69</run_address>
         <size>0xd8</size>
         <input_file_ref idref="fl-6"/>
      </object_component>
      <object_component id="oc-2ea">
         <name>.debug_info</name>
         <load_address>0x3041</load_address>
         <run_address>0x3041</run_address>
         <size>0xda</size>
         <input_file_ref idref="fl-6"/>
      </object_component>
      <object_component id="oc-382">
         <name>.debug_info</name>
         <load_address>0x311b</load_address>
         <run_address>0x311b</run_address>
         <size>0x14d</size>
         <input_file_ref idref="fl-6"/>
      </object_component>
      <object_component id="oc-2de">
         <name>.debug_info</name>
         <load_address>0x3268</load_address>
         <run_address>0x3268</run_address>
         <size>0x19b</size>
         <input_file_ref idref="fl-6"/>
      </object_component>
      <object_component id="oc-20d">
         <name>.debug_info</name>
         <load_address>0x3403</load_address>
         <run_address>0x3403</run_address>
         <size>0x154</size>
         <input_file_ref idref="fl-6"/>
      </object_component>
      <object_component id="oc-214">
         <name>.debug_info</name>
         <load_address>0x3557</load_address>
         <run_address>0x3557</run_address>
         <size>0x1ee</size>
         <input_file_ref idref="fl-6"/>
      </object_component>
      <object_component id="oc-255">
         <name>.debug_info</name>
         <load_address>0x3745</load_address>
         <run_address>0x3745</run_address>
         <size>0x1c7</size>
         <input_file_ref idref="fl-6"/>
      </object_component>
      <object_component id="oc-2e4">
         <name>.debug_info</name>
         <load_address>0x390c</load_address>
         <run_address>0x390c</run_address>
         <size>0x121</size>
         <input_file_ref idref="fl-6"/>
      </object_component>
      <object_component id="oc-24e">
         <name>.debug_info</name>
         <load_address>0x3a2d</load_address>
         <run_address>0x3a2d</run_address>
         <size>0x1f1</size>
         <input_file_ref idref="fl-6"/>
      </object_component>
      <object_component id="oc-29b">
         <name>.debug_info</name>
         <load_address>0x3c1e</load_address>
         <run_address>0x3c1e</run_address>
         <size>0x1b2</size>
         <input_file_ref idref="fl-6"/>
      </object_component>
      <object_component id="oc-295">
         <name>.debug_info</name>
         <load_address>0x3dd0</load_address>
         <run_address>0x3dd0</run_address>
         <size>0x1a5</size>
         <input_file_ref idref="fl-6"/>
      </object_component>
      <object_component id="oc-1ac">
         <name>.debug_info</name>
         <load_address>0x3f75</load_address>
         <run_address>0x3f75</run_address>
         <size>0x34c</size>
         <input_file_ref idref="fl-6"/>
      </object_component>
      <object_component id="oc-1b2">
         <name>.debug_info</name>
         <load_address>0x42c1</load_address>
         <run_address>0x42c1</run_address>
         <size>0x160</size>
         <input_file_ref idref="fl-6"/>
      </object_component>
      <object_component id="oc-136">
         <name>.debug_info</name>
         <load_address>0x4421</load_address>
         <run_address>0x4421</run_address>
         <size>0x2c</size>
         <input_file_ref idref="fl-6"/>
      </object_component>
      <object_component id="oc-2c9">
         <name>.debug_info</name>
         <load_address>0x444d</load_address>
         <run_address>0x444d</run_address>
         <size>0x7aa</size>
         <input_file_ref idref="fl-21"/>
      </object_component>
      <object_component id="oc-3d4">
         <name>.debug_info</name>
         <load_address>0x4bf7</load_address>
         <run_address>0x4bf7</run_address>
         <size>0x46</size>
         <input_file_ref idref="fl-21"/>
      </object_component>
      <object_component id="oc-36b">
         <name>.debug_info</name>
         <load_address>0x4c3d</load_address>
         <run_address>0x4c3d</run_address>
         <size>0x39</size>
         <input_file_ref idref="fl-21"/>
      </object_component>
      <object_component id="oc-329">
         <name>.debug_info</name>
         <load_address>0x4c76</load_address>
         <run_address>0x4c76</run_address>
         <size>0x120</size>
         <input_file_ref idref="fl-22"/>
      </object_component>
      <object_component id="oc-377">
         <name>.debug_info</name>
         <load_address>0x4d96</load_address>
         <run_address>0x4d96</run_address>
         <size>0x138</size>
         <input_file_ref idref="fl-23"/>
      </object_component>
      <object_component id="oc-37e">
         <name>.debug_info</name>
         <load_address>0x4ece</load_address>
         <run_address>0x4ece</run_address>
         <size>0x123</size>
         <input_file_ref idref="fl-24"/>
      </object_component>
      <object_component id="oc-c2">
         <name>.debug_info</name>
         <load_address>0x4ff1</load_address>
         <run_address>0x4ff1</run_address>
         <size>0x12e</size>
         <input_file_ref idref="fl-25"/>
      </object_component>
      <object_component id="oc-23e">
         <name>.debug_info</name>
         <load_address>0x511f</load_address>
         <run_address>0x511f</run_address>
         <size>0x121</size>
         <input_file_ref idref="fl-26"/>
      </object_component>
      <object_component id="oc-2cf">
         <name>.debug_info</name>
         <load_address>0x5240</load_address>
         <run_address>0x5240</run_address>
         <size>0x121</size>
         <input_file_ref idref="fl-27"/>
      </object_component>
      <object_component id="oc-239">
         <name>.debug_info</name>
         <load_address>0x5361</load_address>
         <run_address>0x5361</run_address>
         <size>0x12a</size>
         <input_file_ref idref="fl-28"/>
      </object_component>
      <object_component id="oc-243">
         <name>.debug_info</name>
         <load_address>0x548b</load_address>
         <run_address>0x548b</run_address>
         <size>0x121</size>
         <input_file_ref idref="fl-29"/>
      </object_component>
      <object_component id="oc-234">
         <name>.debug_info</name>
         <load_address>0x55ac</load_address>
         <run_address>0x55ac</run_address>
         <size>0x135</size>
         <input_file_ref idref="fl-2a"/>
      </object_component>
      <object_component id="oc-2a4">
         <name>.debug_info</name>
         <load_address>0x56e1</load_address>
         <run_address>0x56e1</run_address>
         <size>0x124</size>
         <input_file_ref idref="fl-2b"/>
      </object_component>
      <object_component id="oc-de">
         <name>.debug_info</name>
         <load_address>0x5805</load_address>
         <run_address>0x5805</run_address>
         <size>0x10f</size>
         <input_file_ref idref="fl-37"/>
      </object_component>
      <object_component id="oc-bb">
         <name>.debug_info</name>
         <load_address>0x5914</load_address>
         <run_address>0x5914</run_address>
         <size>0x120</size>
         <input_file_ref idref="fl-38"/>
      </object_component>
      <object_component id="oc-315">
         <name>.debug_info</name>
         <load_address>0x5a34</load_address>
         <run_address>0x5a34</run_address>
         <size>0x121</size>
         <input_file_ref idref="fl-39"/>
      </object_component>
      <object_component id="oc-373">
         <name>.debug_info</name>
         <load_address>0x5b55</load_address>
         <run_address>0x5b55</run_address>
         <size>0x121</size>
         <input_file_ref idref="fl-3a"/>
      </object_component>
      <object_component id="oc-b2">
         <name>.debug_info</name>
         <load_address>0x5c76</load_address>
         <run_address>0x5c76</run_address>
         <size>0x100</size>
         <input_file_ref idref="fl-3b"/>
      </object_component>
      <object_component id="oc-101">
         <name>.debug_info</name>
         <load_address>0x5d76</load_address>
         <run_address>0x5d76</run_address>
         <size>0x17a</size>
         <input_file_ref idref="fl-3b"/>
      </object_component>
      <object_component id="oc-275">
         <name>.debug_info</name>
         <load_address>0x5ef0</load_address>
         <run_address>0x5ef0</run_address>
         <size>0x3de</size>
         <input_file_ref idref="fl-3c"/>
      </object_component>
      <object_component id="oc-1d1">
         <name>.debug_info</name>
         <load_address>0x62ce</load_address>
         <run_address>0x62ce</run_address>
         <size>0x1e0</size>
         <input_file_ref idref="fl-3c"/>
      </object_component>
      <object_component id="oc-308">
         <name>.debug_info</name>
         <load_address>0x64ae</load_address>
         <run_address>0x64ae</run_address>
         <size>0x39</size>
         <input_file_ref idref="fl-3c"/>
      </object_component>
      <object_component id="oc-319">
         <name>.debug_info</name>
         <load_address>0x64e7</load_address>
         <run_address>0x64e7</run_address>
         <size>0x2c</size>
         <input_file_ref idref="fl-3c"/>
      </object_component>
      <object_component id="oc-280">
         <name>.debug_info</name>
         <load_address>0x6513</load_address>
         <run_address>0x6513</run_address>
         <size>0x2c</size>
         <input_file_ref idref="fl-3c"/>
      </object_component>
      <object_component id="oc-30d">
         <name>.debug_info</name>
         <load_address>0x653f</load_address>
         <run_address>0x653f</run_address>
         <size>0xcd</size>
         <input_file_ref idref="fl-3c"/>
      </object_component>
      <object_component id="oc-15c">
         <name>.debug_info</name>
         <load_address>0x660c</load_address>
         <run_address>0x660c</run_address>
         <size>0x175</size>
         <input_file_ref idref="fl-3d"/>
      </object_component>
      <object_component id="oc-ee">
         <name>.debug_info</name>
         <load_address>0x6781</load_address>
         <run_address>0x6781</run_address>
         <size>0x1d2</size>
         <input_file_ref idref="fl-3d"/>
      </object_component>
      <object_component id="oc-157">
         <name>.debug_info</name>
         <load_address>0x6953</load_address>
         <run_address>0x6953</run_address>
         <size>0x46</size>
         <input_file_ref idref="fl-3d"/>
      </object_component>
      <object_component id="oc-3c7">
         <name>.debug_info</name>
         <load_address>0x6999</load_address>
         <run_address>0x6999</run_address>
         <size>0x193</size>
         <input_file_ref idref="fl-40"/>
      </object_component>
      <object_component id="oc-161">
         <name>.debug_info</name>
         <load_address>0x6b2c</load_address>
         <run_address>0x6b2c</run_address>
         <size>0x153</size>
         <input_file_ref idref="fl-41"/>
      </object_component>
      <object_component id="oc-270">
         <name>.debug_info</name>
         <load_address>0x6c7f</load_address>
         <run_address>0x6c7f</run_address>
         <size>0x150</size>
         <input_file_ref idref="fl-42"/>
      </object_component>
      <object_component id="oc-db">
         <name>.debug_info</name>
         <load_address>0x6dcf</load_address>
         <run_address>0x6dcf</run_address>
         <size>0x180</size>
         <input_file_ref idref="fl-43"/>
      </object_component>
      <object_component id="oc-3b">
         <name>.debug_info</name>
         <load_address>0x6f4f</load_address>
         <run_address>0x6f4f</run_address>
         <size>0x1ea</size>
         <input_file_ref idref="fl-43"/>
      </object_component>
      <object_component id="oc-d6">
         <name>.debug_info</name>
         <load_address>0x7139</load_address>
         <run_address>0x7139</run_address>
         <size>0x46</size>
         <input_file_ref idref="fl-43"/>
      </object_component>
      <object_component id="oc-13b">
         <name>.debug_info</name>
         <load_address>0x717f</load_address>
         <run_address>0x717f</run_address>
         <size>0x2c</size>
         <input_file_ref idref="fl-43"/>
      </object_component>
      <object_component id="oc-133">
         <name>.debug_info</name>
         <load_address>0x71ab</load_address>
         <run_address>0x71ab</run_address>
         <size>0x176</size>
         <input_file_ref idref="fl-44"/>
      </object_component>
      <object_component id="oc-35">
         <name>.debug_info</name>
         <load_address>0x7321</load_address>
         <run_address>0x7321</run_address>
         <size>0x292</size>
         <input_file_ref idref="fl-44"/>
      </object_component>
      <object_component id="oc-c5">
         <name>.debug_info</name>
         <load_address>0x75b3</load_address>
         <run_address>0x75b3</run_address>
         <size>0x60</size>
         <input_file_ref idref="fl-44"/>
      </object_component>
      <object_component id="oc-180">
         <name>.debug_info</name>
         <load_address>0x7613</load_address>
         <run_address>0x7613</run_address>
         <size>0x46</size>
         <input_file_ref idref="fl-44"/>
      </object_component>
      <object_component id="oc-12e">
         <name>.debug_info</name>
         <load_address>0x7659</load_address>
         <run_address>0x7659</run_address>
         <size>0x39</size>
         <input_file_ref idref="fl-44"/>
      </object_component>
      <object_component id="oc-3b8">
         <name>.debug_info</name>
         <load_address>0x7692</load_address>
         <run_address>0x7692</run_address>
         <size>0x164</size>
         <input_file_ref idref="fl-45"/>
      </object_component>
      <object_component id="oc-347">
         <name>.debug_info</name>
         <load_address>0x77f6</load_address>
         <run_address>0x77f6</run_address>
         <size>0x35e</size>
         <input_file_ref idref="fl-45"/>
      </object_component>
      <object_component id="oc-365">
         <name>.debug_info</name>
         <load_address>0x7b54</load_address>
         <run_address>0x7b54</run_address>
         <size>0x1af</size>
         <input_file_ref idref="fl-46"/>
      </object_component>
      <object_component id="oc-33f">
         <name>.debug_info</name>
         <load_address>0x7d03</load_address>
         <run_address>0x7d03</run_address>
         <size>0x94</size>
         <input_file_ref idref="fl-46"/>
      </object_component>
      <object_component id="oc-332">
         <name>.debug_info</name>
         <load_address>0x7d97</load_address>
         <run_address>0x7d97</run_address>
         <size>0x165</size>
         <input_file_ref idref="fl-47"/>
      </object_component>
      <object_component id="oc-2a9">
         <name>.debug_info</name>
         <load_address>0x7efc</load_address>
         <run_address>0x7efc</run_address>
         <size>0x1d4</size>
         <input_file_ref idref="fl-47"/>
      </object_component>
      <object_component id="oc-333">
         <name>.debug_info</name>
         <load_address>0x80d0</load_address>
         <run_address>0x80d0</run_address>
         <size>0xdb</size>
         <input_file_ref idref="fl-47"/>
      </object_component>
      <object_component id="oc-344">
         <name>.debug_info</name>
         <load_address>0x81ab</load_address>
         <run_address>0x81ab</run_address>
         <size>0x1a2</size>
         <input_file_ref idref="fl-48"/>
      </object_component>
      <object_component id="oc-2b1">
         <name>.debug_info</name>
         <load_address>0x834d</load_address>
         <run_address>0x834d</run_address>
         <size>0x28a</size>
         <input_file_ref idref="fl-48"/>
      </object_component>
      <object_component id="oc-3d2">
         <name>.debug_info</name>
         <load_address>0x85d7</load_address>
         <run_address>0x85d7</run_address>
         <size>0x16b</size>
         <input_file_ref idref="fl-49"/>
      </object_component>
      <object_component id="oc-360">
         <name>.debug_info</name>
         <load_address>0x8742</load_address>
         <run_address>0x8742</run_address>
         <size>0x21b</size>
         <input_file_ref idref="fl-49"/>
      </object_component>
      <object_component id="oc-3a8">
         <name>.debug_info</name>
         <load_address>0x895d</load_address>
         <run_address>0x895d</run_address>
         <size>0x172</size>
         <input_file_ref idref="fl-4a"/>
      </object_component>
      <object_component id="oc-339">
         <name>.debug_info</name>
         <load_address>0x8acf</load_address>
         <run_address>0x8acf</run_address>
         <size>0x5cf</size>
         <input_file_ref idref="fl-4a"/>
      </object_component>
      <object_component id="oc-353">
         <name>.debug_info</name>
         <load_address>0x909e</load_address>
         <run_address>0x909e</run_address>
         <size>0x197</size>
         <input_file_ref idref="fl-4b"/>
      </object_component>
      <object_component id="oc-2bb">
         <name>.debug_info</name>
         <load_address>0x9235</load_address>
         <run_address>0x9235</run_address>
         <size>0x2d2</size>
         <input_file_ref idref="fl-4b"/>
      </object_component>
      <object_component id="oc-2b5">
         <name>.debug_info</name>
         <load_address>0x9507</load_address>
         <run_address>0x9507</run_address>
         <size>0x18d</size>
         <input_file_ref idref="fl-4c"/>
      </object_component>
      <object_component id="oc-35a">
         <name>.debug_info</name>
         <load_address>0x9694</load_address>
         <run_address>0x9694</run_address>
         <size>0x165</size>
         <input_file_ref idref="fl-4d"/>
      </object_component>
      <object_component id="oc-2c1">
         <name>.debug_info</name>
         <load_address>0x97f9</load_address>
         <run_address>0x97f9</run_address>
         <size>0x208</size>
         <input_file_ref idref="fl-4d"/>
      </object_component>
      <object_component id="oc-1c5">
         <name>.debug_info</name>
         <load_address>0x9a01</load_address>
         <run_address>0x9a01</run_address>
         <size>0x122</size>
         <input_file_ref idref="fl-4e"/>
      </object_component>
      <object_component id="oc-135">
         <name>.debug_info</name>
         <load_address>0x9b23</load_address>
         <run_address>0x9b23</run_address>
         <size>0x181</size>
         <input_file_ref idref="fl-51"/>
      </object_component>
      <object_component id="oc-d0">
         <name>.debug_info</name>
         <load_address>0x9ca4</load_address>
         <run_address>0x9ca4</run_address>
         <size>0x17a</size>
         <input_file_ref idref="fl-51"/>
      </object_component>
      <object_component id="oc-3f5">
         <name>.debug_info</name>
         <load_address>0x9e1e</load_address>
         <run_address>0x9e1e</run_address>
         <size>0x162</size>
         <input_file_ref idref="fl-52"/>
      </object_component>
      <object_component id="oc-3df">
         <name>.debug_info</name>
         <load_address>0x9f80</load_address>
         <run_address>0x9f80</run_address>
         <size>0x230</size>
         <input_file_ref idref="fl-52"/>
      </object_component>
      <object_component id="oc-35c">
         <name>.debug_info</name>
         <load_address>0xa1b0</load_address>
         <run_address>0xa1b0</run_address>
         <size>0xfe</size>
         <input_file_ref idref="fl-53"/>
      </object_component>
      <object_component id="oc-32e">
         <name>.debug_info</name>
         <load_address>0xa2ae</load_address>
         <run_address>0xa2ae</run_address>
         <size>0x126</size>
         <input_file_ref idref="fl-54"/>
      </object_component>
      <object_component id="oc-b7">
         <name>.debug_info</name>
         <load_address>0xa3d4</load_address>
         <run_address>0xa3d4</run_address>
         <size>0x120</size>
         <input_file_ref idref="fl-55"/>
      </object_component>
      <object_component id="oc-356">
         <name>.debug_info</name>
         <load_address>0xa4f4</load_address>
         <run_address>0xa4f4</run_address>
         <size>0x126</size>
         <input_file_ref idref="fl-56"/>
      </object_component>
      <object_component id="oc-3a5">
         <name>.debug_info</name>
         <load_address>0xa61a</load_address>
         <run_address>0xa61a</run_address>
         <size>0x126</size>
         <input_file_ref idref="fl-57"/>
      </object_component>
      <object_component id="oc-3ac">
         <name>.debug_info</name>
         <load_address>0xa740</load_address>
         <run_address>0xa740</run_address>
         <size>0x193</size>
         <input_file_ref idref="fl-59"/>
      </object_component>
      <object_component id="oc-3b2">
         <name>.debug_info</name>
         <load_address>0xa8d3</load_address>
         <run_address>0xa8d3</run_address>
         <size>0x193</size>
         <input_file_ref idref="fl-5a"/>
      </object_component>
      <object_component id="oc-34e">
         <name>.debug_info</name>
         <load_address>0xaa66</load_address>
         <run_address>0xaa66</run_address>
         <size>0x239</size>
         <input_file_ref idref="fl-5b"/>
      </object_component>
      <object_component id="oc-3c0">
         <name>.debug_info</name>
         <load_address>0xac9f</load_address>
         <run_address>0xac9f</run_address>
         <size>0x139</size>
         <input_file_ref idref="fl-5c"/>
      </object_component>
      <object_component id="oc-3bb">
         <name>.debug_info</name>
         <load_address>0xadd8</load_address>
         <run_address>0xadd8</run_address>
         <size>0x20b</size>
         <input_file_ref idref="fl-5d"/>
      </object_component>
      <object_component id="oc-3eb">
         <name>.debug_info</name>
         <load_address>0xafe3</load_address>
         <run_address>0xafe3</run_address>
         <size>0x125</size>
         <input_file_ref idref="fl-5e"/>
      </object_component>
      <object_component id="oc-43d">
         <name>.debug_info</name>
         <load_address>0xb108</load_address>
         <run_address>0xb108</run_address>
         <size>0xa4</size>
      </object_component>
      <object_component id="oc-290">
         <name>.debug_line</name>
         <load_address>0x0</load_address>
         <run_address>0x0</run_address>
         <size>0xbb</size>
         <input_file_ref idref="fl-2"/>
      </object_component>
      <object_component id="oc-228">
         <name>.debug_line</name>
         <load_address>0xbb</load_address>
         <run_address>0xbb</run_address>
         <size>0x4a</size>
         <input_file_ref idref="fl-2"/>
      </object_component>
      <object_component id="oc-1a3">
         <name>.debug_line</name>
         <load_address>0x105</load_address>
         <run_address>0x105</run_address>
         <size>0x4a</size>
         <input_file_ref idref="fl-2"/>
      </object_component>
      <object_component id="oc-2da">
         <name>.debug_line</name>
         <load_address>0x14f</load_address>
         <run_address>0x14f</run_address>
         <size>0x47</size>
         <input_file_ref idref="fl-2"/>
      </object_component>
      <object_component id="oc-22e">
         <name>.debug_line</name>
         <load_address>0x196</load_address>
         <run_address>0x196</run_address>
         <size>0x52</size>
         <input_file_ref idref="fl-2"/>
      </object_component>
      <object_component id="oc-248">
         <name>.debug_line</name>
         <load_address>0x1e8</load_address>
         <run_address>0x1e8</run_address>
         <size>0x4a</size>
         <input_file_ref idref="fl-2"/>
      </object_component>
      <object_component id="oc-196">
         <name>.debug_line</name>
         <load_address>0x232</load_address>
         <run_address>0x232</run_address>
         <size>0x72</size>
         <input_file_ref idref="fl-2"/>
      </object_component>
      <object_component id="oc-cd">
         <name>.debug_line</name>
         <load_address>0x2a4</load_address>
         <run_address>0x2a4</run_address>
         <size>0x20</size>
         <input_file_ref idref="fl-2"/>
      </object_component>
      <object_component id="oc-206">
         <name>.debug_line</name>
         <load_address>0x2c4</load_address>
         <run_address>0x2c4</run_address>
         <size>0x76</size>
         <input_file_ref idref="fl-2"/>
      </object_component>
      <object_component id="oc-18e">
         <name>.debug_line</name>
         <load_address>0x33a</load_address>
         <run_address>0x33a</run_address>
         <size>0x73</size>
         <input_file_ref idref="fl-2"/>
      </object_component>
      <object_component id="oc-192">
         <name>.debug_line</name>
         <load_address>0x3ad</load_address>
         <run_address>0x3ad</run_address>
         <size>0x8b</size>
         <input_file_ref idref="fl-4"/>
      </object_component>
      <object_component id="oc-18a">
         <name>.debug_line</name>
         <load_address>0x438</load_address>
         <run_address>0x438</run_address>
         <size>0x3b</size>
         <input_file_ref idref="fl-4"/>
      </object_component>
      <object_component id="oc-14b">
         <name>.debug_line</name>
         <load_address>0x473</load_address>
         <run_address>0x473</run_address>
         <size>0x58</size>
         <input_file_ref idref="fl-4"/>
      </object_component>
      <object_component id="oc-225">
         <name>.debug_line</name>
         <load_address>0x4cb</load_address>
         <run_address>0x4cb</run_address>
         <size>0x63</size>
         <input_file_ref idref="fl-4"/>
      </object_component>
      <object_component id="oc-1be">
         <name>.debug_line</name>
         <load_address>0x52e</load_address>
         <run_address>0x52e</run_address>
         <size>0x64</size>
         <input_file_ref idref="fl-4"/>
      </object_component>
      <object_component id="oc-1b8">
         <name>.debug_line</name>
         <load_address>0x592</load_address>
         <run_address>0x592</run_address>
         <size>0x68</size>
         <input_file_ref idref="fl-4"/>
      </object_component>
      <object_component id="oc-165">
         <name>.debug_line</name>
         <load_address>0x5fa</load_address>
         <run_address>0x5fa</run_address>
         <size>0x66</size>
         <input_file_ref idref="fl-4"/>
      </object_component>
      <object_component id="oc-e2">
         <name>.debug_line</name>
         <load_address>0x660</load_address>
         <run_address>0x660</run_address>
         <size>0x74</size>
         <input_file_ref idref="fl-4"/>
      </object_component>
      <object_component id="oc-199">
         <name>.debug_line</name>
         <load_address>0x6d4</load_address>
         <run_address>0x6d4</run_address>
         <size>0x67</size>
         <input_file_ref idref="fl-5"/>
      </object_component>
      <object_component id="oc-21b">
         <name>.debug_line</name>
         <load_address>0x73b</load_address>
         <run_address>0x73b</run_address>
         <size>0x45</size>
         <input_file_ref idref="fl-5"/>
      </object_component>
      <object_component id="oc-1a9">
         <name>.debug_line</name>
         <load_address>0x780</load_address>
         <run_address>0x780</run_address>
         <size>0x47</size>
         <input_file_ref idref="fl-5"/>
      </object_component>
      <object_component id="oc-eb">
         <name>.debug_line</name>
         <load_address>0x7c7</load_address>
         <run_address>0x7c7</run_address>
         <size>0x48</size>
         <input_file_ref idref="fl-5"/>
      </object_component>
      <object_component id="oc-19b">
         <name>.debug_line</name>
         <load_address>0x80f</load_address>
         <run_address>0x80f</run_address>
         <size>0x8a</size>
         <input_file_ref idref="fl-6"/>
      </object_component>
      <object_component id="oc-39b">
         <name>.debug_line</name>
         <load_address>0x899</load_address>
         <run_address>0x899</run_address>
         <size>0x5c</size>
         <input_file_ref idref="fl-6"/>
      </object_component>
      <object_component id="oc-39d">
         <name>.debug_line</name>
         <load_address>0x8f5</load_address>
         <run_address>0x8f5</run_address>
         <size>0x5c</size>
         <input_file_ref idref="fl-6"/>
      </object_component>
      <object_component id="oc-38c">
         <name>.debug_line</name>
         <load_address>0x951</load_address>
         <run_address>0x951</run_address>
         <size>0x31</size>
         <input_file_ref idref="fl-6"/>
      </object_component>
      <object_component id="oc-38a">
         <name>.debug_line</name>
         <load_address>0x982</load_address>
         <run_address>0x982</run_address>
         <size>0x30</size>
         <input_file_ref idref="fl-6"/>
      </object_component>
      <object_component id="oc-386">
         <name>.debug_line</name>
         <load_address>0x9b2</load_address>
         <run_address>0x9b2</run_address>
         <size>0x51</size>
[...]
      </symbol>
      <symbol id="sm-31b">
         <name>__TI_int09</name>
         <value>0xfff2</value>
         <object_component_ref idref="oc-47"/>
      </symbol>
      <symbol id="sm-31e">
         <name>__TI_int10</name>
         <value>0xfff4</value>
         <object_component_ref idref="oc-48"/>
      </symbol>
      <symbol id="sm-321">
         <name>__TI_int11</name>
         <value>0xfff6</value>
         <object_component_ref idref="oc-49"/>
      </symbol>
      <symbol id="sm-324">
         <name>__TI_int12</name>
         <value>0xfff8</value>
         <object_component_ref idref="oc-4a"/>
      </symbol>
      <symbol id="sm-327">
         <name>__TI_int13</name>
         <value>0xfffa</value>
         <object_component_ref idref="oc-4b"/>
      </symbol>
      <symbol id="sm-32a">
         <name>__TI_int14</name>
         <value>0xfffc</value>
         <object_component_ref idref="oc-4c"/>
      </symbol>
      <symbol id="sm-332">
         <name>__TI_ISR_TRAP</name>
         <value>0xeed8</value>
         <object_component_ref idref="oc-dc"/>
      </symbol>
      <symbol id="sm-33a">
         <name>__mspabi_srli_8</name>
         <value>0xe92c</value>
         <object_component_ref idref="oc-ba"/>
      </symbol>
      <symbol id="sm-33b">
         <name>__mspabi_srli_9</name>
         <value>0xe928</value>
         <object_component_ref idref="oc-ba"/>
      </symbol>
      <symbol id="sm-33c">
         <name>__mspabi_srli_6</name>
         <value>0xe934</value>
         <object_component_ref idref="oc-ba"/>
      </symbol>
      <symbol id="sm-33d">
         <name>__mspabi_srli_7</name>
         <value>0xe930</value>
         <object_component_ref idref="oc-ba"/>
      </symbol>
      <symbol id="sm-33e">
         <name>__mspabi_srli_4</name>
         <value>0xe93c</value>
         <object_component_ref idref="oc-ba"/>
      </symbol>
      <symbol id="sm-33f">
         <name>__mspabi_srli_5</name>
         <value>0xe938</value>
         <object_component_ref idref="oc-ba"/>
      </symbol>
      <symbol id="sm-340">
         <name>__mspabi_srli_2</name>
         <value>0xe944</value>
         <object_component_ref idref="oc-ba"/>
      </symbol>
      <symbol id="sm-341">
         <name>__mspabi_srli_3</name>
         <value>0xe940</value>
         <object_component_ref idref="oc-ba"/>
      </symbol>
      <symbol id="sm-342">
         <name>__mspabi_srli_1</name>
         <value>0xe948</value>
         <object_component_ref idref="oc-ba"/>
      </symbol>
      <symbol id="sm-343">
         <name>__mspabi_srli</name>
         <value>0xe902</value>
         <object_component_ref idref="oc-ba"/>
      </symbol>
      <symbol id="sm-344">
         <name>__mspabi_srli_15</name>
         <value>0xe910</value>
         <object_component_ref idref="oc-ba"/>
      </symbol>
      <symbol id="sm-345">
         <name>__mspabi_srli_14</name>
         <value>0xe914</value>
         <object_component_ref idref="oc-ba"/>
      </symbol>
      <symbol id="sm-346">
         <name>__mspabi_srli_13</name>
         <value>0xe918</value>
         <object_component_ref idref="oc-ba"/>
      </symbol>
      <symbol id="sm-347">
         <name>__mspabi_srli_12</name>
         <value>0xe91c</value>
         <object_component_ref idref="oc-ba"/>
      </symbol>
      <symbol id="sm-348">
         <name>__mspabi_srli_11</name>
         <value>0xe920</value>
         <object_component_ref idref="oc-ba"/>
      </symbol>
      <symbol id="sm-349">
         <name>__mspabi_srli_10</name>
         <value>0xe924</value>
         <object_component_ref idref="oc-ba"/>
      </symbol>
      <symbol id="sm-353">
         <name>__mspabi_mpyi_sw</name>
         <value>0xee82</value>
         <object_component_ref idref="oc-312"/>
      </symbol>
      <symbol id="sm-354">
         <name>__mspabi_mpyi</name>
         <value>0xee82</value>
         <object_component_ref idref="oc-312"/>
      </symbol>
      <symbol id="sm-35e">
         <name>__mspabi_mpyl_sw</name>
         <value>0xed5e</value>
         <object_component_ref idref="oc-371"/>
      </symbol>
      <symbol id="sm-35f">
         <name>__mspabi_mpyl</name>
         <value>0xed5e</value>
         <object_component_ref idref="oc-371"/>
      </symbol>
      <symbol id="sm-36f">
         <name>_stack</name>
         <value>0x3b0</value>
         <object_component_ref idref="oc-b1"/>
      </symbol>
      <symbol id="sm-370">
         <name>_c_int00_noargs</name>
         <value>0xee08</value>
         <object_component_ref idref="oc-ff"/>
      </symbol>
      <symbol id="sm-371">
         <name>_reset_vector</name>
         <value>0xfffe</value>
         <object_component_ref idref="oc-b4"/>
      </symbol>
      <symbol id="sm-393">
         <name>__TI_auto_init_nobinit_nopinit</name>
         <value>0xeab2</value>
         <object_component_ref idref="oc-1d0"/>
      </symbol>
      <symbol id="sm-3a6">
         <name>__TI_zero_init_nomemset</name>
         <value>0xee6e</value>
         <object_component_ref idref="oc-ed"/>
      </symbol>
      <symbol id="sm-3b5">
         <name>__mspabi_srlll</name>
         <value>0xea28</value>
         <object_component_ref idref="oc-3c3"/>
      </symbol>
      <symbol id="sm-3be">
         <name>_system_pre_init</name>
         <value>0xeee6</value>
         <object_component_ref idref="oc-15e"/>
      </symbol>
      <symbol id="sm-3c7">
         <name>_system_post_cinit</name>
         <value>0xeeea</value>
         <object_component_ref idref="oc-26e"/>
      </symbol>
      <symbol id="sm-3dd">
         <name>__TI_decompress_none</name>
         <value>0xee96</value>
         <object_component_ref idref="oc-3a"/>
      </symbol>
      <symbol id="sm-400">
         <name>__TI_decompress_lzss</name>
         <value>0xe4e0</value>
         <object_component_ref idref="oc-34"/>
      </symbol>
      <symbol id="sm-43a">
         <name>__mspabi_addd</name>
         <value>0xc000</value>
         <object_component_ref idref="oc-345"/>
      </symbol>
      <symbol id="sm-459">
         <name>__mspabi_cmpd</name>
         <value>0xdcaa</value>
         <object_component_ref idref="oc-364"/>
      </symbol>
      <symbol id="sm-46f">
         <name>__mspabi_cvtfd</name>
         <value>0xe6bc</value>
         <object_component_ref idref="oc-2a8"/>
      </symbol>
      <symbol id="sm-490">
         <name>__mspabi_divd</name>
         <value>0xd4aa</value>
         <object_component_ref idref="oc-2ae"/>
      </symbol>
      <symbol id="sm-4a7">
         <name>__mspabi_fltlid</name>
         <value>0xe0a2</value>
         <object_component_ref idref="oc-35e"/>
      </symbol>
      <symbol id="sm-4c2">
         <name>__TI_frcdivd</name>
         <value>0xcd72</value>
         <object_component_ref idref="oc-338"/>
      </symbol>
      <symbol id="sm-4e8">
         <name>__mspabi_mpyd</name>
         <value>0xd1ea</value>
         <object_component_ref idref="oc-2ba"/>
      </symbol>
      <symbol id="sm-4f1">
         <name>__mspabi_subd</name>
         <value>0xecb2</value>
         <object_component_ref idref="oc-2b4"/>
      </symbol>
      <symbol id="sm-506">
         <name>__mspabi_cvtdf</name>
         <value>0xdfee</value>
         <object_component_ref idref="oc-2c0"/>
      </symbol>
      <symbol id="sm-510">
         <name>C$$EXIT</name>
         <value>0xeee0</value>
         <object_component_ref idref="oc-1c4"/>
      </symbol>
      <symbol id="sm-511">
         <name>abort</name>
         <value>0xeee0</value>
         <object_component_ref idref="oc-1c4"/>
      </symbol>
      <symbol id="sm-521">
         <name>memcpy</name>
         <value>0xeea8</value>
         <object_component_ref idref="oc-cf"/>
      </symbol>
      <symbol id="sm-52e">
         <name>strlen</name>
         <value>0xeeca</value>
         <object_component_ref idref="oc-3dc"/>
      </symbol>
      <symbol id="sm-535">
         <name>errno</name>
         <value>0x22a</value>
         <object_component_ref idref="oc-35b"/>
      </symbol>
      <symbol id="sm-53d">
         <name>__mspabi_sral_15</name>
         <value>0xeb34</value>
         <object_component_ref idref="oc-32c"/>
      </symbol>
      <symbol id="sm-53e">
         <name>__mspabi_sral_14</name>
         <value>0xeb38</value>
         <object_component_ref idref="oc-32c"/>
      </symbol>
      <symbol id="sm-53f">
         <name>__mspabi_sral_13</name>
         <value>0xeb3c</value>
         <object_component_ref idref="oc-32c"/>
      </symbol>
      <symbol id="sm-540">
         <name>__mspabi_sral_12</name>
         <value>0xeb40</value>
         <object_component_ref idref="oc-32c"/>
      </symbol>
      <symbol id="sm-541">
         <name>__mspabi_sral_11</name>
         <value>0xeb44</value>
         <object_component_ref idref="oc-32c"/>
      </symbol>
      <symbol id="sm-542">
         <name>__mspabi_sral_10</name>
         <value>0xeb48</value>
         <object_component_ref idref="oc-32c"/>
      </symbol>
      <symbol id="sm-543">
         <name>__mspabi_sral_8</name>
         <value>0xeb50</value>
         <object_component_ref idref="oc-32c"/>
      </symbol>
      <symbol id="sm-544">
         <name>__mspabi_sral_9</name>
         <value>0xeb4c</value>
         <object_component_ref idref="oc-32c"/>
      </symbol>
      <symbol id="sm-545">
         <name>__mspabi_sral_6</name>
         <value>0xeb58</value>
         <object_component_ref idref="oc-32c"/>
      </symbol>
      <symbol id="sm-546">
         <name>__mspabi_sral_7</name>
         <value>0xeb54</value>
         <object_component_ref idref="oc-32c"/>
      </symbol>
      <symbol id="sm-547">
         <name>__mspabi_sral_4</name>
         <value>0xeb60</value>
         <object_component_ref idref="oc-32c"/>
      </symbol>
      <symbol id="sm-548">
         <name>__mspabi_sral_5</name>
         <value>0xeb5c</value>
         <object_component_ref idref="oc-32c"/>
      </symbol>
      <symbol id="sm-549">
         <name>__mspabi_sral_2</name>
         <value>0xeb68</value>
         <object_component_ref idref="oc-32c"/>
      </symbol>
      <symbol id="sm-54a">
         <name>__mspabi_sral_3</name>
         <value>0xeb64</value>
         <object_component_ref idref="oc-32c"/>
      </symbol>
      <symbol id="sm-54b">
         <name>__mspabi_sral_1</name>
         <value>0xeb6c</value>
         <object_component_ref idref="oc-32c"/>
      </symbol>
      <symbol id="sm-553">
         <name>__mspabi_slli</name>
         <value>0xed0c</value>
         <object_component_ref idref="oc-b5"/>
      </symbol>
      <symbol id="sm-554">
         <name>__mspabi_slli_9</name>
         <value>0xed24</value>
         <object_component_ref idref="oc-b5"/>
      </symbol>
      <symbol id="sm-555">
         <name>__mspabi_slli_8</name>
         <value>0xed26</value>
         <object_component_ref idref="oc-b5"/>
      </symbol>
      <symbol id="sm-556">
         <name>__mspabi_slli_7</name>
         <value>0xed28</value>
         <object_component_ref idref="oc-b5"/>
      </symbol>
      <symbol id="sm-557">
         <name>__mspabi_slli_6</name>
         <value>0xed2a</value>
         <object_component_ref idref="oc-b5"/>
      </symbol>
      <symbol id="sm-558">
         <name>__mspabi_slli_5</name>
         <value>0xed2c</value>
         <object_component_ref idref="oc-b5"/>
      </symbol>
      <symbol id="sm-559">
         <name>__mspabi_slli_4</name>
         <value>0xed2e</value>
         <object_component_ref idref="oc-b5"/>
      </symbol>
      <symbol id="sm-55a">
         <name>__mspabi_slli_3</name>
         <value>0xed30</value>
         <object_component_ref idref="oc-b5"/>
      </symbol>
      <symbol id="sm-55b">
         <name>__mspabi_slli_2</name>
         <value>0xed32</value>
         <object_component_ref idref="oc-b5"/>
      </symbol>
      <symbol id="sm-55c">
         <name>__mspabi_slli_1</name>
         <value>0xed34</value>
         <object_component_ref idref="oc-b5"/>
      </symbol>
      <symbol id="sm-55d">
         <name>__mspabi_slli_15</name>
         <value>0xed18</value>
         <object_component_ref idref="oc-b5"/>
      </symbol>
      <symbol id="sm-55e">
         <name>__mspabi_slli_14</name>
         <value>0xed1a</value>
         <object_component_ref idref="oc-b5"/>
      </symbol>
      <symbol id="sm-55f">
         <name>__mspabi_slli_13</name>
         <value>0xed1c</value>
         <object_component_ref idref="oc-b5"/>
      </symbol>
      <symbol id="sm-560">
         <name>__mspabi_slli_12</name>
         <value>0xed1e</value>
         <object_component_ref idref="oc-b5"/>
      </symbol>
      <symbol id="sm-561">
         <name>__mspabi_slli_11</name>
         <value>0xed20</value>
         <object_component_ref idref="oc-b5"/>
      </symbol>
      <symbol id="sm-562">
         <name>__mspabi_slli_10</name>
         <value>0xed22</value>
         <object_component_ref idref="oc-b5"/>
      </symbol>
      <symbol id="sm-56a">
         <name>__mspabi_slll_9</name>
         <value>0xeb8a</value>
         <object_component_ref idref="oc-354"/>
      </symbol>
      <symbol id="sm-56b">
         <name>__mspabi_slll_8</name>
         <value>0xeb8e</value>
         <object_component_ref idref="oc-354"/>
      </symbol>
      <symbol id="sm-56c">
         <name>__mspabi_slll_7</name>
         <value>0xeb92</value>
         <object_component_ref idref="oc-354"/>
      </symbol>
      <symbol id="sm-56d">
         <name>__mspabi_slll_6</name>
         <value>0xeb96</value>
         <object_component_ref idref="oc-354"/>
      </symbol>
      <symbol id="sm-56e">
         <name>__mspabi_slll_5</name>
         <value>0xeb9a</value>
         <object_component_ref idref="oc-354"/>
      </symbol>
      <symbol id="sm-56f">
         <name>__mspabi_slll_4</name>
         <value>0xeb9e</value>
         <object_component_ref idref="oc-354"/>
      </symbol>
      <symbol id="sm-570">
         <name>__mspabi_slll_3</name>
         <value>0xeba2</value>
         <object_component_ref idref="oc-354"/>
      </symbol>
      <symbol id="sm-571">
         <name>__mspabi_slll_2</name>
         <value>0xeba6</value>
         <object_component_ref idref="oc-354"/>
      </symbol>
      <symbol id="sm-572">
         <name>__mspabi_slll_1</name>
         <value>0xebaa</value>
         <object_component_ref idref="oc-354"/>
      </symbol>
      <symbol id="sm-573">
         <name>__mspabi_slll_15</name>
         <value>0xeb72</value>
         <object_component_ref idref="oc-354"/>
      </symbol>
      <symbol id="sm-574">
         <name>__mspabi_slll_14</name>
         <value>0xeb76</value>
         <object_component_ref idref="oc-354"/>
      </symbol>
      <symbol id="sm-575">
         <name>__mspabi_slll_13</name>
         <value>0xeb7a</value>
         <object_component_ref idref="oc-354"/>
      </symbol>
      <symbol id="sm-576">
         <name>__mspabi_slll_12</name>
         <value>0xeb7e</value>
         <object_component_ref idref="oc-354"/>
      </symbol>
      <symbol id="sm-577">
         <name>__mspabi_slll_11</name>
         <value>0xeb82</value>
         <object_component_ref idref="oc-354"/>
      </symbol>
      <symbol id="sm-578">
         <name>__mspabi_slll_10</name>
         <value>0xeb86</value>
         <object_component_ref idref="oc-354"/>
      </symbol>
      <symbol id="sm-580">
         <name>__mspabi_srll_8</name>
         <value>0xe826</value>
         <object_component_ref idref="oc-3a2"/>
      </symbol>
      <symbol id="sm-581">
         <name>__mspabi_srll_9</name>
         <value>0xe820</value>
         <object_component_ref idref="oc-3a2"/>
      </symbol>
      <symbol id="sm-582">
         <name>__mspabi_srll_6</name>
         <value>0xe832</value>
         <object_component_ref idref="oc-3a2"/>
      </symbol>
      <symbol id="sm-583">
         <name>__mspabi_srll_7</name>
         <value>0xe82c</value>
         <object_component_ref idref="oc-3a2"/>
      </symbol>
      <symbol id="sm-584">
         <name>__mspabi_srll_4</name>
         <value>0xe83e</value>
         <object_component_ref idref="oc-3a2"/>
      </symbol>
      <symbol id="sm-585">
         <name>__mspabi_srll_5</name>
         <value>0xe838</value>
         <object_component_ref idref="oc-3a2"/>
      </symbol>
      <symbol id="sm-586">
         <name>__mspabi_srll_2</name>
         <value>0xe84a</value>
         <object_component_ref idref="oc-3a2"/>
      </symbol>
      <symbol id="sm-587">
         <name>__mspabi_srll_3</name>
         <value>0xe844</value>
         <object_component_ref idref="oc-3a2"/>
      </symbol>
      <symbol id="sm-588">
         <name>__mspabi_srll_1</name>
         <value>0xe850</value>
         <object_component_ref idref="oc-3a2"/>
      </symbol>
      <symbol id="sm-589">
         <name>__mspabi_srll_15</name>
         <value>0xe7fc</value>
         <object_component_ref idref="oc-3a2"/>
      </symbol>
      <symbol id="sm-58a">
         <name>__mspabi_srll_14</name>
         <value>0xe802</value>
         <object_component_ref idref="oc-3a2"/>
      </symbol>
      <symbol id="sm-58b">
         <name>__mspabi_srll_13</name>
         <value>0xe808</value>
         <object_component_ref idref="oc-3a2"/>
      </symbol>
      <symbol id="sm-58c">
         <name>__mspabi_srll_12</name>
         <value>0xe80e</value>
         <object_component_ref idref="oc-3a2"/>
      </symbol>
      <symbol id="sm-58d">
         <name>__mspabi_srll_11</name>
         <value>0xe814</value>
         <object_component_ref idref="oc-3a2"/>
      </symbol>
      <symbol id="sm-58e">
         <name>__mspabi_srll_10</name>
         <value>0xe81a</value>
         <object_component_ref idref="oc-3a2"/>
      </symbol>
      <symbol id="sm-59c">
         <name>__mspabi_srall</name>
         <value>0xe94e</value>
         <object_component_ref idref="oc-3ab"/>
      </symbol>
      <symbol id="sm-5a9">
         <name>__mspabi_sllll</name>
         <value>0xea6e</value>
         <object_component_ref idref="oc-3b1"/>
      </symbol>
      <symbol id="sm-5b4">
         <name>__TI_frcmpyd</name>
         <value>0xd6e2</value>
         <object_component_ref idref="oc-34c"/>
      </symbol>
      <symbol id="sm-5bc">
         <name>__mspabi_mpyull_sw</name>
         <value>0xedea</value>
         <object_component_ref idref="oc-3be"/>
      </symbol>
      <symbol id="sm-5bd">
         <name>__mspabi_mpyull</name>
         <value>0xedea</value>
         <object_component_ref idref="oc-3be"/>
      </symbol>
      <symbol id="sm-5c5">
         <name>__mspabi_mpyll</name>
         <value>0xdaac</value>
         <object_component_ref idref="oc-3b9"/>
      </symbol>
      <symbol id="sm-5c6">
         <name>__mspabi_mpyll_sw</name>
         <value>0xdaac</value>
         <object_component_ref idref="oc-3b9"/>
      </symbol>
      <symbol id="sm-5d1">
         <name>__mspabi_mpyul_sw</name>
         <value>0xeda8</value>
         <object_component_ref idref="oc-3ea"/>
      </symbol>
      <symbol id="sm-5d2">
         <name>__mspabi_mpyul</name>
         <value>0xeda8</value>
         <object_component_ref idref="oc-3ea"/>
      </symbol>
   </symbol_table>
   <title>Link successful</title>
</link_info>
