******************************************************************************
                  MSP430 Linker PC v20.2.4                     
******************************************************************************
>> Linked Sun Feb  6 13:10:20 2022

OUTPUT FILE NAME:   <Temp_Shade_on_OLED.out>
ENTRY POINT SYMBOL: "_c_int00_noargs"  address: 0000ee08


MEMORY CONFIGURATION

         name            origin    length      used     unused   attr    fill
----------------------  --------  ---------  --------  --------  ----  --------
  SFR                   00000000   00000010  00000000  00000010  RWIX
  PERIPHERALS_8BIT      00000010   000000f0  00000000  000000f0  RWIX
  PERIPHERALS_16BIT     00000100   00000100  00000000  00000100  RWIX
  RAM                   00000200   00000200  0000007b  00000185  RWIX
  INFOD                 00001000   00000040  00000000  00000040  RWIX
  INFOC                 00001040   00000040  00000000  00000040  RWIX
  INFOB                 00001080   00000040  00000000  00000040  RWIX
  INFOA                 000010c0   00000040  00000000  00000040  RWIX
  FLASH                 0000c000   00003fde  000034f3  00000aeb  RWIX
  BSLSIGNATURE          0000ffde   00000002  00000002  00000000  RWIX  ffff 
  INT00                 0000ffe0   00000002  00000002  00000000  RWIX
  INT01                 0000ffe2   00000002  00000000  00000002  RWIX
  INT02                 0000ffe4   00000002  00000002  00000000  RWIX
  INT03                 0000ffe6   00000002  00000002  00000000  RWIX
  INT04                 0000ffe8   00000002  00000000  00000002  RWIX
  INT05                 0000ffea   00000002  00000002  00000000  RWIX
  INT06                 0000ffec   00000002  00000002  00000000  RWIX
  INT07                 0000ffee   00000002  00000002  00000000  RWIX
  INT08                 0000fff0   00000002  00000002  00000000  RWIX
  INT09                 0000fff2   00000002  00000002  00000000  RWIX
  INT10                 0000fff4   00000002  00000002  00000000  RWIX
  INT11                 0000fff6   00000002  00000002  00000000  RWIX
  INT12                 0000fff8   00000002  00000002  00000000  RWIX
  INT13                 0000fffa   00000002  00000002  00000000  RWIX
  INT14                 0000fffc   00000002  00000002  00000000  RWIX
  RESET                 0000fffe   00000002  00000002  00000000  RWIX


SECTION ALLOCATION MAP

 output                                  attributes/
section   page    origin      length       input sections
--------  ----  ----------  ----------   ----------------
.bss       0    00000200    00000025     UNINITIALIZED
                  00000200    00000012     (.common:buffer)
                  00000212    00000010     (.common:adc)
                  00000222    00000002     (.common:PTxData)
                  00000224    00000001     (.common:TxByteCtr)

.data      0    00000226    00000006     UNINITIALIZED
                  00000226    00000003     Temp_Shade_on_OLED.obj (.data)
                  00000229    00000001     --HOLE--
                  0000022a    00000002     rts430_eabi.lib : errno.c.obj (.data)

.stack     0    000003b0    00000050     UNINITIALIZED
                  000003b0    00000002     rts430_eabi.lib : boot.c.obj (.stack)
                  000003b2    0000004e     --HOLE--

.text      0    0000c000    00002eec     
                  0000c000    00000736     rts430_eabi.lib : addd.c.obj (.text:__mspabi_addd)
                  0000c736    0000063c                     : e_log.c.obj (.text:log)
                  0000cd72    00000478                     : frcdivd.c.obj (.text:__TI_frcdivd)
                  0000d1ea    000002c0                     : mpyd.c.obj (.text:__mspabi_mpyd)
                  0000d4aa    00000238                     : divd.c.obj (.text:__mspabi_divd)
                  0000d6e2    00000172                     : frcmpyd.c.obj (.text:__TI_frcmpyd)
                  0000d854    00000132                     : fs_add.asm.obj (.text)
                  0000d986    00000126     Temp_Shade_on_OLED.obj (.text:print_tapman_chaya)
                  0000daac    00000114     rts430_eabi.lib : mult64.asm.obj (.text:__mpyll)
                  0000dbc0    000000ea     Analog_read.obj (.text:calc_temp)
                  0000dcaa    000000dc     rts430_eabi.lib : cmpd.c.obj (.text:__mspabi_cmpd)
                  0000dd86    000000d6     Temp_Shade_on_OLED.obj (.text:print_delay_long)
                  0000de5c    000000ce     ssd1306.obj (.text:ssd1306_init)
                  0000df2a    000000c4     rts430_eabi.lib : fs_mpy.asm.obj (.text)
                  0000dfee    000000b4                     : cvtdf.c.obj (.text:__mspabi_cvtdf)
                  0000e0a2    000000ac                     : fltlid.c.obj (.text:__mspabi_fltlid)
                  0000e14e    000000a2     ssd1306.obj (.text:digits)
                  0000e1f0    000000a2     Temp_Shade_on_OLED.obj (.text:print_delay_short)
                  0000e292    0000009c     rts430_eabi.lib : fs_div.asm.obj (.text)
                  0000e32e    00000096     Temp_Shade_on_OLED.obj (.text:Port_1)
                  0000e3c4    00000094     ssd1306.obj (.text:ssd1306_printText)
                  0000e458    00000088     ssd1306.obj (.text:ssd1306_printText_matra)
                  0000e4e0    0000007c     rts430_eabi.lib : copy_decompress_lzss.c.obj (.text:decompress:lzss:__TI_decompress_lzss)
                  0000e55c    00000078     ssd1306.obj (.text:ssd1306_printText_2_wide)
                  0000e5d4    00000076     ssd1306.obj (.text:ultoa)
                  0000e64a    00000072     Temp_Shade_on_OLED.obj (.text:main)
                  0000e6bc    00000070     rts430_eabi.lib : cvtfd.c.obj (.text:__mspabi_cvtfd)
                  0000e72c    00000068                     : fs_toi.asm.obj (.text)
                  0000e794    00000068     ssd1306.obj (.text:ssd1306_clearDisplay)
                  0000e7fc    0000005c     rts430_eabi.lib : lsr32.asm.obj (.text:l_lsr_const)
                  0000e858    00000058                     : div32u.asm.obj (.text)
                  0000e8b0    00000052     ssd1306.obj (.text:ssd1306_printUI32)
                  0000e902    0000004c     rts430_eabi.lib : lsr16.asm.obj (.text)
                  0000e94e    0000004a                     : asr64.c.obj (.text:__mspabi_srall)
                  0000e998    00000048     Analog_read.obj (.text:map)
                  0000e9e0    00000048     ssd1306.obj (.text:ssd1306_setPosition)
                  0000ea28    00000046     rts430_eabi.lib : lsr64.c.obj (.text:__mspabi_srlll)
                  0000ea6e    00000044                     : lsl64.c.obj (.text:__mspabi_sllll)
                  0000eab2    00000042                     : autoinit.c.obj (.text:__TI_auto_init_nobinit_nopinit:__TI_auto_init_nobinit_nopinit)
                  0000eaf4    00000040                     : div32s.asm.obj (.text)
                  0000eb34    0000003e                     : asr32.asm.obj (.text:l_asr_const)
                  0000eb72    0000003e                     : lsl32.asm.obj (.text:l_lsl_const)
                  0000ebb0    00000036     ssd1306.obj (.text:reverse)
                  0000ebe6    00000036     rts430_eabi.lib : fs_itof.asm.obj (.text)
                  0000ec1c    00000034     Analog_read.obj (.text:calc_shade)
                  0000ec50    00000032     i2c.obj (.text:USCIAB0TX_ISR)
                  0000ec82    00000030     i2c.obj (.text:i2c_init)
                  0000ecb2    0000002e     rts430_eabi.lib : subd.c.obj (.text:__mspabi_subd)
                  0000ece0    0000002c                     : asr16.asm.obj (.text)
                  0000ed0c    0000002c                     : lsl16.asm.obj (.text)
                  0000ed38    00000026     i2c.obj (.text:i2c_write)
                  0000ed5e    00000026     rts430_eabi.lib : mult32.asm.obj (.text)
                  0000ed84    00000024                     : fs_utof.asm.obj (.text)
                  0000eda8    00000022                     : mult1632.asm.obj (.text:__mpyul)
                  0000edca    00000020     Temp_Shade_on_OLED.obj (.text:sel_led)
                  0000edea    0000001e     rts430_eabi.lib : mult3264.asm.obj (.text:__mpyull)
                  0000ee08    0000001c                     : boot.c.obj (.text:_c_int00_noargs)
                  0000ee24    0000001a     ssd1306.obj (.text:ssd1306_command)
                  0000ee3e    00000018     Analog_read.obj (.text:register_settings_for_ADC10)
                  0000ee56    00000018     Analog_read.obj (.text:start_sampling)
                  0000ee6e    00000014     rts430_eabi.lib : copy_zero_init.c.obj (.text:decompress:ZI:__TI_zero_init_nomemset:__TI_zero_init_nomemset)
                  0000ee82    00000014                     : mult16.asm.obj (.text)
                  0000ee96    00000012                     : copy_decompress_none.c.obj (.text:decompress:none:__TI_decompress_none)
                  0000eea8    00000012                     : memcpy.c.obj (.text:memcpy)
                  0000eeba    00000010                     : epilog.asm.obj (.text)
                  0000eeca    0000000e                     : strlen.c.obj (.text:strlen)
                  0000eed8    00000008                     : isr_trap.asm.obj (.text:_isr:__TI_ISR_TRAP)
                  0000eee0    00000006                     : exit.c.obj (.text:abort)
                  0000eee6    00000004                     : pre_init.c.obj (.text:_system_pre_init)
                  0000eeea    00000002                     : startup.c.obj (.text:_system_post_cinit)

.const     0    0000eeec    000005ed     
                  0000eeec    000002a0     ssd1306.obj (.const:font_2_wide)
                  0000f18c    000001e0     ssd1306.obj (.const:font_5x7)
                  0000f36c    00000120     ssd1306.obj (.const:font_matra)
                  0000f48c    00000042     Temp_Shade_on_OLED.obj (.const:.string)
                  0000f4ce    0000000b     ssd1306.obj (.const:.string:HcenterUL)

.cinit     0    0000f4da    0000001a     
                  0000f4da    00000008     (.cinit..data.load) [load image, compression = lzss]
                  0000f4e2    00000006     (__TI_handler_table)
                  0000f4e8    00000004     (.cinit..bss.load) [load image, compression = zero_init]
                  0000f4ec    00000008     (__TI_cinit_table)

.binit     0    0000c000    00000000     

.init_array 
*          0    0000c000    00000000     UNINITIALIZED

TRAPINT    0    0000ffe0    00000002     
                  0000ffe0    00000002     rts430_eabi.lib : int00.asm.obj (.int00)

PORT1      0    0000ffe4    00000002     
                  0000ffe4    00000002     rts430_eabi.lib : int02.asm.obj (.int02)

PORT2      0    0000ffe6    00000002     
                  0000ffe6    00000002     Temp_Shade_on_OLED.obj (.int03)

ADC10      0    0000ffea    00000002     
                  0000ffea    00000002     rts430_eabi.lib : int05.asm.obj (.int05)

USCIAB0TX 
*          0    0000ffec    00000002     
                  0000ffec    00000002     i2c.obj (.int06)

USCIAB0RX 
*          0    0000ffee    00000002     
                  0000ffee    00000002     rts430_eabi.lib : int07.asm.obj (.int07)

TIMER0_A1 
*          0    0000fff0    00000002     
                  0000fff0    00000002     rts430_eabi.lib : int08.asm.obj (.int08)

TIMER0_A0 
*          0    0000fff2    00000002     
                  0000fff2    00000002     rts430_eabi.lib : int09.asm.obj (.int09)

WDT        0    0000fff4    00000002     
                  0000fff4    00000002     rts430_eabi.lib : int10.asm.obj (.int10)

COMPARATORA 
*          0    0000fff6    00000002     
                  0000fff6    00000002     rts430_eabi.lib : int11.asm.obj (.int11)

TIMER1_A1 
*          0    0000fff8    00000002     
                  0000fff8    00000002     rts430_eabi.lib : int12.asm.obj (.int12)

TIMER1_A0 
*          0    0000fffa    00000002     
                  0000fffa    00000002     rts430_eabi.lib : int13.asm.obj (.int13)

NMI        0    0000fffc    00000002     
                  0000fffc    00000002     rts430_eabi.lib : int14.asm.obj (.int14)

.reset     0    0000fffe    00000002     
                  0000fffe    00000002     rts430_eabi.lib : boot.c.obj (.reset)

$fill000   0    0000ffde    00000002     
                  0000ffde    00000002     --HOLE-- [fill = ffff]

MODULE SUMMARY

       Module                       code    ro data   rw data
       ------                       ----    -------   -------
    .\
       ssd1306.obj                  1228    1451      0      
       Temp_Shade_on_OLED.obj       966     68        24     
       Analog_read.obj              406     0         16     
       i2c.obj                      136     2         0      
    +--+----------------------------+-------+---------+---------+
       Total:                       2736    1521      40     
                                                             
    C:\ti\ccs1030\ccs\tools\compiler\ti-cgt-msp430_20.2.4.LTS\lib\rts430_eabi.lib
       addd.c.obj                   1846    0         0      
       e_log.c.obj                  1596    0         0      
       frcdivd.c.obj                1144    0         0      
       mpyd.c.obj                   704     0         0      
       divd.c.obj                   568     0         0      
       frcmpyd.c.obj                370     0         0      
       fs_add.asm.obj               306     0         0      
       mult64.asm.obj               276     0         0      
       cmpd.c.obj                   220     0         0      
       fs_mpy.asm.obj               196     0         0      
       cvtdf.c.obj                  180     0         0      
       fltlid.c.obj                 172     0         0      
       fs_div.asm.obj               156     0         0      
       copy_decompress_lzss.c.obj   124     0         0      
       cvtfd.c.obj                  112     0         0      
       fs_toi.asm.obj               104     0         0      
       lsr32.asm.obj                92      0         0      
       div32u.asm.obj               88      0         0      
       lsr16.asm.obj                76      0         0      
       asr64.c.obj                  74      0         0      
       lsr64.c.obj                  70      0         0      
       lsl64.c.obj                  68      0         0      
       autoinit.c.obj               66      0         0      
       div32s.asm.obj               64      0         0      
       asr32.asm.obj                62      0         0      
       lsl32.asm.obj                62      0         0      
       fs_itof.asm.obj              54      0         0      
       subd.c.obj                   46      0         0      
       asr16.asm.obj                44      0         0      
       lsl16.asm.obj                44      0         0      
       mult32.asm.obj               38      0         0      
       fs_utof.asm.obj              36      0         0      
       mult1632.asm.obj             34      0         0      
       boot.c.obj                   28      2         0      
       mult3264.asm.obj             30      0         0      
       copy_zero_init.c.obj         20      0         0      
       mult16.asm.obj               20      0         0      
       copy_decompress_none.c.obj   18      0         0      
       memcpy.c.obj                 18      0         0      
       epilog.asm.obj               16      0         0      
       strlen.c.obj                 14      0         0      
       isr_trap.asm.obj             8       0         0      
       exit.c.obj                   6       0         0      
       pre_init.c.obj               4       0         0      
       errno.c.obj                  0       0         2      
       int00.asm.obj                0       2         0      
       int02.asm.obj                0       2         0      
       int05.asm.obj                0       2         0      
       int07.asm.obj                0       2         0      
       int08.asm.obj                0       2         0      
       int09.asm.obj                0       2         0      
       int10.asm.obj                0       2         0      
       int11.asm.obj                0       2         0      
       int12.asm.obj                0       2         0      
       int13.asm.obj                0       2         0      
       int14.asm.obj                0       2         0      
       startup.c.obj                2       0         0      
    +--+----------------------------+-------+---------+---------+
       Total:                       9276    24        2      
                                                             
       Stack:                       0       0         80     
       Linker Generated:            0       26        0      
    +--+----------------------------+-------+---------+---------+
       Grand Total:                 12012   1571      122    


LINKER GENERATED COPY TABLES

__TI_cinit_table @ 0000f4ec records: 2, size/record: 4, table size: 8
	.data: load addr=0000f4da, load size=00000008 bytes, run addr=00000226, run size=00000006 bytes, compression=lzss
	.bss: load addr=0000f4e8, load size=00000004 bytes, run addr=00000200, run size=00000025 bytes, compression=zero_init


LINKER GENERATED HANDLER TABLE

__TI_handler_table @ 0000f4e2 records: 3, size/record: 2, table size: 6
	index: 0, handler: __TI_zero_init
	index: 1, handler: __TI_decompress_lzss
	index: 2, handler: __TI_decompress_none


GLOBAL SYMBOLS: SORTED ALPHABETICALLY BY Name 

address   name                          
-------   ----                          
0000004a  ADC10AE0                      
000001b0  ADC10CTL0                     
000001b2  ADC10CTL1                     
00000048  ADC10DTC0                     
00000049  ADC10DTC1                     
000001b4  ADC10MEM                      
000001bc  ADC10SA                       
00000057  BCSCTL1                       
00000058  BCSCTL2                       
00000053  BCSCTL3                       
0000eee0  C$$EXIT                       
00000059  CACTL1                        
0000005a  CACTL2                        
000010fb  CALBC1_12MHZ                  
000010f9  CALBC1_16MHZ                  
000010ff  CALBC1_1MHZ                   
000010fd  CALBC1_8MHZ                   
000010fa  CALDCO_12MHZ                  
000010f8  CALDCO_16MHZ                  
000010fe  CALDCO_1MHZ                   
000010fc  CALDCO_8MHZ                   
0000005b  CAPD                          
00000056  DCOCTL                        
00000128  FCTL1                         
0000012a  FCTL2                         
0000012c  FCTL3                         
0000f4ce  HcenterUL                     
00000000  IE1                           
00000001  IE2                           
00000002  IFG1                          
00000003  IFG2                          
00000022  P1DIR                         
00000025  P1IE                          
00000024  P1IES                         
00000023  P1IFG                         
00000020  P1IN                          
00000021  P1OUT                         
00000027  P1REN                         
00000026  P1SEL                         
00000041  P1SEL2                        
0000002a  P2DIR                         
0000002d  P2IE                          
0000002c  P2IES                         
0000002b  P2IFG                         
00000028  P2IN                          
00000029  P2OUT                         
0000002f  P2REN                         
0000002e  P2SEL                         
00000042  P2SEL2                        
0000001a  P3DIR                         
00000018  P3IN                          
00000019  P3OUT                         
00000010  P3REN                         
0000001b  P3SEL                         
00000043  P3SEL2                        
00000222  PTxData                       
0000e32e  Port_1                        
00000172  TA0CCR0                       
00000174  TA0CCR1                       
00000176  TA0CCR2                       
00000162  TA0CCTL0                      
00000164  TA0CCTL1                      
00000166  TA0CCTL2                      
00000160  TA0CTL                        
0000012e  TA0IV                         
00000170  TA0R                          
00000192  TA1CCR0                       
00000194  TA1CCR1                       
00000196  TA1CCR2                       
00000182  TA1CCTL0                      
00000184  TA1CCTL1                      
00000186  TA1CCTL2                      
00000180  TA1CTL                        
0000011e  TA1IV                         
00000190  TA1R                          
000010db  TLV_ADC10_1_LEN               
000010da  TLV_ADC10_1_TAG               
000010c0  TLV_CHECKSUM                  
000010f7  TLV_DCO_30_LEN                
000010f6  TLV_DCO_30_TAG                
00000224  TxByteCtr                     
0000005d  UCA0ABCTL                     
00000062  UCA0BR0                       
00000063  UCA0BR1                       
00000060  UCA0CTL0                      
00000061  UCA0CTL1                      
0000005f  UCA0IRRCTL                    
0000005e  UCA0IRTCTL                    
00000064  UCA0MCTL                      
00000066  UCA0RXBUF                     
00000065  UCA0STAT                      
00000067  UCA0TXBUF                     
0000006a  UCB0BR0                       
0000006b  UCB0BR1                       
00000068  UCB0CTL0                      
00000069  UCB0CTL1                      
0000006c  UCB0I2CIE                     
00000118  UCB0I2COA                     
0000011a  UCB0I2CSA                     
0000006e  UCB0RXBUF                     
0000006d  UCB0STAT                      
0000006f  UCB0TXBUF                     
0000ec50  USCIAB0TX_ISR                 
00000120  WDTCTL                        
00000400  __STACK_END                   
00000050  __STACK_SIZE                  
0000f4ec  __TI_CINIT_Base               
0000f4f4  __TI_CINIT_Limit              
0000f4e2  __TI_Handler_Table_Base       
0000f4e8  __TI_Handler_Table_Limit      
0000eed8  __TI_ISR_TRAP                 
0000eab2  __TI_auto_init_nobinit_nopinit
0000e4e0  __TI_decompress_lzss          
0000ee96  __TI_decompress_none          
0000cd72  __TI_frcdivd                  
0000d6e2  __TI_frcmpyd                  
0000ffe0  __TI_int00                    
0000ffe4  __TI_int02                    
0000ffe6  __TI_int03                    
0000ffea  __TI_int05                    
0000ffec  __TI_int06                    
0000ffee  __TI_int07                    
0000fff0  __TI_int08                    
0000fff2  __TI_int09                    
0000fff4  __TI_int10                    
0000fff6  __TI_int11                    
0000fff8  __TI_int12                    
0000fffa  __TI_int13                    
0000fffc  __TI_int14                    
ffffffff  __TI_pprof_out_hndl           
ffffffff  __TI_prof_data_size           
ffffffff  __TI_prof_data_start          
0000ee6e  __TI_zero_init_nomemset       
ffffffff  __c_args__                    
0000c000  __mspabi_addd                 
0000d85a  __mspabi_addf                 
0000dcaa  __mspabi_cmpd                 
0000dfee  __mspabi_cvtdf                
0000e6bc  __mspabi_cvtfd                
0000d4aa  __mspabi_divd                 
0000e292  __mspabi_divf                 
0000eaf4  __mspabi_divli                
0000e858  __mspabi_divul                
0000e72c  __mspabi_fixfi                
0000ebe6  __mspabi_fltif                
0000e0a2  __mspabi_fltlid               
0000ed84  __mspabi_fltuf                
0000eec6  __mspabi_func_epilog_1        
0000eec4  __mspabi_func_epilog_2        
0000eec2  __mspabi_func_epilog_3        
0000eec0  __mspabi_func_epilog_4        
0000eebe  __mspabi_func_epilog_5        
0000eebc  __mspabi_func_epilog_6        
0000eeba  __mspabi_func_epilog_7        
0000d1ea  __mspabi_mpyd                 
0000df2a  __mspabi_mpyf                 
0000ee82  __mspabi_mpyi                 
0000ee82  __mspabi_mpyi_sw              
0000ed5e  __mspabi_mpyl                 
0000ed5e  __mspabi_mpyl_sw              
0000daac  __mspabi_mpyll                
0000daac  __mspabi_mpyll_sw             
0000eda8  __mspabi_mpyul                
0000eda8  __mspabi_mpyul_sw             
0000edea  __mspabi_mpyull               
0000edea  __mspabi_mpyull_sw            
0000eaf4  __mspabi_remli                
0000e858  __mspabi_remul                
0000ed0c  __mspabi_slli                 
0000ed34  __mspabi_slli_1               
0000ed22  __mspabi_slli_10              
0000ed20  __mspabi_slli_11              
0000ed1e  __mspabi_slli_12              
0000ed1c  __mspabi_slli_13              
0000ed1a  __mspabi_slli_14              
0000ed18  __mspabi_slli_15              
0000ed32  __mspabi_slli_2               
0000ed30  __mspabi_slli_3               
0000ed2e  __mspabi_slli_4               
0000ed2c  __mspabi_slli_5               
0000ed2a  __mspabi_slli_6               
0000ed28  __mspabi_slli_7               
0000ed26  __mspabi_slli_8               
0000ed24  __mspabi_slli_9               
0000ebaa  __mspabi_slll_1               
0000eb86  __mspabi_slll_10              
0000eb82  __mspabi_slll_11              
0000eb7e  __mspabi_slll_12              
0000eb7a  __mspabi_slll_13              
0000eb76  __mspabi_slll_14              
0000eb72  __mspabi_slll_15              
0000eba6  __mspabi_slll_2               
0000eba2  __mspabi_slll_3               
0000eb9e  __mspabi_slll_4               
0000eb9a  __mspabi_slll_5               
0000eb96  __mspabi_slll_6               
0000eb92  __mspabi_slll_7               
0000eb8e  __mspabi_slll_8               
0000eb8a  __mspabi_slll_9               
0000ea6e  __mspabi_sllll                
0000ece0  __mspabi_srai                 
0000ed08  __mspabi_srai_1               
0000ecf6  __mspabi_srai_10              
0000ecf4  __mspabi_srai_11              
0000ecf2  __mspabi_srai_12              
0000ecf0  __mspabi_srai_13              
0000ecee  __mspabi_srai_14              
0000ecec  __mspabi_srai_15              
0000ed06  __mspabi_srai_2               
0000ed04  __mspabi_srai_3               
0000ed02  __mspabi_srai_4               
0000ed00  __mspabi_srai_5               
0000ecfe  __mspabi_srai_6               
0000ecfc  __mspabi_srai_7               
0000ecfa  __mspabi_srai_8               
0000ecf8  __mspabi_srai_9               
0000eb6c  __mspabi_sral_1               
0000eb48  __mspabi_sral_10              
0000eb44  __mspabi_sral_11              
0000eb40  __mspabi_sral_12              
0000eb3c  __mspabi_sral_13              
0000eb38  __mspabi_sral_14              
0000eb34  __mspabi_sral_15              
0000eb68  __mspabi_sral_2               
0000eb64  __mspabi_sral_3               
0000eb60  __mspabi_sral_4               
0000eb5c  __mspabi_sral_5               
0000eb58  __mspabi_sral_6               
0000eb54  __mspabi_sral_7               
0000eb50  __mspabi_sral_8               
0000eb4c  __mspabi_sral_9               
0000e94e  __mspabi_srall                
0000e902  __mspabi_srli                 
0000e948  __mspabi_srli_1               
0000e924  __mspabi_srli_10              
0000e920  __mspabi_srli_11              
0000e91c  __mspabi_srli_12              
0000e918  __mspabi_srli_13              
0000e914  __mspabi_srli_14              
0000e910  __mspabi_srli_15              
0000e944  __mspabi_srli_2               
0000e940  __mspabi_srli_3               
0000e93c  __mspabi_srli_4               
0000e938  __mspabi_srli_5               
0000e934  __mspabi_srli_6               
0000e930  __mspabi_srli_7               
0000e92c  __mspabi_srli_8               
0000e928  __mspabi_srli_9               
0000e850  __mspabi_srll_1               
0000e81a  __mspabi_srll_10              
0000e814  __mspabi_srll_11              
0000e80e  __mspabi_srll_12              
0000e808  __mspabi_srll_13              
0000e802  __mspabi_srll_14              
0000e7fc  __mspabi_srll_15              
0000e84a  __mspabi_srll_2               
0000e844  __mspabi_srll_3               
0000e83e  __mspabi_srll_4               
0000e838  __mspabi_srll_5               
0000e832  __mspabi_srll_6               
0000e82c  __mspabi_srll_7               
0000e826  __mspabi_srll_8               
0000e820  __mspabi_srll_9               
0000ea28  __mspabi_srlll                
0000ecb2  __mspabi_subd                 
0000d854  __mspabi_subf                 
0000ee08  _c_int00_noargs               
0000fffe  _reset_vector                 
000003b0  _stack                        
0000eeea  _system_post_cinit            
0000eee6  _system_pre_init              
0000eee0  abort                         
00000212  adc                           
00000200  buffer                        
0000ec1c  calc_shade                    
0000dbc0  calc_temp                     
0000e14e  digits                        
00000228  down_sel                      
0000022a  errno                         
0000eeec  font_2_wide                   
0000f18c  font_5x7                      
0000f36c  font_matra                    
0000ec82  i2c_init                      
0000ed38  i2c_write                     
0000c736  log                           
0000c736  logl                          
0000e64a  main                          
0000e998  map                           
0000eea8  memcpy                        
00000226  option                        
0000dd86  print_delay_long              
0000e1f0  print_delay_short             
0000d986  print_tapman_chaya            
0000ee3e  register_settings_for_ADC10   
0000ebb0  reverse                       
0000edca  sel_led                       
0000e794  ssd1306_clearDisplay          
0000ee24  ssd1306_command               
0000de5c  ssd1306_init                  
0000e3c4  ssd1306_printText             
0000e55c  ssd1306_printText_2_wide      
0000e458  ssd1306_printText_matra       
0000e8b0  ssd1306_printUI32             
0000e9e0  ssd1306_setPosition           
0000ee56  start_sampling                
0000eeca  strlen                        
0000e5d4  ultoa                         
00000227  up_sel                        


GLOBAL SYMBOLS: SORTED BY Symbol Address 

address   name                          
-------   ----                          
00000000  IE1                           
00000001  IE2                           
00000002  IFG1                          
00000003  IFG2                          
00000010  P3REN                         
00000018  P3IN                          
00000019  P3OUT                         
0000001a  P3DIR                         
0000001b  P3SEL                         
00000020  P1IN                          
00000021  P1OUT                         
00000022  P1DIR                         
00000023  P1IFG                         
00000024  P1IES                         
00000025  P1IE                          
00000026  P1SEL                         
00000027  P1REN                         
00000028  P2IN                          
00000029  P2OUT                         
0000002a  P2DIR                         
0000002b  P2IFG                         
0000002c  P2IES                         
0000002d  P2IE                          
0000002e  P2SEL                         
0000002f  P2REN                         
00000041  P1SEL2                        
00000042  P2SEL2                        
00000043  P3SEL2                        
00000048  ADC10DTC0                     
00000049  ADC10DTC1                     
0000004a  ADC10AE0                      
00000050  __STACK_SIZE                  
00000053  BCSCTL3                       
00000056  DCOCTL                        
00000057  BCSCTL1                       
00000058  BCSCTL2                       
00000059  CACTL1                        
0000005a  CACTL2                        
0000005b  CAPD                          
0000005d  UCA0ABCTL                     
0000005e  UCA0IRTCTL                    
0000005f  UCA0IRRCTL                    
00000060  UCA0CTL0                      
00000061  UCA0CTL1                      
00000062  UCA0BR0                       
00000063  UCA0BR1                       
00000064  UCA0MCTL                      
00000065  UCA0STAT                      
00000066  UCA0RXBUF                     
00000067  UCA0TXBUF                     
00000068  UCB0CTL0                      
00000069  UCB0CTL1                      
0000006a  UCB0BR0                       
0000006b  UCB0BR1                       
0000006c  UCB0I2CIE                     
0000006d  UCB0STAT                      
0000006e  UCB0RXBUF                     
0000006f  UCB0TXBUF                     
00000118  UCB0I2COA                     
0000011a  UCB0I2CSA                     
0000011e  TA1IV                         
00000120  WDTCTL                        
00000128  FCTL1                         
0000012a  FCTL2                         
0000012c  FCTL3                         
0000012e  TA0IV                         
00000160  TA0CTL                        
00000162  TA0CCTL0                      
00000164  TA0CCTL1                      
00000166  TA0CCTL2                      
00000170  TA0R                          
00000172  TA0CCR0                       
00000174  TA0CCR1                       
00000176  TA0CCR2                       
00000180  TA1CTL                        
00000182  TA1CCTL0                      
00000184  TA1CCTL1                      
00000186  TA1CCTL2                      
00000190  TA1R                          
00000192  TA1CCR0                       
00000194  TA1CCR1                       
00000196  TA1CCR2                       
000001b0  ADC10CTL0                     
000001b2  ADC10CTL1                     
000001b4  ADC10MEM                      
000001bc  ADC10SA                       
00000200  buffer                        
00000212  adc                           
00000222  PTxData                       
00000224  TxByteCtr                     
00000226  option                        
00000227  up_sel                        
00000228  down_sel                      
0000022a  errno                         
000003b0  _stack                        
00000400  __STACK_END                   
000010c0  TLV_CHECKSUM                  
000010da  TLV_ADC10_1_TAG               
000010db  TLV_ADC10_1_LEN               
000010f6  TLV_DCO_30_TAG                
000010f7  TLV_DCO_30_LEN                
000010f8  CALDCO_16MHZ                  
000010f9  CALBC1_16MHZ                  
000010fa  CALDCO_12MHZ                  
000010fb  CALBC1_12MHZ                  
000010fc  CALDCO_8MHZ                   
000010fd  CALBC1_8MHZ                   
000010fe  CALDCO_1MHZ                   
000010ff  CALBC1_1MHZ                   
0000c000  __mspabi_addd                 
0000c736  log                           
0000c736  logl                          
0000cd72  __TI_frcdivd                  
0000d1ea  __mspabi_mpyd                 
0000d4aa  __mspabi_divd                 
0000d6e2  __TI_frcmpyd                  
0000d854  __mspabi_subf                 
0000d85a  __mspabi_addf                 
0000d986  print_tapman_chaya            
0000daac  __mspabi_mpyll                
0000daac  __mspabi_mpyll_sw             
0000dbc0  calc_temp                     
0000dcaa  __mspabi_cmpd                 
0000dd86  print_delay_long              
0000de5c  ssd1306_init                  
0000df2a  __mspabi_mpyf                 
0000dfee  __mspabi_cvtdf                
0000e0a2  __mspabi_fltlid               
0000e14e  digits                        
0000e1f0  print_delay_short             
0000e292  __mspabi_divf                 
0000e32e  Port_1                        
0000e3c4  ssd1306_printText             
0000e458  ssd1306_printText_matra       
0000e4e0  __TI_decompress_lzss          
0000e55c  ssd1306_printText_2_wide      
0000e5d4  ultoa                         
0000e64a  main                          
0000e6bc  __mspabi_cvtfd                
0000e72c  __mspabi_fixfi                
0000e794  ssd1306_clearDisplay          
0000e7fc  __mspabi_srll_15              
0000e802  __mspabi_srll_14              
0000e808  __mspabi_srll_13              
0000e80e  __mspabi_srll_12              
0000e814  __mspabi_srll_11              
0000e81a  __mspabi_srll_10              
0000e820  __mspabi_srll_9               
0000e826  __mspabi_srll_8               
0000e82c  __mspabi_srll_7               
0000e832  __mspabi_srll_6               
0000e838  __mspabi_srll_5               
0000e83e  __mspabi_srll_4               
0000e844  __mspabi_srll_3               
0000e84a  __mspabi_srll_2               
0000e850  __mspabi_srll_1               
0000e858  __mspabi_divul                
0000e858  __mspabi_remul                
0000e8b0  ssd1306_printUI32             
0000e902  __mspabi_srli                 
0000e910  __mspabi_srli_15              
0000e914  __mspabi_srli_14              
0000e918  __mspabi_srli_13              
0000e91c  __mspabi_srli_12              
0000e920  __mspabi_srli_11              
0000e924  __mspabi_srli_10              
0000e928  __mspabi_srli_9               
0000e92c  __mspabi_srli_8               
0000e930  __mspabi_srli_7               
0000e934  __mspabi_srli_6               
0000e938  __mspabi_srli_5               
0000e93c  __mspabi_srli_4               
0000e940  __mspabi_srli_3               
0000e944  __mspabi_srli_2               
0000e948  __mspabi_srli_1               
0000e94e  __mspabi_srall                
0000e998  map                           
0000e9e0  ssd1306_setPosition           
0000ea28  __mspabi_srlll                
0000ea6e  __mspabi_sllll                
0000eab2  __TI_auto_init_nobinit_nopinit
0000eaf4  __mspabi_divli                
0000eaf4  __mspabi_remli                
0000eb34  __mspabi_sral_15              
0000eb38  __mspabi_sral_14              
0000eb3c  __mspabi_sral_13              
0000eb40  __mspabi_sral_12              
0000eb44  __mspabi_sral_11              
0000eb48  __mspabi_sral_10              
0000eb4c  __mspabi_sral_9               
0000eb50  __mspabi_sral_8               
0000eb54  __mspabi_sral_7               
0000eb58  __mspabi_sral_6               
0000eb5c  __mspabi_sral_5               
0000eb60  __mspabi_sral_4               
0000eb64  __mspabi_sral_3               
0000eb68  __mspabi_sral_2               
0000eb6c  __mspabi_sral_1               
0000eb72  __mspabi_slll_15              
0000eb76  __mspabi_slll_14              
0000eb7a  __mspabi_slll_13              
0000eb7e  __mspabi_slll_12              
0000eb82  __mspabi_slll_11              
0000eb86  __mspabi_slll_10              
0000eb8a  __mspabi_slll_9               
0000eb8e  __mspabi_slll_8               
0000eb92  __mspabi_slll_7               
0000eb96  __mspabi_slll_6               
0000eb9a  __mspabi_slll_5               
0000eb9e  __mspabi_slll_4               
0000eba2  __mspabi_slll_3               
0000eba6  __mspabi_slll_2               
0000ebaa  __mspabi_slll_1               
0000ebb0  reverse                       
0000ebe6  __mspabi_fltif                
0000ec1c  calc_shade                    
0000ec50  USCIAB0TX_ISR                 
0000ec82  i2c_init                      
0000ecb2  __mspabi_subd                 
0000ece0  __mspabi_srai                 
0000ecec  __mspabi_srai_15              
0000ecee  __mspabi_srai_14              
0000ecf0  __mspabi_srai_13              
0000ecf2  __mspabi_srai_12              
0000ecf4  __mspabi_srai_11              
0000ecf6  __mspabi_srai_10              
0000ecf8  __mspabi_srai_9               
0000ecfa  __mspabi_srai_8               
0000ecfc  __mspabi_srai_7               
0000ecfe  __mspabi_srai_6               
0000ed00  __mspabi_srai_5               
0000ed02  __mspabi_srai_4               
0000ed04  __mspabi_srai_3               
0000ed06  __mspabi_srai_2               
0000ed08  __mspabi_srai_1               
0000ed0c  __mspabi_slli                 
0000ed18  __mspabi_slli_15              
0000ed1a  __mspabi_slli_14              
0000ed1c  __mspabi_slli_13              
0000ed1e  __mspabi_slli_12              
0000ed20  __mspabi_slli_11              
0000ed22  __mspabi_slli_10              
0000ed24  __mspabi_slli_9               
0000ed26  __mspabi_slli_8               
0000ed28  __mspabi_slli_7               
0000ed2a  __mspabi_slli_6               
0000ed2c  __mspabi_slli_5               
0000ed2e  __mspabi_slli_4               
0000ed30  __mspabi_slli_3               
0000ed32  __mspabi_slli_2               
0000ed34  __mspabi_slli_1               
0000ed38  i2c_write                     
0000ed5e  __mspabi_mpyl                 
0000ed5e  __mspabi_mpyl_sw              
0000ed84  __mspabi_fltuf                
0000eda8  __mspabi_mpyul                
0000eda8  __mspabi_mpyul_sw             
0000edca  sel_led                       
0000edea  __mspabi_mpyull               
0000edea  __mspabi_mpyull_sw            
0000ee08  _c_int00_noargs               
0000ee24  ssd1306_command               
0000ee3e  register_settings_for_ADC10   
0000ee56  start_sampling                
0000ee6e  __TI_zero_init_nomemset       
0000ee82  __mspabi_mpyi                 
0000ee82  __mspabi_mpyi_sw              
0000ee96  __TI_decompress_none          
0000eea8  memcpy                        
0000eeba  __mspabi_func_epilog_7        
0000eebc  __mspabi_func_epilog_6        
0000eebe  __mspabi_func_epilog_5        
0000eec0  __mspabi_func_epilog_4        
0000eec2  __mspabi_func_epilog_3        
0000eec4  __mspabi_func_epilog_2        
0000eec6  __mspabi_func_epilog_1        
0000eeca  strlen                        
0000eed8  __TI_ISR_TRAP                 
0000eee0  C$$EXIT                       
0000eee0  abort                         
0000eee6  _system_pre_init              
0000eeea  _system_post_cinit            
0000eeec  font_2_wide                   
0000f18c  font_5x7                      
0000f36c  font_matra                    
0000f4ce  HcenterUL                     
0000f4e2  __TI_Handler_Table_Base       
0000f4e8  __TI_Handler_Table_Limit      
0000f4ec  __TI_CINIT_Base               
0000f4f4  __TI_CINIT_Limit              
0000ffe0  __TI_int00                    
0000ffe4  __TI_int02                    
0000ffe6  __TI_int03                    
0000ffea  __TI_int05                    
0000ffec  __TI_int06                    
0000ffee  __TI_int07                    
0000fff0  __TI_int08                    
0000fff2  __TI_int09                    
0000fff4  __TI_int10                    
0000fff6  __TI_int11                    
0000fff8  __TI_int12                    
0000fffa  __TI_int13                    
0000fffc  __TI_int14                    
0000fffe  _reset_vector                 
ffffffff  __TI_pprof_out_hndl           
ffffffff  __TI_prof_data_size           
ffffffff  __TI_prof_data_start          
ffffffff  __c_args__                    

[308 symbols]
