******************************************************************************
                  MSP430 Linker PC v20.2.4                     
******************************************************************************
>> Linked Sat Nov 20 21:01:41 2021

OUTPUT FILE NAME:   <Analog_Serial_printing.out>
ENTRY POINT SYMBOL: "_c_int00_noargs"  address: 0000e930


MEMORY CONFIGURATION

         name            origin    length      used     unused   attr    fill
----------------------  --------  ---------  --------  --------  ----  --------
  SFR                   00000000   00000010  00000000  00000010  RWIX
  PERIPHERALS_8BIT      00000010   000000f0  00000000  000000f0  RWIX
  PERIPHERALS_16BIT     00000100   00000100  00000000  00000100  RWIX
  RAM                   00000200   00000200  000000ea  00000116  RWIX
  INFOD                 00001000   00000040  00000000  00000040  RWIX
  INFOC                 00001040   00000040  00000000  00000040  RWIX
  INFOB                 00001080   00000040  00000000  00000040  RWIX
  INFOA                 000010c0   00000040  00000000  00000040  RWIX
  FLASH                 0000c000   00003fde  00002ab4  0000152a  RWIX
  BSLSIGNATURE          0000ffde   00000002  00000002  00000000  RWIX  ffff 
  INT00                 0000ffe0   00000002  00000002  00000000  RWIX
  INT01                 0000ffe2   00000002  00000000  00000002  RWIX
  INT02                 0000ffe4   00000002  00000002  00000000  RWIX
  INT03                 0000ffe6   00000002  00000002  00000000  RWIX
  INT04                 0000ffe8   00000002  00000000  00000002  RWIX
  INT05                 0000ffea   00000002  00000002  00000000  RWIX
  INT06                 0000ffec   00000002  00000002  00000000  RWIX
  INT07                 0000ffee   00000002  00000002  00000000  RWIX
  INT08                 0000fff0   00000002  00000002  00000000  RWIX
  INT09                 0000fff2   00000002  00000002  00000000  RWIX
  INT10                 0000fff4   00000002  00000002  00000000  RWIX
  INT11                 0000fff6   00000002  00000002  00000000  RWIX
  INT12                 0000fff8   00000002  00000002  00000000  RWIX
  INT13                 0000fffa   00000002  00000002  00000000  RWIX
  INT14                 0000fffc   00000002  00000002  00000000  RWIX
  RESET                 0000fffe   00000002  00000002  00000000  RWIX


SECTION ALLOCATION MAP

 output                                  attributes/
section   page    origin      length       input sections
--------  ----  ----------  ----------   ----------------
.data      0    00000200    0000008e     UNINITIALIZED
                  00000200    00000078     rts430_eabi.lib : defs.c.obj (.data:_ftable)
                  00000278    00000010     Analog_Serial_printing.obj (.data)
                  00000288    00000002     rts430_eabi.lib : _lock.c.obj (.data:_lock)
                  0000028a    00000002                     : _lock.c.obj (.data:_unlock)
                  0000028c    00000002                     : errno.c.obj (.data)

.bss       0    0000028e    0000000c     UNINITIALIZED
                  0000028e    00000004     (.common:R)
                  00000292    00000004     (.common:T)
                  00000296    00000004     (.common:logR)

.stack     0    000003b0    00000050     UNINITIALIZED
                  000003b0    00000002     rts430_eabi.lib : boot.c.obj (.stack)
                  000003b2    0000004e     --HOLE--

.text      0    0000c000    00002a26     
                  0000c000    00000736     rts430_eabi.lib : addd.c.obj (.text:__mspabi_addd)
                  0000c736    0000063c                     : e_log.c.obj (.text:log)
                  0000cd72    00000478                     : frcdivd.c.obj (.text:__TI_frcdivd)
                  0000d1ea    000002c0                     : mpyd.c.obj (.text:__mspabi_mpyd)
                  0000d4aa    00000238                     : divd.c.obj (.text:__mspabi_divd)
                  0000d6e2    0000021c     Analog_Serial_printing.obj (.text:main)
                  0000d8fe    00000172     rts430_eabi.lib : frcmpyd.c.obj (.text:__TI_frcmpyd)
                  0000da70    00000132                     : fs_add.asm.obj (.text)
                  0000dba2    00000116                     : _printfi_min.c.obj (.text:_setfield)
                  0000dcb8    00000114                     : mult64.asm.obj (.text:__mpyll)
                  0000ddcc    000000ec                     : _printfi_min.c.obj (.text:__TI_printfi_minimal)
                  0000deb8    000000dc                     : cmpd.c.obj (.text:__mspabi_cmpd)
                  0000df94    000000ca                     : _printfi_min.c.obj (.text:_pproc_diouxp)
                  0000e05e    000000c4                     : fs_mpy.asm.obj (.text)
                  0000e122    000000b4                     : cvtdf.c.obj (.text:__mspabi_cvtdf)
                  0000e1d6    000000ac                     : fltlid.c.obj (.text:__mspabi_fltlid)
                  0000e282    0000009c                     : fs_div.asm.obj (.text)
                  0000e31e    0000008a                     : fltuld.c.obj (.text:__mspabi_fltuld)
                  0000e3a8    0000007c                     : copy_decompress_lzss.c.obj (.text:decompress:lzss:__TI_decompress_lzss)
                  0000e424    00000070                     : cvtfd.c.obj (.text:__mspabi_cvtfd)
                  0000e494    00000068                     : fs_toi.asm.obj (.text)
                  0000e4fc    0000005c                     : lsr32.asm.obj (.text:l_lsr_const)
                  0000e558    0000004c                     : lsr16.asm.obj (.text)
                  0000e5a4    0000004a                     : asr64.c.obj (.text:__mspabi_srall)
                  0000e5ee    00000046                     : lsr64.c.obj (.text:__mspabi_srlll)
                  0000e634    00000044                     : lsl64.c.obj (.text:__mspabi_sllll)
                  0000e678    00000042                     : autoinit.c.obj (.text:__TI_auto_init_nobinit_nopinit:__TI_auto_init_nobinit_nopinit)
                  0000e6ba    0000003e                     : asr32.asm.obj (.text:l_asr_const)
                  0000e6f8    0000003e                     : lsl32.asm.obj (.text:l_lsl_const)
                  0000e736    0000003c                     : printf.c.obj (.text:printf)
                  0000e772    00000036                     : fs_itof.asm.obj (.text)
                  0000e7a8    00000030     SerialPrint.obj (.text:initialise_SerialPrint_on_lunchbox)
                  0000e7d8    0000002e     rts430_eabi.lib : subd.c.obj (.text:__mspabi_subd)
                  0000e806    0000002c                     : asr16.asm.obj (.text)
                  0000e832    0000002c                     : lsl16.asm.obj (.text)
                  0000e85e    00000026     SerialPrint.obj (.text:fputs)
                  0000e884    00000026     rts430_eabi.lib : mult32.asm.obj (.text)
                  0000e8aa    00000024                     : fs_utof.asm.obj (.text)
                  0000e8ce    00000022                     : mult1632.asm.obj (.text:__mpyul)
                  0000e8f0    00000022                     : memccpy.c.obj (.text:memccpy)
                  0000e912    0000001e                     : mult3264.asm.obj (.text:__mpyull)
                  0000e930    0000001c                     : boot.c.obj (.text:_c_int00_noargs)
                  0000e94c    00000016                     : div16u.asm.obj (.text)
                  0000e962    00000014                     : copy_zero_init.c.obj (.text:decompress:ZI:__TI_zero_init_nomemset:__TI_zero_init_nomemset)
                  0000e976    00000014                     : memset.c.obj (.text:memset)
                  0000e98a    00000014                     : mult16.asm.obj (.text)
                  0000e99e    00000012                     : copy_decompress_none.c.obj (.text:decompress:none:__TI_decompress_none)
                  0000e9b0    00000012                     : memcpy.c.obj (.text:memcpy)
                  0000e9c2    00000012     Analog_Serial_printing.obj (.text:register_settings_for_ADC10)
                  0000e9d4    00000010     rts430_eabi.lib : epilog.asm.obj (.text)
                  0000e9e4    0000000e     SerialPrint.obj (.text:fputc)
                  0000e9f2    0000000e     rts430_eabi.lib : strlen.c.obj (.text:strlen)
                  0000ea00    00000008                     : isr_trap.asm.obj (.text:_isr:__TI_ISR_TRAP)
                  0000ea08    00000006                     : fltud.c.obj (.text:__mspabi_fltud)
                  0000ea0e    00000006                     : printf.c.obj (.text:_outc)
                  0000ea14    00000006                     : exit.c.obj (.text:abort)
                  0000ea1a    00000004                     : printf.c.obj (.text:_outs)
                  0000ea1e    00000004                     : pre_init.c.obj (.text:_system_pre_init)
                  0000ea22    00000002                     : _lock.c.obj (.text:_nop)
                  0000ea24    00000002                     : startup.c.obj (.text:_system_post_cinit)

.const     0    0000ea26    0000004a     
                  0000ea26    00000036     Analog_Serial_printing.obj (.const:.string)
                  0000ea5c    00000014     rts430_eabi.lib : _printfi_min.c.obj (.const:.string)

.cinit     0    0000ea70    00000044     
                  0000ea70    00000031     (.cinit..data.load) [load image, compression = lzss]
                  0000eaa1    00000001     --HOLE-- [fill = 0]
                  0000eaa2    00000006     (__TI_handler_table)
                  0000eaa8    00000004     (.cinit..bss.load) [load image, compression = zero_init]
                  0000eaac    00000008     (__TI_cinit_table)

.binit     0    0000c000    00000000     

.init_array 
*          0    0000c000    00000000     UNINITIALIZED

TRAPINT    0    0000ffe0    00000002     
                  0000ffe0    00000002     rts430_eabi.lib : int00.asm.obj (.int00)

PORT1      0    0000ffe4    00000002     
                  0000ffe4    00000002     rts430_eabi.lib : int02.asm.obj (.int02)

PORT2      0    0000ffe6    00000002     
                  0000ffe6    00000002     rts430_eabi.lib : int03.asm.obj (.int03)

ADC10      0    0000ffea    00000002     
                  0000ffea    00000002     rts430_eabi.lib : int05.asm.obj (.int05)

USCIAB0TX 
*          0    0000ffec    00000002     
                  0000ffec    00000002     rts430_eabi.lib : int06.asm.obj (.int06)

USCIAB0RX 
*          0    0000ffee    00000002     
                  0000ffee    00000002     rts430_eabi.lib : int07.asm.obj (.int07)

TIMER0_A1 
*          0    0000fff0    00000002     
                  0000fff0    00000002     rts430_eabi.lib : int08.asm.obj (.int08)

TIMER0_A0 
*          0    0000fff2    00000002     
                  0000fff2    00000002     rts430_eabi.lib : int09.asm.obj (.int09)

WDT        0    0000fff4    00000002     
                  0000fff4    00000002     rts430_eabi.lib : int10.asm.obj (.int10)

COMPARATORA 
*          0    0000fff6    00000002     
                  0000fff6    00000002     rts430_eabi.lib : int11.asm.obj (.int11)

TIMER1_A1 
*          0    0000fff8    00000002     
                  0000fff8    00000002     rts430_eabi.lib : int12.asm.obj (.int12)

TIMER1_A0 
*          0    0000fffa    00000002     
                  0000fffa    00000002     rts430_eabi.lib : int13.asm.obj (.int13)

NMI        0    0000fffc    00000002     
                  0000fffc    00000002     rts430_eabi.lib : int14.asm.obj (.int14)

.reset     0    0000fffe    00000002     
                  0000fffe    00000002     rts430_eabi.lib : boot.c.obj (.reset)

$fill000   0    0000ffde    00000002     
                  0000ffde    00000002     --HOLE-- [fill = ffff]

MODULE SUMMARY

       Module                       code    ro data   rw data
       ------                       ----    -------   -------
    .\
       Analog_Serial_printing.obj   558     54        28     
    +--+----------------------------+-------+---------+---------+
       Total:                       558     54        28     
                                                             
    .\Library\
       SerialPrint.obj              100     0         0      
    +--+----------------------------+-------+---------+---------+
       Total:                       100     0         0      
                                                             
    C:\ti\ccs1030\ccs\tools\compiler\ti-cgt-msp430_20.2.4.LTS\lib\rts430_eabi.lib
       addd.c.obj                   1846    0         0      
       e_log.c.obj                  1596    0         0      
       frcdivd.c.obj                1144    0         0      
       _printfi_min.c.obj           716     20        0      
       mpyd.c.obj                   704     0         0      
       divd.c.obj                   568     0         0      
       frcmpyd.c.obj                370     0         0      
       fs_add.asm.obj               306     0         0      
       mult64.asm.obj               276     0         0      
       cmpd.c.obj                   220     0         0      
       fs_mpy.asm.obj               196     0         0      
       cvtdf.c.obj                  180     0         0      
       fltlid.c.obj                 172     0         0      
       fs_div.asm.obj               156     0         0      
       fltuld.c.obj                 138     0         0      
       copy_decompress_lzss.c.obj   124     0         0      
       defs.c.obj                   0       0         120    
       cvtfd.c.obj                  112     0         0      
       fs_toi.asm.obj               104     0         0      
       lsr32.asm.obj                92      0         0      
       lsr16.asm.obj                76      0         0      
       asr64.c.obj                  74      0         0      
       lsr64.c.obj                  70      0         0      
       printf.c.obj                 70      0         0      
       lsl64.c.obj                  68      0         0      
       autoinit.c.obj               66      0         0      
       asr32.asm.obj                62      0         0      
       lsl32.asm.obj                62      0         0      
       fs_itof.asm.obj              54      0         0      
       subd.c.obj                   46      0         0      
       asr16.asm.obj                44      0         0      
       lsl16.asm.obj                44      0         0      
       mult32.asm.obj               38      0         0      
       fs_utof.asm.obj              36      0         0      
       memccpy.c.obj                34      0         0      
       mult1632.asm.obj             34      0         0      
       boot.c.obj                   28      2         0      
       mult3264.asm.obj             30      0         0      
       div16u.asm.obj               22      0         0      
       copy_zero_init.c.obj         20      0         0      
       memset.c.obj                 20      0         0      
       mult16.asm.obj               20      0         0      
       copy_decompress_none.c.obj   18      0         0      
       memcpy.c.obj                 18      0         0      
       epilog.asm.obj               16      0         0      
       strlen.c.obj                 14      0         0      
       isr_trap.asm.obj             8       0         0      
       _lock.c.obj                  2       0         4      
       exit.c.obj                   6       0         0      
       fltud.c.obj                  6       0         0      
       pre_init.c.obj               4       0         0      
       errno.c.obj                  0       0         2      
       int00.asm.obj                0       2         0      
       int02.asm.obj                0       2         0      
       int03.asm.obj                0       2         0      
       int05.asm.obj                0       2         0      
       int06.asm.obj                0       2         0      
       int07.asm.obj                0       2         0      
       int08.asm.obj                0       2         0      
       int09.asm.obj                0       2         0      
       int10.asm.obj                0       2         0      
       int11.asm.obj                0       2         0      
       int12.asm.obj                0       2         0      
       int13.asm.obj                0       2         0      
       int14.asm.obj                0       2         0      
       startup.c.obj                2       0         0      
    +--+----------------------------+-------+---------+---------+
       Total:                       10132   48        126    
                                                             
       Stack:                       0       0         80     
       Linker Generated:            0       67        0      
    +--+----------------------------+-------+---------+---------+
       Grand Total:                 10790   169       234    


LINKER GENERATED COPY TABLES

__TI_cinit_table @ 0000eaac records: 2, size/record: 4, table size: 8
	.data: load addr=0000ea70, load size=00000031 bytes, run addr=00000200, run size=0000008e bytes, compression=lzss
	.bss: load addr=0000eaa8, load size=00000004 bytes, run addr=0000028e, run size=0000000c bytes, compression=zero_init


LINKER GENERATED HANDLER TABLE

__TI_handler_table @ 0000eaa2 records: 3, size/record: 2, table size: 6
	index: 0, handler: __TI_zero_init
	index: 1, handler: __TI_decompress_lzss
	index: 2, handler: __TI_decompress_none


GLOBAL SYMBOLS: SORTED ALPHABETICALLY BY Name 

address   name                              
-------   ----                              
0000004a  ADC10AE0                          
000001b0  ADC10CTL0                         
000001b2  ADC10CTL1                         
00000048  ADC10DTC0                         
00000049  ADC10DTC1                         
000001b4  ADC10MEM                          
000001bc  ADC10SA                           
00000057  BCSCTL1                           
00000058  BCSCTL2                           
00000053  BCSCTL3                           
0000ea14  C$$EXIT                           
00000059  CACTL1                            
0000005a  CACTL2                            
000010fb  CALBC1_12MHZ                      
000010f9  CALBC1_16MHZ                      
000010ff  CALBC1_1MHZ                       
000010fd  CALBC1_8MHZ                       
000010fa  CALDCO_12MHZ                      
000010f8  CALDCO_16MHZ                      
000010fe  CALDCO_1MHZ                       
000010fc  CALDCO_8MHZ                       
0000005b  CAPD                              
00000056  DCOCTL                            
00000128  FCTL1                             
0000012a  FCTL2                             
0000012c  FCTL3                             
00000000  IE1                               
00000001  IE2                               
00000002  IFG1                              
00000003  IFG2                              
00000022  P1DIR                             
00000025  P1IE                              
00000024  P1IES                             
00000023  P1IFG                             
00000020  P1IN                              
00000021  P1OUT                             
00000027  P1REN                             
00000026  P1SEL                             
00000041  P1SEL2                            
0000002a  P2DIR                             
0000002d  P2IE                              
0000002c  P2IES                             
0000002b  P2IFG                             
00000028  P2IN                              
00000029  P2OUT                             
0000002f  P2REN                             
0000002e  P2SEL                             
00000042  P2SEL2                            
0000001a  P3DIR                             
00000018  P3IN                              
00000019  P3OUT                             
00000010  P3REN                             
0000001b  P3SEL                             
00000043  P3SEL2                            
0000028e  R                                 
00000284  R_t                               
00000292  T                                 
00000172  TA0CCR0                           
00000174  TA0CCR1                           
00000176  TA0CCR2                           
00000162  TA0CCTL0                          
00000164  TA0CCTL1                          
00000166  TA0CCTL2                          
00000160  TA0CTL                            
0000012e  TA0IV                             
00000170  TA0R                              
00000192  TA1CCR0                           
00000194  TA1CCR1                           
00000196  TA1CCR2                           
00000182  TA1CCTL0                          
00000184  TA1CCTL1                          
00000186  TA1CCTL2                          
00000180  TA1CTL                            
0000011e  TA1IV                             
00000190  TA1R                              
000010db  TLV_ADC10_1_LEN                   
000010da  TLV_ADC10_1_TAG                   
000010c0  TLV_CHECKSUM                      
000010f7  TLV_DCO_30_LEN                    
000010f6  TLV_DCO_30_TAG                    
0000005d  UCA0ABCTL                         
00000062  UCA0BR0                           
00000063  UCA0BR1                           
00000060  UCA0CTL0                          
00000061  UCA0CTL1                          
0000005f  UCA0IRRCTL                        
0000005e  UCA0IRTCTL                        
00000064  UCA0MCTL                          
00000066  UCA0RXBUF                         
00000065  UCA0STAT                          
00000067  UCA0TXBUF                         
0000006a  UCB0BR0                           
0000006b  UCB0BR1                           
00000068  UCB0CTL0                          
00000069  UCB0CTL1                          
0000006c  UCB0I2CIE                         
00000118  UCB0I2COA                         
0000011a  UCB0I2CSA                         
0000006e  UCB0RXBUF                         
0000006d  UCB0STAT                          
0000006f  UCB0TXBUF                         
00000120  WDTCTL                            
00000400  __STACK_END                       
00000050  __STACK_SIZE                      
0000eaac  __TI_CINIT_Base                   
0000eab4  __TI_CINIT_Limit                  
0000eaa2  __TI_Handler_Table_Base           
0000eaa8  __TI_Handler_Table_Limit          
0000ea00  __TI_ISR_TRAP                     
0000e678  __TI_auto_init_nobinit_nopinit    
0000e3a8  __TI_decompress_lzss              
0000e99e  __TI_decompress_none              
0000cd72  __TI_frcdivd                      
0000d8fe  __TI_frcmpyd                      
0000ffe0  __TI_int00                        
0000ffe4  __TI_int02                        
0000ffe6  __TI_int03                        
0000ffea  __TI_int05                        
0000ffec  __TI_int06                        
0000ffee  __TI_int07                        
0000fff0  __TI_int08                        
0000fff2  __TI_int09                        
0000fff4  __TI_int10                        
0000fff6  __TI_int11                        
0000fff8  __TI_int12                        
0000fffa  __TI_int13                        
0000fffc  __TI_int14                        
ffffffff  __TI_pprof_out_hndl               
0000ddcc  __TI_printfi_minimal              
ffffffff  __TI_prof_data_size               
ffffffff  __TI_prof_data_start              
0000e962  __TI_zero_init_nomemset           
ffffffff  __c_args__                        
0000c000  __mspabi_addd                     
0000da76  __mspabi_addf                     
0000deb8  __mspabi_cmpd                     
0000e122  __mspabi_cvtdf                    
0000e424  __mspabi_cvtfd                    
0000d4aa  __mspabi_divd                     
0000e282  __mspabi_divf                     
0000e94c  __mspabi_divu                     
0000e494  __mspabi_fixfi                    
0000e772  __mspabi_fltif                    
0000e1d6  __mspabi_fltlid                   
0000ea08  __mspabi_fltud                    
0000e8aa  __mspabi_fltuf                    
0000e31e  __mspabi_fltuld                   
0000e9e0  __mspabi_func_epilog_1            
0000e9de  __mspabi_func_epilog_2            
0000e9dc  __mspabi_func_epilog_3            
0000e9da  __mspabi_func_epilog_4            
0000e9d8  __mspabi_func_epilog_5            
0000e9d6  __mspabi_func_epilog_6            
0000e9d4  __mspabi_func_epilog_7            
0000d1ea  __mspabi_mpyd                     
0000e05e  __mspabi_mpyf                     
0000e98a  __mspabi_mpyi                     
0000e98a  __mspabi_mpyi_sw                  
0000e884  __mspabi_mpyl                     
0000e884  __mspabi_mpyl_sw                  
0000dcb8  __mspabi_mpyll                    
0000dcb8  __mspabi_mpyll_sw                 
0000e8ce  __mspabi_mpyul                    
0000e8ce  __mspabi_mpyul_sw                 
0000e912  __mspabi_mpyull                   
0000e912  __mspabi_mpyull_sw                
0000e94c  __mspabi_remu                     
0000e832  __mspabi_slli                     
0000e85a  __mspabi_slli_1                   
0000e848  __mspabi_slli_10                  
0000e846  __mspabi_slli_11                  
0000e844  __mspabi_slli_12                  
0000e842  __mspabi_slli_13                  
0000e840  __mspabi_slli_14                  
0000e83e  __mspabi_slli_15                  
0000e858  __mspabi_slli_2                   
0000e856  __mspabi_slli_3                   
0000e854  __mspabi_slli_4                   
0000e852  __mspabi_slli_5                   
0000e850  __mspabi_slli_6                   
0000e84e  __mspabi_slli_7                   
0000e84c  __mspabi_slli_8                   
0000e84a  __mspabi_slli_9                   
0000e730  __mspabi_slll_1                   
0000e70c  __mspabi_slll_10                  
0000e708  __mspabi_slll_11                  
0000e704  __mspabi_slll_12                  
0000e700  __mspabi_slll_13                  
0000e6fc  __mspabi_slll_14                  
0000e6f8  __mspabi_slll_15                  
0000e72c  __mspabi_slll_2                   
0000e728  __mspabi_slll_3                   
0000e724  __mspabi_slll_4                   
0000e720  __mspabi_slll_5                   
0000e71c  __mspabi_slll_6                   
0000e718  __mspabi_slll_7                   
0000e714  __mspabi_slll_8                   
0000e710  __mspabi_slll_9                   
0000e634  __mspabi_sllll                    
0000e806  __mspabi_srai                     
0000e82e  __mspabi_srai_1                   
0000e81c  __mspabi_srai_10                  
0000e81a  __mspabi_srai_11                  
0000e818  __mspabi_srai_12                  
0000e816  __mspabi_srai_13                  
0000e814  __mspabi_srai_14                  
0000e812  __mspabi_srai_15                  
0000e82c  __mspabi_srai_2                   
0000e82a  __mspabi_srai_3                   
0000e828  __mspabi_srai_4                   
0000e826  __mspabi_srai_5                   
0000e824  __mspabi_srai_6                   
0000e822  __mspabi_srai_7                   
0000e820  __mspabi_srai_8                   
0000e81e  __mspabi_srai_9                   
0000e6f2  __mspabi_sral_1                   
0000e6ce  __mspabi_sral_10                  
0000e6ca  __mspabi_sral_11                  
0000e6c6  __mspabi_sral_12                  
0000e6c2  __mspabi_sral_13                  
0000e6be  __mspabi_sral_14                  
0000e6ba  __mspabi_sral_15                  
0000e6ee  __mspabi_sral_2                   
0000e6ea  __mspabi_sral_3                   
0000e6e6  __mspabi_sral_4                   
0000e6e2  __mspabi_sral_5                   
0000e6de  __mspabi_sral_6                   
0000e6da  __mspabi_sral_7                   
0000e6d6  __mspabi_sral_8                   
0000e6d2  __mspabi_sral_9                   
0000e5a4  __mspabi_srall                    
0000e558  __mspabi_srli                     
0000e59e  __mspabi_srli_1                   
0000e57a  __mspabi_srli_10                  
0000e576  __mspabi_srli_11                  
0000e572  __mspabi_srli_12                  
0000e56e  __mspabi_srli_13                  
0000e56a  __mspabi_srli_14                  
0000e566  __mspabi_srli_15                  
0000e59a  __mspabi_srli_2                   
0000e596  __mspabi_srli_3                   
0000e592  __mspabi_srli_4                   
0000e58e  __mspabi_srli_5                   
0000e58a  __mspabi_srli_6                   
0000e586  __mspabi_srli_7                   
0000e582  __mspabi_srli_8                   
0000e57e  __mspabi_srli_9                   
0000e550  __mspabi_srll_1                   
0000e51a  __mspabi_srll_10                  
0000e514  __mspabi_srll_11                  
0000e50e  __mspabi_srll_12                  
0000e508  __mspabi_srll_13                  
0000e502  __mspabi_srll_14                  
0000e4fc  __mspabi_srll_15                  
0000e54a  __mspabi_srll_2                   
0000e544  __mspabi_srll_3                   
0000e53e  __mspabi_srll_4                   
0000e538  __mspabi_srll_5                   
0000e532  __mspabi_srll_6                   
0000e52c  __mspabi_srll_7                   
0000e526  __mspabi_srll_8                   
0000e520  __mspabi_srll_9                   
0000e5ee  __mspabi_srlll                    
0000e7d8  __mspabi_subd                     
0000da70  __mspabi_subf                     
0000e930  _c_int00_noargs                   
00000200  _ftable                           
00000288  _lock                             
0000ea22  _nop                              
0000fffe  _reset_vector                     
000003b0  _stack                            
0000ea24  _system_post_cinit                
0000ea1e  _system_pre_init                  
0000028a  _unlock                           
0000ea14  abort                             
00000278  c1                                
0000027c  c2                                
00000280  c3                                
0000028c  errno                             
0000e9e4  fputc                             
0000e85e  fputs                             
0000e7a8  initialise_SerialPrint_on_lunchbox
0000c736  log                               
00000296  logR                              
0000c736  logl                              
0000d6e2  main                              
0000e8f0  memccpy                           
0000e9b0  memcpy                            
0000e976  memset                            
0000e736  printf                            
0000e9c2  register_settings_for_ADC10       
0000e9f2  strlen                            


GLOBAL SYMBOLS: SORTED BY Symbol Address 

address   name                              
-------   ----                              
00000000  IE1                               
00000001  IE2                               
00000002  IFG1                              
00000003  IFG2                              
00000010  P3REN                             
00000018  P3IN                              
00000019  P3OUT                             
0000001a  P3DIR                             
0000001b  P3SEL                             
00000020  P1IN                              
00000021  P1OUT                             
00000022  P1DIR                             
00000023  P1IFG                             
00000024  P1IES                             
00000025  P1IE                              
00000026  P1SEL                             
00000027  P1REN                             
00000028  P2IN                              
00000029  P2OUT                             
0000002a  P2DIR                             
0000002b  P2IFG                             
0000002c  P2IES                             
0000002d  P2IE                              
0000002e  P2SEL                             
0000002f  P2REN                             
00000041  P1SEL2                            
00000042  P2SEL2                            
00000043  P3SEL2                            
00000048  ADC10DTC0                         
00000049  ADC10DTC1                         
0000004a  ADC10AE0                          
00000050  __STACK_SIZE                      
00000053  BCSCTL3                           
00000056  DCOCTL                            
00000057  BCSCTL1                           
00000058  BCSCTL2                           
00000059  CACTL1                            
0000005a  CACTL2                            
0000005b  CAPD                              
0000005d  UCA0ABCTL                         
0000005e  UCA0IRTCTL                        
0000005f  UCA0IRRCTL                        
00000060  UCA0CTL0                          
00000061  UCA0CTL1                          
00000062  UCA0BR0                           
00000063  UCA0BR1                           
00000064  UCA0MCTL                          
00000065  UCA0STAT                          
00000066  UCA0RXBUF                         
00000067  UCA0TXBUF                         
00000068  UCB0CTL0                          
00000069  UCB0CTL1                          
0000006a  UCB0BR0                           
0000006b  UCB0BR1                           
0000006c  UCB0I2CIE                         
0000006d  UCB0STAT                          
0000006e  UCB0RXBUF                         
0000006f  UCB0TXBUF                         
00000118  UCB0I2COA                         
0000011a  UCB0I2CSA                         
0000011e  TA1IV                             
00000120  WDTCTL                            
00000128  FCTL1                             
0000012a  FCTL2                             
0000012c  FCTL3                             
0000012e  TA0IV                             
00000160  TA0CTL                            
00000162  TA0CCTL0                          
00000164  TA0CCTL1                          
00000166  TA0CCTL2                          
00000170  TA0R                              
00000172  TA0CCR0                           
00000174  TA0CCR1                           
00000176  TA0CCR2                           
00000180  TA1CTL                            
00000182  TA1CCTL0                          
00000184  TA1CCTL1                          
00000186  TA1CCTL2                          
00000190  TA1R                              
00000192  TA1CCR0                           
00000194  TA1CCR1                           
00000196  TA1CCR2                           
000001b0  ADC10CTL0                         
000001b2  ADC10CTL1                         
000001b4  ADC10MEM                          
000001bc  ADC10SA                           
00000200  _ftable                           
00000278  c1                                
0000027c  c2                                
00000280  c3                                
00000284  R_t                               
00000288  _lock                             
0000028a  _unlock                           
0000028c  errno                             
0000028e  R                                 
00000292  T                                 
00000296  logR                              
000003b0  _stack                            
00000400  __STACK_END                       
000010c0  TLV_CHECKSUM                      
000010da  TLV_ADC10_1_TAG                   
000010db  TLV_ADC10_1_LEN                   
000010f6  TLV_DCO_30_TAG                    
000010f7  TLV_DCO_30_LEN                    
000010f8  CALDCO_16MHZ                      
000010f9  CALBC1_16MHZ                      
000010fa  CALDCO_12MHZ                      
000010fb  CALBC1_12MHZ                      
000010fc  CALDCO_8MHZ                       
000010fd  CALBC1_8MHZ                       
000010fe  CALDCO_1MHZ                       
000010ff  CALBC1_1MHZ                       
0000c000  __mspabi_addd                     
0000c736  log                               
0000c736  logl                              
0000cd72  __TI_frcdivd                      
0000d1ea  __mspabi_mpyd                     
0000d4aa  __mspabi_divd                     
0000d6e2  main                              
0000d8fe  __TI_frcmpyd                      
0000da70  __mspabi_subf                     
0000da76  __mspabi_addf                     
0000dcb8  __mspabi_mpyll                    
0000dcb8  __mspabi_mpyll_sw                 
0000ddcc  __TI_printfi_minimal              
0000deb8  __mspabi_cmpd                     
0000e05e  __mspabi_mpyf                     
0000e122  __mspabi_cvtdf                    
0000e1d6  __mspabi_fltlid                   
0000e282  __mspabi_divf                     
0000e31e  __mspabi_fltuld                   
0000e3a8  __TI_decompress_lzss              
0000e424  __mspabi_cvtfd                    
0000e494  __mspabi_fixfi                    
0000e4fc  __mspabi_srll_15                  
0000e502  __mspabi_srll_14                  
0000e508  __mspabi_srll_13                  
0000e50e  __mspabi_srll_12                  
0000e514  __mspabi_srll_11                  
0000e51a  __mspabi_srll_10                  
0000e520  __mspabi_srll_9                   
0000e526  __mspabi_srll_8                   
0000e52c  __mspabi_srll_7                   
0000e532  __mspabi_srll_6                   
0000e538  __mspabi_srll_5                   
0000e53e  __mspabi_srll_4                   
0000e544  __mspabi_srll_3                   
0000e54a  __mspabi_srll_2                   
0000e550  __mspabi_srll_1                   
0000e558  __mspabi_srli                     
0000e566  __mspabi_srli_15                  
0000e56a  __mspabi_srli_14                  
0000e56e  __mspabi_srli_13                  
0000e572  __mspabi_srli_12                  
0000e576  __mspabi_srli_11                  
0000e57a  __mspabi_srli_10                  
0000e57e  __mspabi_srli_9                   
0000e582  __mspabi_srli_8                   
0000e586  __mspabi_srli_7                   
0000e58a  __mspabi_srli_6                   
0000e58e  __mspabi_srli_5                   
0000e592  __mspabi_srli_4                   
0000e596  __mspabi_srli_3                   
0000e59a  __mspabi_srli_2                   
0000e59e  __mspabi_srli_1                   
0000e5a4  __mspabi_srall                    
0000e5ee  __mspabi_srlll                    
0000e634  __mspabi_sllll                    
0000e678  __TI_auto_init_nobinit_nopinit    
0000e6ba  __mspabi_sral_15                  
0000e6be  __mspabi_sral_14                  
0000e6c2  __mspabi_sral_13                  
0000e6c6  __mspabi_sral_12                  
0000e6ca  __mspabi_sral_11                  
0000e6ce  __mspabi_sral_10                  
0000e6d2  __mspabi_sral_9                   
0000e6d6  __mspabi_sral_8                   
0000e6da  __mspabi_sral_7                   
0000e6de  __mspabi_sral_6                   
0000e6e2  __mspabi_sral_5                   
0000e6e6  __mspabi_sral_4                   
0000e6ea  __mspabi_sral_3                   
0000e6ee  __mspabi_sral_2                   
0000e6f2  __mspabi_sral_1                   
0000e6f8  __mspabi_slll_15                  
0000e6fc  __mspabi_slll_14                  
0000e700  __mspabi_slll_13                  
0000e704  __mspabi_slll_12                  
0000e708  __mspabi_slll_11                  
0000e70c  __mspabi_slll_10                  
0000e710  __mspabi_slll_9                   
0000e714  __mspabi_slll_8                   
0000e718  __mspabi_slll_7                   
0000e71c  __mspabi_slll_6                   
0000e720  __mspabi_slll_5                   
0000e724  __mspabi_slll_4                   
0000e728  __mspabi_slll_3                   
0000e72c  __mspabi_slll_2                   
0000e730  __mspabi_slll_1                   
0000e736  printf                            
0000e772  __mspabi_fltif                    
0000e7a8  initialise_SerialPrint_on_lunchbox
0000e7d8  __mspabi_subd                     
0000e806  __mspabi_srai                     
0000e812  __mspabi_srai_15                  
0000e814  __mspabi_srai_14                  
0000e816  __mspabi_srai_13                  
0000e818  __mspabi_srai_12                  
0000e81a  __mspabi_srai_11                  
0000e81c  __mspabi_srai_10                  
0000e81e  __mspabi_srai_9                   
0000e820  __mspabi_srai_8                   
0000e822  __mspabi_srai_7                   
0000e824  __mspabi_srai_6                   
0000e826  __mspabi_srai_5                   
0000e828  __mspabi_srai_4                   
0000e82a  __mspabi_srai_3                   
0000e82c  __mspabi_srai_2                   
0000e82e  __mspabi_srai_1                   
0000e832  __mspabi_slli                     
0000e83e  __mspabi_slli_15                  
0000e840  __mspabi_slli_14                  
0000e842  __mspabi_slli_13                  
0000e844  __mspabi_slli_12                  
0000e846  __mspabi_slli_11                  
0000e848  __mspabi_slli_10                  
0000e84a  __mspabi_slli_9                   
0000e84c  __mspabi_slli_8                   
0000e84e  __mspabi_slli_7                   
0000e850  __mspabi_slli_6                   
0000e852  __mspabi_slli_5                   
0000e854  __mspabi_slli_4                   
0000e856  __mspabi_slli_3                   
0000e858  __mspabi_slli_2                   
0000e85a  __mspabi_slli_1                   
0000e85e  fputs                             
0000e884  __mspabi_mpyl                     
0000e884  __mspabi_mpyl_sw                  
0000e8aa  __mspabi_fltuf                    
0000e8ce  __mspabi_mpyul                    
0000e8ce  __mspabi_mpyul_sw                 
0000e8f0  memccpy                           
0000e912  __mspabi_mpyull                   
0000e912  __mspabi_mpyull_sw                
0000e930  _c_int00_noargs                   
0000e94c  __mspabi_divu                     
0000e94c  __mspabi_remu                     
0000e962  __TI_zero_init_nomemset           
0000e976  memset                            
0000e98a  __mspabi_mpyi                     
0000e98a  __mspabi_mpyi_sw                  
0000e99e  __TI_decompress_none              
0000e9b0  memcpy                            
0000e9c2  register_settings_for_ADC10       
0000e9d4  __mspabi_func_epilog_7            
0000e9d6  __mspabi_func_epilog_6            
0000e9d8  __mspabi_func_epilog_5            
0000e9da  __mspabi_func_epilog_4            
0000e9dc  __mspabi_func_epilog_3            
0000e9de  __mspabi_func_epilog_2            
0000e9e0  __mspabi_func_epilog_1            
0000e9e4  fputc                             
0000e9f2  strlen                            
0000ea00  __TI_ISR_TRAP                     
0000ea08  __mspabi_fltud                    
0000ea14  C$$EXIT                           
0000ea14  abort                             
0000ea1e  _system_pre_init                  
0000ea22  _nop                              
0000ea24  _system_post_cinit                
0000eaa2  __TI_Handler_Table_Base           
0000eaa8  __TI_Handler_Table_Limit          
0000eaac  __TI_CINIT_Base                   
0000eab4  __TI_CINIT_Limit                  
0000ffe0  __TI_int00                        
0000ffe4  __TI_int02                        
0000ffe6  __TI_int03                        
0000ffea  __TI_int05                        
0000ffec  __TI_int06                        
0000ffee  __TI_int07                        
0000fff0  __TI_int08                        
0000fff2  __TI_int09                        
0000fff4  __TI_int10                        
0000fff6  __TI_int11                        
0000fff8  __TI_int12                        
0000fffa  __TI_int13                        
0000fffc  __TI_int14                        
0000fffe  _reset_vector                     
ffffffff  __TI_pprof_out_hndl               
ffffffff  __TI_prof_data_size               
ffffffff  __TI_prof_data_start              
ffffffff  __c_args__                        

[292 symbols]
