<?xml version="1.0" encoding="ISO-8859-1" ?>
<link_info>
   <banner>MSP430 Linker PC v20.2.4.LTS</banner>
   <copyright>Copyright (c) 2003-2018 Texas Instruments Incorporated</copyright>
   <link_time>0x619914dd</link_time>
   <link_errors>0x0</link_errors>
   <output_file>Analog_Serial_printing.out</output_file>
   <entry_point>
      <name>_c_int00_noargs</name>
      <address>0xe930</address>
   </entry_point>
   <input_file_list>
      <input_file id="fl-2">
         <path>.\</path>
         <kind>object</kind>
         <file>Analog_Serial_printing.obj</file>
         <name>Analog_Serial_printing.obj</name>
      </input_file>
      <input_file id="fl-3">
         <path>.\Library\</path>
         <kind>object</kind>
         <file>SerialPrint.obj</file>
         <name>SerialPrint.obj</name>
      </input_file>
      <input_file id="fl-8">
         <kind>object</kind>
         <file>&lt;internal&gt;</file>
         <name>&lt;internal&gt;</name>
      </input_file>
      <input_file id="fl-1e">
         <path>C:\ti\ccs1030\ccs\tools\compiler\ti-cgt-msp430_20.2.4.LTS\lib\</path>
         <kind>archive</kind>
         <file>rts430_eabi.lib</file>
         <name>printf.c.obj</name>
      </input_file>
      <input_file id="fl-1f">
         <path>C:\ti\ccs1030\ccs\tools\compiler\ti-cgt-msp430_20.2.4.LTS\lib\</path>
         <kind>archive</kind>
         <file>rts430_eabi.lib</file>
         <name>_printfi_min.c.obj</name>
      </input_file>
      <input_file id="fl-20">
         <path>C:\ti\ccs1030\ccs\tools\compiler\ti-cgt-msp430_20.2.4.LTS\lib\</path>
         <kind>archive</kind>
         <file>rts430_eabi.lib</file>
         <name>e_log.c.obj</name>
      </input_file>
      <input_file id="fl-21">
         <path>C:\ti\ccs1030\ccs\tools\compiler\ti-cgt-msp430_20.2.4.LTS\lib\</path>
         <kind>archive</kind>
         <file>rts430_eabi.lib</file>
         <name>asr16.asm.obj</name>
      </input_file>
      <input_file id="fl-22">
         <path>C:\ti\ccs1030\ccs\tools\compiler\ti-cgt-msp430_20.2.4.LTS\lib\</path>
         <kind>archive</kind>
         <file>rts430_eabi.lib</file>
         <name>div16u.asm.obj</name>
      </input_file>
      <input_file id="fl-23">
         <path>C:\ti\ccs1030\ccs\tools\compiler\ti-cgt-msp430_20.2.4.LTS\lib\</path>
         <kind>archive</kind>
         <file>rts430_eabi.lib</file>
         <name>epilog.asm.obj</name>
      </input_file>
      <input_file id="fl-24">
         <path>C:\ti\ccs1030\ccs\tools\compiler\ti-cgt-msp430_20.2.4.LTS\lib\</path>
         <kind>archive</kind>
         <file>rts430_eabi.lib</file>
         <name>fs_add.asm.obj</name>
      </input_file>
      <input_file id="fl-25">
         <path>C:\ti\ccs1030\ccs\tools\compiler\ti-cgt-msp430_20.2.4.LTS\lib\</path>
         <kind>archive</kind>
         <file>rts430_eabi.lib</file>
         <name>fs_div.asm.obj</name>
      </input_file>
      <input_file id="fl-26">
         <path>C:\ti\ccs1030\ccs\tools\compiler\ti-cgt-msp430_20.2.4.LTS\lib\</path>
         <kind>archive</kind>
         <file>rts430_eabi.lib</file>
         <name>fs_itof.asm.obj</name>
      </input_file>
      <input_file id="fl-27">
         <path>C:\ti\ccs1030\ccs\tools\compiler\ti-cgt-msp430_20.2.4.LTS\lib\</path>
         <kind>archive</kind>
         <file>rts430_eabi.lib</file>
         <name>fs_mpy.asm.obj</name>
      </input_file>
      <input_file id="fl-28">
         <path>C:\ti\ccs1030\ccs\tools\compiler\ti-cgt-msp430_20.2.4.LTS\lib\</path>
         <kind>archive</kind>
         <file>rts430_eabi.lib</file>
         <name>fs_toi.asm.obj</name>
      </input_file>
      <input_file id="fl-29">
         <path>C:\ti\ccs1030\ccs\tools\compiler\ti-cgt-msp430_20.2.4.LTS\lib\</path>
         <kind>archive</kind>
         <file>rts430_eabi.lib</file>
         <name>fs_utof.asm.obj</name>
      </input_file>
      <input_file id="fl-2a">
         <path>C:\ti\ccs1030\ccs\tools\compiler\ti-cgt-msp430_20.2.4.LTS\lib\</path>
         <kind>archive</kind>
         <file>rts430_eabi.lib</file>
         <name>int00.asm.obj</name>
      </input_file>
      <input_file id="fl-2b">
         <path>C:\ti\ccs1030\ccs\tools\compiler\ti-cgt-msp430_20.2.4.LTS\lib\</path>
         <kind>archive</kind>
         <file>rts430_eabi.lib</file>
         <name>int02.asm.obj</name>
      </input_file>
      <input_file id="fl-2c">
         <path>C:\ti\ccs1030\ccs\tools\compiler\ti-cgt-msp430_20.2.4.LTS\lib\</path>
         <kind>archive</kind>
         <file>rts430_eabi.lib</file>
         <name>int03.asm.obj</name>
      </input_file>
      <input_file id="fl-2d">
         <path>C:\ti\ccs1030\ccs\tools\compiler\ti-cgt-msp430_20.2.4.LTS\lib\</path>
         <kind>archive</kind>
         <file>rts430_eabi.lib</file>
         <name>int05.asm.obj</name>
      </input_file>
      <input_file id="fl-2e">
         <path>C:\ti\ccs1030\ccs\tools\compiler\ti-cgt-msp430_20.2.4.LTS\lib\</path>
         <kind>archive</kind>
         <file>rts430_eabi.lib</file>
         <name>int06.asm.obj</name>
      </input_file>
      <input_file id="fl-2f">
         <path>C:\ti\ccs1030\ccs\tools\compiler\ti-cgt-msp430_20.2.4.LTS\lib\</path>
         <kind>archive</kind>
         <file>rts430_eabi.lib</file>
         <name>int07.asm.obj</name>
      </input_file>
      <input_file id="fl-30">
         <path>C:\ti\ccs1030\ccs\tools\compiler\ti-cgt-msp430_20.2.4.LTS\lib\</path>
         <kind>archive</kind>
         <file>rts430_eabi.lib</file>
         <name>int08.asm.obj</name>
      </input_file>
      <input_file id="fl-31">
         <path>C:\ti\ccs1030\ccs\tools\compiler\ti-cgt-msp430_20.2.4.LTS\lib\</path>
         <kind>archive</kind>
         <file>rts430_eabi.lib</file>
         <name>int09.asm.obj</name>
      </input_file>
      <input_file id="fl-32">
         <path>C:\ti\ccs1030\ccs\tools\compiler\ti-cgt-msp430_20.2.4.LTS\lib\</path>
         <kind>archive</kind>
         <file>rts430_eabi.lib</file>
         <name>int10.asm.obj</name>
      </input_file>
      <input_file id="fl-33">
         <path>C:\ti\ccs1030\ccs\tools\compiler\ti-cgt-msp430_20.2.4.LTS\lib\</path>
         <kind>archive</kind>
         <file>rts430_eabi.lib</file>
         <name>int11.asm.obj</name>
      </input_file>
      <input_file id="fl-34">
         <path>C:\ti\ccs1030\ccs\tools\compiler\ti-cgt-msp430_20.2.4.LTS\lib\</path>
         <kind>archive</kind>
         <file>rts430_eabi.lib</file>
         <name>int12.asm.obj</name>
      </input_file>
      <input_file id="fl-35">
         <path>C:\ti\ccs1030\ccs\tools\compiler\ti-cgt-msp430_20.2.4.LTS\lib\</path>
         <kind>archive</kind>
         <file>rts430_eabi.lib</file>
         <name>int13.asm.obj</name>
      </input_file>
      <input_file id="fl-36">
         <path>C:\ti\ccs1030\ccs\tools\compiler\ti-cgt-msp430_20.2.4.LTS\lib\</path>
         <kind>archive</kind>
         <file>rts430_eabi.lib</file>
         <name>int14.asm.obj</name>
      </input_file>
      <input_file id="fl-37">
         <path>C:\ti\ccs1030\ccs\tools\compiler\ti-cgt-msp430_20.2.4.LTS\lib\</path>
         <kind>archive</kind>
         <file>rts430_eabi.lib</file>
         <name>isr_trap.asm.obj</name>
      </input_file>
      <input_file id="fl-38">
         <path>C:\ti\ccs1030\ccs\tools\compiler\ti-cgt-msp430_20.2.4.LTS\lib\</path>
         <kind>archive</kind>
         <file>rts430_eabi.lib</file>
         <name>lsr16.asm.obj</name>
      </input_file>
      <input_file id="fl-39">
         <path>C:\ti\ccs1030\ccs\tools\compiler\ti-cgt-msp430_20.2.4.LTS\lib\</path>
         <kind>archive</kind>
         <file>rts430_eabi.lib</file>
         <name>mult16.asm.obj</name>
      </input_file>
      <input_file id="fl-3a">
         <path>C:\ti\ccs1030\ccs\tools\compiler\ti-cgt-msp430_20.2.4.LTS\lib\</path>
         <kind>archive</kind>
         <file>rts430_eabi.lib</file>
         <name>boot.c.obj</name>
      </input_file>
      <input_file id="fl-3b">
         <path>C:\ti\ccs1030\ccs\tools\compiler\ti-cgt-msp430_20.2.4.LTS\lib\</path>
         <kind>archive</kind>
         <file>rts430_eabi.lib</file>
         <name>autoinit.c.obj</name>
      </input_file>
      <input_file id="fl-3c">
         <path>C:\ti\ccs1030\ccs\tools\compiler\ti-cgt-msp430_20.2.4.LTS\lib\</path>
         <kind>archive</kind>
         <file>rts430_eabi.lib</file>
         <name>copy_zero_init.c.obj</name>
      </input_file>
      <input_file id="fl-3d">
         <path>C:\ti\ccs1030\ccs\tools\compiler\ti-cgt-msp430_20.2.4.LTS\lib\</path>
         <kind>archive</kind>
         <file>rts430_eabi.lib</file>
         <name>cpy_tbl.c.obj</name>
      </input_file>
      <input_file id="fl-3e">
         <path>C:\ti\ccs1030\ccs\tools\compiler\ti-cgt-msp430_20.2.4.LTS\lib\</path>
         <kind>archive</kind>
         <file>rts430_eabi.lib</file>
         <name>mpu_init.c.obj</name>
      </input_file>
      <input_file id="fl-3f">
         <path>C:\ti\ccs1030\ccs\tools\compiler\ti-cgt-msp430_20.2.4.LTS\lib\</path>
         <kind>archive</kind>
         <file>rts430_eabi.lib</file>
         <name>lsr64.c.obj</name>
      </input_file>
      <input_file id="fl-40">
         <path>C:\ti\ccs1030\ccs\tools\compiler\ti-cgt-msp430_20.2.4.LTS\lib\</path>
         <kind>archive</kind>
         <file>rts430_eabi.lib</file>
         <name>pre_init.c.obj</name>
      </input_file>
      <input_file id="fl-41">
         <path>C:\ti\ccs1030\ccs\tools\compiler\ti-cgt-msp430_20.2.4.LTS\lib\</path>
         <kind>archive</kind>
         <file>rts430_eabi.lib</file>
         <name>startup.c.obj</name>
      </input_file>
      <input_file id="fl-42">
         <path>C:\ti\ccs1030\ccs\tools\compiler\ti-cgt-msp430_20.2.4.LTS\lib\</path>
         <kind>archive</kind>
         <file>rts430_eabi.lib</file>
         <name>copy_decompress_none.c.obj</name>
      </input_file>
      <input_file id="fl-43">
         <path>C:\ti\ccs1030\ccs\tools\compiler\ti-cgt-msp430_20.2.4.LTS\lib\</path>
         <kind>archive</kind>
         <file>rts430_eabi.lib</file>
         <name>copy_decompress_lzss.c.obj</name>
      </input_file>
      <input_file id="fl-44">
         <path>C:\ti\ccs1030\ccs\tools\compiler\ti-cgt-msp430_20.2.4.LTS\lib\</path>
         <kind>archive</kind>
         <file>rts430_eabi.lib</file>
         <name>addd.c.obj</name>
      </input_file>
      <input_file id="fl-45">
         <path>C:\ti\ccs1030\ccs\tools\compiler\ti-cgt-msp430_20.2.4.LTS\lib\</path>
         <kind>archive</kind>
         <file>rts430_eabi.lib</file>
         <name>cmpd.c.obj</name>
      </input_file>
      <input_file id="fl-46">
         <path>C:\ti\ccs1030\ccs\tools\compiler\ti-cgt-msp430_20.2.4.LTS\lib\</path>
         <kind>archive</kind>
         <file>rts430_eabi.lib</file>
         <name>cvtfd.c.obj</name>
      </input_file>
      <input_file id="fl-47">
         <path>C:\ti\ccs1030\ccs\tools\compiler\ti-cgt-msp430_20.2.4.LTS\lib\</path>
         <kind>archive</kind>
         <file>rts430_eabi.lib</file>
         <name>divd.c.obj</name>
      </input_file>
      <input_file id="fl-48">
         <path>C:\ti\ccs1030\ccs\tools\compiler\ti-cgt-msp430_20.2.4.LTS\lib\</path>
         <kind>archive</kind>
         <file>rts430_eabi.lib</file>
         <name>fltlid.c.obj</name>
      </input_file>
      <input_file id="fl-49">
         <path>C:\ti\ccs1030\ccs\tools\compiler\ti-cgt-msp430_20.2.4.LTS\lib\</path>
         <kind>archive</kind>
         <file>rts430_eabi.lib</file>
         <name>fltud.c.obj</name>
      </input_file>
      <input_file id="fl-4a">
         <path>C:\ti\ccs1030\ccs\tools\compiler\ti-cgt-msp430_20.2.4.LTS\lib\</path>
         <kind>archive</kind>
         <file>rts430_eabi.lib</file>
         <name>fltuld.c.obj</name>
      </input_file>
      <input_file id="fl-4b">
         <path>C:\ti\ccs1030\ccs\tools\compiler\ti-cgt-msp430_20.2.4.LTS\lib\</path>
         <kind>archive</kind>
         <file>rts430_eabi.lib</file>
         <name>frcdivd.c.obj</name>
      </input_file>
      <input_file id="fl-4c">
         <path>C:\ti\ccs1030\ccs\tools\compiler\ti-cgt-msp430_20.2.4.LTS\lib\</path>
         <kind>archive</kind>
         <file>rts430_eabi.lib</file>
         <name>mpyd.c.obj</name>
      </input_file>
      <input_file id="fl-4d">
         <path>C:\ti\ccs1030\ccs\tools\compiler\ti-cgt-msp430_20.2.4.LTS\lib\</path>
         <kind>archive</kind>
         <file>rts430_eabi.lib</file>
         <name>subd.c.obj</name>
      </input_file>
      <input_file id="fl-4e">
         <path>C:\ti\ccs1030\ccs\tools\compiler\ti-cgt-msp430_20.2.4.LTS\lib\</path>
         <kind>archive</kind>
         <file>rts430_eabi.lib</file>
         <name>cvtdf.c.obj</name>
      </input_file>
      <input_file id="fl-4f">
         <path>C:\ti\ccs1030\ccs\tools\compiler\ti-cgt-msp430_20.2.4.LTS\lib\</path>
         <kind>archive</kind>
         <file>rts430_eabi.lib</file>
         <name>exit.c.obj</name>
      </input_file>
      <input_file id="fl-50">
         <path>C:\ti\ccs1030\ccs\tools\compiler\ti-cgt-msp430_20.2.4.LTS\lib\</path>
         <kind>archive</kind>
         <file>rts430_eabi.lib</file>
         <name>_lock.c.obj</name>
      </input_file>
      <input_file id="fl-51">
         <path>C:\ti\ccs1030\ccs\tools\compiler\ti-cgt-msp430_20.2.4.LTS\lib\</path>
         <kind>archive</kind>
         <file>rts430_eabi.lib</file>
         <name>args_main.c.obj</name>
      </input_file>
      <input_file id="fl-52">
         <path>C:\ti\ccs1030\ccs\tools\compiler\ti-cgt-msp430_20.2.4.LTS\lib\</path>
         <kind>archive</kind>
         <file>rts430_eabi.lib</file>
         <name>defs.c.obj</name>
      </input_file>
      <input_file id="fl-53">
         <path>C:\ti\ccs1030\ccs\tools\compiler\ti-cgt-msp430_20.2.4.LTS\lib\</path>
         <kind>archive</kind>
         <file>rts430_eabi.lib</file>
         <name>memccpy.c.obj</name>
      </input_file>
      <input_file id="fl-54">
         <path>C:\ti\ccs1030\ccs\tools\compiler\ti-cgt-msp430_20.2.4.LTS\lib\</path>
         <kind>archive</kind>
         <file>rts430_eabi.lib</file>
         <name>memcpy.c.obj</name>
      </input_file>
      <input_file id="fl-55">
         <path>C:\ti\ccs1030\ccs\tools\compiler\ti-cgt-msp430_20.2.4.LTS\lib\</path>
         <kind>archive</kind>
         <file>rts430_eabi.lib</file>
         <name>memset.c.obj</name>
      </input_file>
      <input_file id="fl-56">
         <path>C:\ti\ccs1030\ccs\tools\compiler\ti-cgt-msp430_20.2.4.LTS\lib\</path>
         <kind>archive</kind>
         <file>rts430_eabi.lib</file>
         <name>strlen.c.obj</name>
      </input_file>
      <input_file id="fl-57">
         <path>C:\ti\ccs1030\ccs\tools\compiler\ti-cgt-msp430_20.2.4.LTS\lib\</path>
         <kind>archive</kind>
         <file>rts430_eabi.lib</file>
         <name>errno.c.obj</name>
      </input_file>
      <input_file id="fl-58">
         <path>C:\ti\ccs1030\ccs\tools\compiler\ti-cgt-msp430_20.2.4.LTS\lib\</path>
         <kind>archive</kind>
         <file>rts430_eabi.lib</file>
         <name>asr32.asm.obj</name>
      </input_file>
      <input_file id="fl-59">
         <path>C:\ti\ccs1030\ccs\tools\compiler\ti-cgt-msp430_20.2.4.LTS\lib\</path>
         <kind>archive</kind>
         <file>rts430_eabi.lib</file>
         <name>lsl16.asm.obj</name>
      </input_file>
      <input_file id="fl-5a">
         <path>C:\ti\ccs1030\ccs\tools\compiler\ti-cgt-msp430_20.2.4.LTS\lib\</path>
         <kind>archive</kind>
         <file>rts430_eabi.lib</file>
         <name>lsl32.asm.obj</name>
      </input_file>
      <input_file id="fl-5b">
         <path>C:\ti\ccs1030\ccs\tools\compiler\ti-cgt-msp430_20.2.4.LTS\lib\</path>
         <kind>archive</kind>
         <file>rts430_eabi.lib</file>
         <name>lsr32.asm.obj</name>
      </input_file>
      <input_file id="fl-5c">
         <path>C:\ti\ccs1030\ccs\tools\compiler\ti-cgt-msp430_20.2.4.LTS\lib\</path>
         <kind>archive</kind>
         <file>rts430_eabi.lib</file>
         <name>mult32.asm.obj</name>
      </input_file>
      <input_file id="fl-5d">
         <path>C:\ti\ccs1030\ccs\tools\compiler\ti-cgt-msp430_20.2.4.LTS\lib\</path>
         <kind>archive</kind>
         <file>rts430_eabi.lib</file>
         <name>exit_gvars.c.obj</name>
      </input_file>
      <input_file id="fl-5e">
         <path>C:\ti\ccs1030\ccs\tools\compiler\ti-cgt-msp430_20.2.4.LTS\lib\</path>
         <kind>archive</kind>
         <file>rts430_eabi.lib</file>
         <name>asr64.c.obj</name>
      </input_file>
      <input_file id="fl-5f">
         <path>C:\ti\ccs1030\ccs\tools\compiler\ti-cgt-msp430_20.2.4.LTS\lib\</path>
         <kind>archive</kind>
         <file>rts430_eabi.lib</file>
         <name>lsl64.c.obj</name>
      </input_file>
      <input_file id="fl-60">
         <path>C:\ti\ccs1030\ccs\tools\compiler\ti-cgt-msp430_20.2.4.LTS\lib\</path>
         <kind>archive</kind>
         <file>rts430_eabi.lib</file>
         <name>frcmpyd.c.obj</name>
      </input_file>
      <input_file id="fl-61">
         <path>C:\ti\ccs1030\ccs\tools\compiler\ti-cgt-msp430_20.2.4.LTS\lib\</path>
         <kind>archive</kind>
         <file>rts430_eabi.lib</file>
         <name>mult3264.asm.obj</name>
      </input_file>
      <input_file id="fl-62">
         <path>C:\ti\ccs1030\ccs\tools\compiler\ti-cgt-msp430_20.2.4.LTS\lib\</path>
         <kind>archive</kind>
         <file>rts430_eabi.lib</file>
         <name>mult64.asm.obj</name>
      </input_file>
      <input_file id="fl-63">
         <path>C:\ti\ccs1030\ccs\tools\compiler\ti-cgt-msp430_20.2.4.LTS\lib\</path>
         <kind>archive</kind>
         <file>rts430_eabi.lib</file>
         <name>mult1632.asm.obj</name>
      </input_file>
   </input_file_list>
   <object_component_list>
      <object_component id="oc-1c9">
         <name>.common:logR</name>
         <uninitialized>true</uninitialized>
         <run_address>0x296</run_address>
         <size>0x4</size>
      </object_component>
      <object_component id="oc-1c0">
         <name>.common:R</name>
         <uninitialized>true</uninitialized>
         <run_address>0x28e</run_address>
         <size>0x4</size>
      </object_component>
      <object_component id="oc-1cf">
         <name>.common:T</name>
         <uninitialized>true</uninitialized>
         <run_address>0x292</run_address>
         <size>0x4</size>
      </object_component>
      <object_component id="oc-1ac">
         <name>.data</name>
         <load_address>0x278</load_address>
         <run_address>0x278</run_address>
         <size>0x10</size>
         <input_file_ref idref="fl-2"/>
      </object_component>
      <object_component id="oc-23e">
         <name>.data:_lock</name>
         <load_address>0x288</load_address>
         <run_address>0x288</run_address>
         <size>0x2</size>
         <input_file_ref idref="fl-50"/>
      </object_component>
      <object_component id="oc-256">
         <name>.data:_unlock</name>
         <load_address>0x28a</load_address>
         <run_address>0x28a</run_address>
         <size>0x2</size>
         <input_file_ref idref="fl-50"/>
      </object_component>
      <object_component id="oc-241">
         <name>.data:_ftable</name>
         <load_address>0x200</load_address>
         <run_address>0x200</run_address>
         <size>0x78</size>
         <input_file_ref idref="fl-52"/>
      </object_component>
      <object_component id="oc-278">
         <name>.data</name>
         <load_address>0x28c</load_address>
         <run_address>0x28c</run_address>
         <size>0x2</size>
         <input_file_ref idref="fl-57"/>
      </object_component>
      <object_component id="oc-b1">
         <name>.stack</name>
         <uninitialized>true</uninitialized>
         <run_address>0x3b0</run_address>
         <size>0x2</size>
         <input_file_ref idref="fl-3a"/>
      </object_component>
      <object_component id="oc-404">
         <name>.stack</name>
         <uninitialized>true</uninitialized>
         <run_address>0x3b0</run_address>
         <size>0x0</size>
      </object_component>
      <object_component id="oc-26a">
         <name>.text:__mspabi_addd</name>
         <load_address>0xc000</load_address>
         <run_address>0xc000</run_address>
         <size>0x736</size>
         <input_file_ref idref="fl-44"/>
      </object_component>
      <object_component id="oc-1c3">
         <name>.text:log</name>
         <load_address>0xc736</load_address>
         <run_address>0xc736</run_address>
         <size>0x63c</size>
         <input_file_ref idref="fl-20"/>
      </object_component>
      <object_component id="oc-22b">
         <name>.text:__TI_frcdivd</name>
         <load_address>0xcd72</load_address>
         <run_address>0xcd72</run_address>
         <size>0x478</size>
         <input_file_ref idref="fl-4b"/>
      </object_component>
      <object_component id="oc-17f">
         <name>.text:__mspabi_mpyd</name>
         <load_address>0xd1ea</load_address>
         <run_address>0xd1ea</run_address>
         <size>0x2c0</size>
         <input_file_ref idref="fl-4c"/>
      </object_component>
      <object_component id="oc-185">
         <name>.text:__mspabi_divd</name>
         <load_address>0xd4aa</load_address>
         <run_address>0xd4aa</run_address>
         <size>0x238</size>
         <input_file_ref idref="fl-47"/>
      </object_component>
      <object_component id="oc-145">
         <name>.text:main</name>
         <load_address>0xd6e2</load_address>
         <run_address>0xd6e2</run_address>
         <size>0x21c</size>
         <input_file_ref idref="fl-2"/>
      </object_component>
      <object_component id="oc-21e">
         <name>.text:__TI_frcmpyd</name>
         <load_address>0xd8fe</load_address>
         <run_address>0xd8fe</run_address>
         <size>0x172</size>
         <input_file_ref idref="fl-60"/>
      </object_component>
      <object_component id="oc-19b">
         <name>.text</name>
         <load_address>0xda70</load_address>
         <run_address>0xda70</run_address>
         <size>0x132</size>
         <input_file_ref idref="fl-24"/>
      </object_component>
      <object_component id="oc-30e">
         <name>.text:_setfield</name>
         <load_address>0xdba2</load_address>
         <run_address>0xdba2</run_address>
         <size>0x116</size>
         <input_file_ref idref="fl-1f"/>
      </object_component>
      <object_component id="oc-2c9">
         <name>.text:__mpyll</name>
         <load_address>0xdcb8</load_address>
         <run_address>0xdcb8</run_address>
         <size>0x114</size>
         <input_file_ref idref="fl-62"/>
      </object_component>
      <object_component id="oc-250">
         <name>.text:__TI_printfi_minimal</name>
         <load_address>0xddcc</load_address>
         <run_address>0xddcc</run_address>
         <size>0xec</size>
         <input_file_ref idref="fl-1f"/>
      </object_component>
      <object_component id="oc-281">
         <name>.text:__mspabi_cmpd</name>
         <load_address>0xdeb8</load_address>
         <run_address>0xdeb8</run_address>
         <size>0xdc</size>
         <input_file_ref idref="fl-45"/>
      </object_component>
      <object_component id="oc-381">
         <name>.text:_pproc_diouxp</name>
         <load_address>0xdf94</load_address>
         <run_address>0xdf94</run_address>
         <size>0xca</size>
         <input_file_ref idref="fl-1f"/>
      </object_component>
      <object_component id="oc-1a0">
         <name>.text</name>
         <load_address>0xe05e</load_address>
         <run_address>0xe05e</run_address>
         <size>0xc4</size>
         <input_file_ref idref="fl-27"/>
      </object_component>
      <object_component id="oc-18b">
         <name>.text:__mspabi_cvtdf</name>
         <load_address>0xe122</load_address>
         <run_address>0xe122</run_address>
         <size>0xb4</size>
         <input_file_ref idref="fl-4e"/>
      </object_component>
      <object_component id="oc-27b">
         <name>.text:__mspabi_fltlid</name>
         <load_address>0xe1d6</load_address>
         <run_address>0xe1d6</run_address>
         <size>0xac</size>
         <input_file_ref idref="fl-48"/>
      </object_component>
      <object_component id="oc-1ca">
         <name>.text</name>
         <load_address>0xe282</load_address>
         <run_address>0xe282</run_address>
         <size>0x9c</size>
         <input_file_ref idref="fl-25"/>
      </object_component>
      <object_component id="oc-212">
         <name>.text:__mspabi_fltuld</name>
         <load_address>0xe31e</load_address>
         <run_address>0xe31e</run_address>
         <size>0x8a</size>
         <input_file_ref idref="fl-4a"/>
      </object_component>
      <object_component id="oc-34">
         <name>.text:decompress:lzss:__TI_decompress_lzss</name>
         <load_address>0xe3a8</load_address>
         <run_address>0xe3a8</run_address>
         <size>0x7c</size>
         <input_file_ref idref="fl-43"/>
      </object_component>
      <object_component id="oc-1af">
         <name>.text:__mspabi_cvtfd</name>
         <load_address>0xe424</load_address>
         <run_address>0xe424</run_address>
         <size>0x70</size>
         <input_file_ref idref="fl-46"/>
      </object_component>
      <object_component id="oc-191">
         <name>.text</name>
         <load_address>0xe494</load_address>
         <run_address>0xe494</run_address>
         <size>0x68</size>
         <input_file_ref idref="fl-28"/>
      </object_component>
      <object_component id="oc-2bb">
         <name>.text:l_lsr_const</name>
         <load_address>0xe4fc</load_address>
         <run_address>0xe4fc</run_address>
         <size>0x5c</size>
         <input_file_ref idref="fl-5b"/>
      </object_component>
      <object_component id="oc-ba">
         <name>.text</name>
         <load_address>0xe558</load_address>
         <run_address>0xe558</run_address>
         <size>0x4c</size>
         <input_file_ref idref="fl-38"/>
      </object_component>
      <object_component id="oc-32c">
         <name>.text:__mspabi_srall</name>
         <load_address>0xe5a4</load_address>
         <run_address>0xe5a4</run_address>
         <size>0x4a</size>
         <input_file_ref idref="fl-5e"/>
      </object_component>
      <object_component id="oc-2d3">
         <name>.text:__mspabi_srlll</name>
         <load_address>0xe5ee</load_address>
         <run_address>0xe5ee</run_address>
         <size>0x46</size>
         <input_file_ref idref="fl-3f"/>
      </object_component>
      <object_component id="oc-2c3">
         <name>.text:__mspabi_sllll</name>
         <load_address>0xe634</load_address>
         <run_address>0xe634</run_address>
         <size>0x44</size>
         <input_file_ref idref="fl-5f"/>
      </object_component>
      <object_component id="oc-1dd">
         <name>.text:__TI_auto_init_nobinit_nopinit:__TI_auto_init_nobinit_nopinit</name>
         <load_address>0xe678</load_address>
         <run_address>0xe678</run_address>
         <size>0x42</size>
         <input_file_ref idref="fl-3b"/>
      </object_component>
      <object_component id="oc-25d">
         <name>.text:l_asr_const</name>
         <load_address>0xe6ba</load_address>
         <run_address>0xe6ba</run_address>
         <size>0x3e</size>
         <input_file_ref idref="fl-58"/>
      </object_component>
      <object_component id="oc-233">
         <name>.text:l_lsl_const</name>
         <load_address>0xe6f8</load_address>
         <run_address>0xe6f8</run_address>
         <size>0x3e</size>
         <input_file_ref idref="fl-5a"/>
      </object_component>
      <object_component id="oc-1a6">
         <name>.text:printf</name>
         <load_address>0xe736</load_address>
         <run_address>0xe736</run_address>
         <size>0x3c</size>
         <input_file_ref idref="fl-1e"/>
      </object_component>
      <object_component id="oc-196">
         <name>.text</name>
         <load_address>0xe772</load_address>
         <run_address>0xe772</run_address>
         <size>0x36</size>
         <input_file_ref idref="fl-26"/>
      </object_component>
      <object_component id="oc-173">
         <name>.text:initialise_SerialPrint_on_lunchbox</name>
         <load_address>0xe7a8</load_address>
         <run_address>0xe7a8</run_address>
         <size>0x30</size>
         <input_file_ref idref="fl-3"/>
      </object_component>
      <object_component id="oc-1ba">
         <name>.text:__mspabi_subd</name>
         <load_address>0xe7d8</load_address>
         <run_address>0xe7d8</run_address>
         <size>0x2e</size>
         <input_file_ref idref="fl-4d"/>
      </object_component>
      <object_component id="oc-219">
         <name>.text</name>
         <load_address>0xe806</load_address>
         <run_address>0xe806</run_address>
         <size>0x2c</size>
         <input_file_ref idref="fl-21"/>
      </object_component>
      <object_component id="oc-b5">
         <name>.text</name>
         <load_address>0xe832</load_address>
         <run_address>0xe832</run_address>
         <size>0x2c</size>
         <input_file_ref idref="fl-59"/>
      </object_component>
      <object_component id="oc-2fa">
         <name>.text:fputs</name>
         <load_address>0xe85e</load_address>
         <run_address>0xe85e</run_address>
         <size>0x26</size>
         <input_file_ref idref="fl-3"/>
      </object_component>
      <object_component id="oc-2dc">
         <name>.text</name>
         <load_address>0xe884</load_address>
         <run_address>0xe884</run_address>
         <size>0x26</size>
         <input_file_ref idref="fl-5c"/>
      </object_component>
      <object_component id="oc-1b5">
         <name>.text</name>
         <load_address>0xe8aa</load_address>
         <run_address>0xe8aa</run_address>
         <size>0x24</size>
         <input_file_ref idref="fl-29"/>
      </object_component>
      <object_component id="oc-364">
         <name>.text:__mpyul</name>
         <load_address>0xe8ce</load_address>
         <run_address>0xe8ce</run_address>
         <size>0x22</size>
         <input_file_ref idref="fl-63"/>
      </object_component>
      <object_component id="oc-387">
         <name>.text:memccpy</name>
         <load_address>0xe8f0</load_address>
         <run_address>0xe8f0</run_address>
         <size>0x22</size>
         <input_file_ref idref="fl-53"/>
      </object_component>
      <object_component id="oc-2ce">
         <name>.text:__mpyull</name>
         <load_address>0xe912</load_address>
         <run_address>0xe912</run_address>
         <size>0x1e</size>
         <input_file_ref idref="fl-61"/>
      </object_component>
      <object_component id="oc-f3">
         <name>.text:_c_int00_noargs</name>
         <load_address>0xe930</load_address>
         <run_address>0xe930</run_address>
         <size>0x1c</size>
         <input_file_ref idref="fl-3a"/>
      </object_component>
      <object_component id="oc-3af">
         <name>.text</name>
         <load_address>0xe94c</load_address>
         <run_address>0xe94c</run_address>
         <size>0x16</size>
         <input_file_ref idref="fl-22"/>
      </object_component>
      <object_component id="oc-e1">
         <name>.text:decompress:ZI:__TI_zero_init_nomemset:__TI_zero_init_nomemset</name>
         <load_address>0xe962</load_address>
         <run_address>0xe962</run_address>
         <size>0x14</size>
         <input_file_ref idref="fl-3c"/>
      </object_component>
      <object_component id="oc-37a">
         <name>.text:memset</name>
         <load_address>0xe976</load_address>
         <run_address>0xe976</run_address>
         <size>0x14</size>
         <input_file_ref idref="fl-55"/>
      </object_component>
      <object_component id="oc-2e1">
         <name>.text</name>
         <load_address>0xe98a</load_address>
         <run_address>0xe98a</run_address>
         <size>0x14</size>
         <input_file_ref idref="fl-39"/>
      </object_component>
      <object_component id="oc-3a">
         <name>.text:decompress:none:__TI_decompress_none</name>
         <load_address>0xe99e</load_address>
         <run_address>0xe99e</run_address>
         <size>0x12</size>
         <input_file_ref idref="fl-42"/>
      </object_component>
      <object_component id="oc-cf">
         <name>.text:memcpy</name>
         <load_address>0xe9b0</load_address>
         <run_address>0xe9b0</run_address>
         <size>0x12</size>
         <input_file_ref idref="fl-54"/>
      </object_component>
      <object_component id="oc-16d">
         <name>.text:register_settings_for_ADC10</name>
         <load_address>0xe9c2</load_address>
         <run_address>0xe9c2</run_address>
         <size>0x12</size>
         <input_file_ref idref="fl-2"/>
      </object_component>
      <object_component id="oc-bf">
         <name>.text</name>
         <load_address>0xe9d4</load_address>
         <run_address>0xe9d4</run_address>
         <size>0x10</size>
         <input_file_ref idref="fl-23"/>
      </object_component>
      <object_component id="oc-301">
         <name>.text:fputc</name>
         <load_address>0xe9e4</load_address>
         <run_address>0xe9e4</run_address>
         <size>0xe</size>
         <input_file_ref idref="fl-3"/>
      </object_component>
      <object_component id="oc-308">
         <name>.text:strlen</name>
         <load_address>0xe9f2</load_address>
         <run_address>0xe9f2</run_address>
         <size>0xe</size>
         <input_file_ref idref="fl-56"/>
      </object_component>
      <object_component id="oc-dc">
         <name>.text:_isr:__TI_ISR_TRAP</name>
         <load_address>0xea00</load_address>
         <run_address>0xea00</run_address>
         <size>0x8</size>
         <input_file_ref idref="fl-37"/>
      </object_component>
      <object_component id="oc-179">
         <name>.text:__mspabi_fltud</name>
         <load_address>0xea08</load_address>
         <run_address>0xea08</run_address>
         <size>0x6</size>
         <input_file_ref idref="fl-49"/>
      </object_component>
      <object_component id="oc-24a">
         <name>.text:_outc</name>
         <load_address>0xea0e</load_address>
         <run_address>0xea0e</run_address>
         <size>0x6</size>
         <input_file_ref idref="fl-1e"/>
      </object_component>
      <object_component id="oc-1d1">
         <name>.text:abort</name>
         <load_address>0xea14</load_address>
         <run_address>0xea14</run_address>
         <size>0x6</size>
         <input_file_ref idref="fl-4f"/>
      </object_component>
      <object_component id="oc-244">
         <name>.text:_outs</name>
         <load_address>0xea1a</load_address>
         <run_address>0xea1a</run_address>
         <size>0x4</size>
         <input_file_ref idref="fl-1e"/>
      </object_component>
      <object_component id="oc-13f">
         <name>.text:_system_pre_init</name>
         <load_address>0xea1e</load_address>
         <run_address>0xea1e</run_address>
         <size>0x4</size>
         <input_file_ref idref="fl-40"/>
      </object_component>
      <object_component id="oc-2ed">
         <name>.text:_nop</name>
         <load_address>0xea22</load_address>
         <run_address>0xea22</run_address>
         <size>0x2</size>
         <input_file_ref idref="fl-50"/>
      </object_component>
      <object_component id="oc-29a">
         <name>.text:_system_post_cinit</name>
         <load_address>0xea24</load_address>
         <run_address>0xea24</run_address>
         <size>0x2</size>
         <input_file_ref idref="fl-41"/>
      </object_component>
      <object_component id="oc-403">
         <name>.cinit..data.load</name>
         <load_address>0xea70</load_address>
         <run_address>0xea70</run_address>
         <size>0x31</size>
      </object_component>
      <object_component id="oc-400">
         <name>__TI_handler_table</name>
         <load_address>0xeaa2</load_address>
         <run_address>0xeaa2</run_address>
         <size>0x6</size>
      </object_component>
      <object_component id="oc-402">
         <name>.cinit..bss.load</name>
         <load_address>0xeaa8</load_address>
         <run_address>0xeaa8</run_address>
         <size>0x4</size>
      </object_component>
      <object_component id="oc-401">
         <name>__TI_cinit_table</name>
         <load_address>0xeaac</load_address>
         <run_address>0xeaac</run_address>
         <size>0x8</size>
      </object_component>
      <object_component id="oc-1a5">
         <name>.const:.string</name>
         <load_address>0xea26</load_address>
         <run_address>0xea26</run_address>
         <size>0x36</size>
         <input_file_ref idref="fl-2"/>
      </object_component>
      <object_component id="oc-380">
         <name>.const:.string</name>
         <load_address>0xea5c</load_address>
         <run_address>0xea5c</run_address>
         <size>0x14</size>
         <input_file_ref idref="fl-1f"/>
      </object_component>
      <object_component id="oc-3c2">
         <name>.binit</name>
         <load_address>0xc000</load_address>
         <run_address>0xc000</run_address>
         <size>0x0</size>
      </object_component>
      <object_component id="oc-40">
         <name>.int00</name>
         <load_address>0xffe0</load_address>
         <run_address>0xffe0</run_address>
         <size>0x2</size>
         <input_file_ref idref="fl-2a"/>
      </object_component>
      <object_component id="oc-41">
         <name>.int02</name>
         <load_address>0xffe4</load_address>
         <run_address>0xffe4</run_address>
         <size>0x2</size>
         <input_file_ref idref="fl-2b"/>
      </object_component>
      <object_component id="oc-42">
         <name>.int03</name>
         <load_address>0xffe6</load_address>
         <run_address>0xffe6</run_address>
         <size>0x2</size>
         <input_file_ref idref="fl-2c"/>
      </object_component>
      <object_component id="oc-43">
         <name>.int05</name>
         <load_address>0xffea</load_address>
         <run_address>0xffea</run_address>
         <size>0x2</size>
         <input_file_ref idref="fl-2d"/>
      </object_component>
      <object_component id="oc-44">
         <name>.int06</name>
         <load_address>0xffec</load_address>
         <run_address>0xffec</run_address>
         <size>0x2</size>
         <input_file_ref idref="fl-2e"/>
      </object_component>
      <object_component id="oc-45">
         <name>.int07</name>
         <load_address>0xffee</load_address>
         <run_address>0xffee</run_address>
         <size>0x2</size>
         <input_file_ref idref="fl-2f"/>
      </object_component>
      <object_component id="oc-46">
         <name>.int08</name>
         <load_address>0xfff0</load_address>
         <run_address>0xfff0</run_address>
         <size>0x2</size>
         <input_file_ref idref="fl-30"/>
      </object_component>
      <object_component id="oc-47">
         <name>.int09</name>
         <load_address>0xfff2</load_address>
         <run_address>0xfff2</run_address>
         <size>0x2</size>
         <input_file_ref idref="fl-31"/>
      </object_component>
      <object_component id="oc-48">
         <name>.int10</name>
         <load_address>0xfff4</load_address>
         <run_address>0xfff4</run_address>
         <size>0x2</size>
         <input_file_ref idref="fl-32"/>
      </object_component>
      <object_component id="oc-49">
         <name>.int11</name>
         <load_address>0xfff6</load_address>
         <run_address>0xfff6</run_address>
         <size>0x2</size>
         <input_file_ref idref="fl-33"/>
      </object_component>
      <object_component id="oc-4a">
         <name>.int12</name>
         <load_address>0xfff8</load_address>
         <run_address>0xfff8</run_address>
         <size>0x2</size>
         <input_file_ref idref="fl-34"/>
      </object_component>
      <object_component id="oc-4b">
         <name>.int13</name>
         <load_address>0xfffa</load_address>
         <run_address>0xfffa</run_address>
         <size>0x2</size>
         <input_file_ref idref="fl-35"/>
      </object_component>
      <object_component id="oc-4c">
         <name>.int14</name>
         <load_address>0xfffc</load_address>
         <run_address>0xfffc</run_address>
         <size>0x2</size>
         <input_file_ref idref="fl-36"/>
      </object_component>
      <object_component id="oc-b4">
         <name>.reset</name>
         <load_address>0xfffe</load_address>
         <run_address>0xfffe</run_address>
         <size>0x2</size>
         <input_file_ref idref="fl-3a"/>
      </object_component>
      <object_component id="oc-1c1">
         <name>.debug_info</name>
         <load_address>0x0</load_address>
         <run_address>0x0</run_address>
         <size>0x2c6</size>
         <input_file_ref idref="fl-2"/>
      </object_component>
      <object_component id="oc-1ad">
         <name>.debug_info</name>
         <load_address>0x2c6</load_address>
         <run_address>0x2c6</run_address>
         <size>0x120</size>
         <input_file_ref idref="fl-2"/>
      </object_component>
      <object_component id="oc-16f">
         <name>.debug_info</name>
         <load_address>0x3e6</load_address>
         <run_address>0x3e6</run_address>
         <size>0x15f</size>
         <input_file_ref idref="fl-2"/>
      </object_component>
      <object_component id="oc-146">
         <name>.debug_info</name>
         <load_address>0x545</load_address>
         <run_address>0x545</run_address>
         <size>0x4da</size>
         <input_file_ref idref="fl-2"/>
      </object_component>
      <object_component id="oc-273">
         <name>.debug_info</name>
         <load_address>0xa1f</load_address>
         <run_address>0xa1f</run_address>
         <size>0x26b</size>
         <input_file_ref idref="fl-2"/>
      </object_component>
      <object_component id="oc-ca">
         <name>.debug_info</name>
         <load_address>0xc8a</load_address>
         <run_address>0xc8a</run_address>
         <size>0x84</size>
         <input_file_ref idref="fl-2"/>
      </object_component>
      <object_component id="oc-334">
         <name>.debug_info</name>
         <load_address>0xd0e</load_address>
         <run_address>0xd0e</run_address>
         <size>0x282</size>
         <input_file_ref idref="fl-2"/>
      </object_component>
      <object_component id="oc-3a6">
         <name>.debug_info</name>
         <load_address>0xf90</load_address>
         <run_address>0xf90</run_address>
         <size>0xcc</size>
         <input_file_ref idref="fl-2"/>
      </object_component>
      <object_component id="oc-316">
         <name>.debug_info</name>
         <load_address>0x105c</load_address>
         <run_address>0x105c</run_address>
         <size>0x2c</size>
         <input_file_ref idref="fl-2"/>
      </object_component>
      <object_component id="oc-376">
         <name>.debug_info</name>
         <load_address>0x1088</load_address>
         <run_address>0x1088</run_address>
         <size>0x26e</size>
         <input_file_ref idref="fl-3"/>
      </object_component>
      <object_component id="oc-175">
         <name>.debug_info</name>
         <load_address>0x12f6</load_address>
         <run_address>0x12f6</run_address>
         <size>0x164</size>
         <input_file_ref idref="fl-3"/>
      </object_component>
      <object_component id="oc-2fb">
         <name>.debug_info</name>
         <load_address>0x145a</load_address>
         <run_address>0x145a</run_address>
         <size>0x186</size>
         <input_file_ref idref="fl-3"/>
      </object_component>
      <object_component id="oc-303">
         <name>.debug_info</name>
         <load_address>0x15e0</load_address>
         <run_address>0x15e0</run_address>
         <size>0x157</size>
         <input_file_ref idref="fl-3"/>
      </object_component>
      <object_component id="oc-25a">
         <name>.debug_info</name>
         <load_address>0x1737</load_address>
         <run_address>0x1737</run_address>
         <size>0x2bd</size>
         <input_file_ref idref="fl-1e"/>
      </object_component>
      <object_component id="oc-24c">
         <name>.debug_info</name>
         <load_address>0x19f4</load_address>
         <run_address>0x19f4</run_address>
         <size>0x162</size>
         <input_file_ref idref="fl-1e"/>
      </object_component>
      <object_component id="oc-247">
         <name>.debug_info</name>
         <load_address>0x1b56</load_address>
         <run_address>0x1b56</run_address>
         <size>0x166</size>
         <input_file_ref idref="fl-1e"/>
      </object_component>
      <object_component id="oc-1a7">
         <name>.debug_info</name>
         <load_address>0x1cbc</load_address>
         <run_address>0x1cbc</run_address>
         <size>0x184</size>
         <input_file_ref idref="fl-1e"/>
      </object_component>
      <object_component id="oc-324">
         <name>.debug_info</name>
         <load_address>0x1e40</load_address>
         <run_address>0x1e40</run_address>
         <size>0xb2</size>
         <input_file_ref idref="fl-1e"/>
      </object_component>
      <object_component id="oc-315">
         <name>.debug_info</name>
         <load_address>0x1ef2</load_address>
         <run_address>0x1ef2</run_address>
         <size>0x2e2</size>
         <input_file_ref idref="fl-1f"/>
      </object_component>
      <object_component id="oc-382">
         <name>.debug_info</name>
         <load_address>0x21d4</load_address>
         <run_address>0x21d4</run_address>
         <size>0x2c7</size>
         <input_file_ref idref="fl-1f"/>
      </object_component>
      <object_component id="oc-30f">
         <name>.debug_info</name>
         <load_address>0x249b</load_address>
         <run_address>0x249b</run_address>
         <size>0x28f</size>
         <input_file_ref idref="fl-1f"/>
      </object_component>
      <object_component id="oc-251">
         <name>.debug_info</name>
         <load_address>0x272a</load_address>
         <run_address>0x272a</run_address>
         <size>0x316</size>
         <input_file_ref idref="fl-1f"/>
      </object_component>
      <object_component id="oc-31b">
         <name>.debug_info</name>
         <load_address>0x2a40</load_address>
         <run_address>0x2a40</run_address>
         <size>0x86</size>
         <input_file_ref idref="fl-1f"/>
      </object_component>
      <object_component id="oc-3b5">
         <name>.debug_info</name>
         <load_address>0x2ac6</load_address>
         <run_address>0x2ac6</run_address>
         <size>0x39</size>
         <input_file_ref idref="fl-1f"/>
      </object_component>
      <object_component id="oc-390">
         <name>.debug_info</name>
         <load_address>0x2aff</load_address>
         <run_address>0x2aff</run_address>
         <size>0x2c</size>
         <input_file_ref idref="fl-1f"/>
      </object_component>
      <object_component id="oc-1c5">
         <name>.debug_info</name>
         <load_address>0x2b2b</load_address>
         <run_address>0x2b2b</run_address>
         <size>0x7aa</size>
         <input_file_ref idref="fl-20"/>
      </object_component>
      <object_component id="oc-33e">
         <name>.debug_info</name>
         <load_address>0x32d5</load_address>
         <run_address>0x32d5</run_address>
         <size>0x46</size>
         <input_file_ref idref="fl-20"/>
      </object_component>
      <object_component id="oc-288">
         <name>.debug_info</name>
         <load_address>0x331b</load_address>
         <run_address>0x331b</run_address>
         <size>0x39</size>
         <input_file_ref idref="fl-20"/>
      </object_component>
      <object_component id="oc-21c">
         <name>.debug_info</name>
         <load_address>0x3354</load_address>
         <run_address>0x3354</run_address>
         <size>0x120</size>
         <input_file_ref idref="fl-21"/>
      </object_component>
      <object_component id="oc-3b2">
         <name>.debug_info</name>
         <load_address>0x3474</load_address>
         <run_address>0x3474</run_address>
         <size>0x121</size>
         <input_file_ref idref="fl-22"/>
      </object_component>
      <object_component id="oc-c1">
         <name>.debug_info</name>
         <load_address>0x3595</load_address>
         <run_address>0x3595</run_address>
         <size>0x12e</size>
         <input_file_ref idref="fl-23"/>
      </object_component>
      <object_component id="oc-19d">
         <name>.debug_info</name>
         <load_address>0x36c3</load_address>
         <run_address>0x36c3</run_address>
         <size>0x121</size>
         <input_file_ref idref="fl-24"/>
      </object_component>
      <object_component id="oc-1cb">
         <name>.debug_info</name>
         <load_address>0x37e4</load_address>
         <run_address>0x37e4</run_address>
         <size>0x121</size>
         <input_file_ref idref="fl-25"/>
      </object_component>
      <object_component id="oc-197">
         <name>.debug_info</name>
         <load_address>0x3905</load_address>
         <run_address>0x3905</run_address>
         <size>0x12a</size>
         <input_file_ref idref="fl-26"/>
      </object_component>
      <object_component id="oc-1a2">
         <name>.debug_info</name>
         <load_address>0x3a2f</load_address>
         <run_address>0x3a2f</run_address>
         <size>0x121</size>
         <input_file_ref idref="fl-27"/>
      </object_component>
      <object_component id="oc-192">
         <name>.debug_info</name>
         <load_address>0x3b50</load_address>
         <run_address>0x3b50</run_address>
         <size>0x135</size>
         <input_file_ref idref="fl-28"/>
      </object_component>
      <object_component id="oc-1b7">
         <name>.debug_info</name>
         <load_address>0x3c85</load_address>
         <run_address>0x3c85</run_address>
         <size>0x124</size>
         <input_file_ref idref="fl-29"/>
      </object_component>
      <object_component id="oc-dd">
         <name>.debug_info</name>
         <load_address>0x3da9</load_address>
         <run_address>0x3da9</run_address>
         <size>0x10f</size>
         <input_file_ref idref="fl-37"/>
      </object_component>
      <object_component id="oc-bc">
         <name>.debug_info</name>
         <load_address>0x3eb8</load_address>
         <run_address>0x3eb8</run_address>
         <size>0x120</size>
         <input_file_ref idref="fl-38"/>
      </object_component>
      <object_component id="oc-2e2">
         <name>.debug_info</name>
         <load_address>0x3fd8</load_address>
         <run_address>0x3fd8</run_address>
         <size>0x121</size>
         <input_file_ref idref="fl-39"/>
      </object_component>
      <object_component id="oc-b2">
         <name>.debug_info</name>
         <load_address>0x40f9</load_address>
         <run_address>0x40f9</run_address>
         <size>0x100</size>
         <input_file_ref idref="fl-3a"/>
      </object_component>
      <object_component id="oc-f4">
         <name>.debug_info</name>
         <load_address>0x41f9</load_address>
         <run_address>0x41f9</run_address>
         <size>0x17a</size>
         <input_file_ref idref="fl-3a"/>
      </object_component>
      <object_component id="oc-2a1">
         <name>.debug_info</name>
         <load_address>0x4373</load_address>
         <run_address>0x4373</run_address>
         <size>0x3de</size>
         <input_file_ref idref="fl-3b"/>
      </object_component>
      <object_component id="oc-1de">
         <name>.debug_info</name>
         <load_address>0x4751</load_address>
         <run_address>0x4751</run_address>
         <size>0x1e0</size>
         <input_file_ref idref="fl-3b"/>
      </object_component>
      <object_component id="oc-34f">
         <name>.debug_info</name>
         <load_address>0x4931</load_address>
         <run_address>0x4931</run_address>
         <size>0x39</size>
         <input_file_ref idref="fl-3b"/>
      </object_component>
      <object_component id="oc-35b">
         <name>.debug_info</name>
         <load_address>0x496a</load_address>
         <run_address>0x496a</run_address>
         <size>0x2c</size>
         <input_file_ref idref="fl-3b"/>
      </object_component>
      <object_component id="oc-2ac">
         <name>.debug_info</name>
         <load_address>0x4996</load_address>
         <run_address>0x4996</run_address>
         <size>0x2c</size>
         <input_file_ref idref="fl-3b"/>
      </object_component>
      <object_component id="oc-354">
         <name>.debug_info</name>
         <load_address>0x49c2</load_address>
         <run_address>0x49c2</run_address>
         <size>0xcd</size>
         <input_file_ref idref="fl-3b"/>
      </object_component>
      <object_component id="oc-13d">
         <name>.debug_info</name>
         <load_address>0x4a8f</load_address>
         <run_address>0x4a8f</run_address>
         <size>0x175</size>
         <input_file_ref idref="fl-3c"/>
      </object_component>
      <object_component id="oc-e3">
         <name>.debug_info</name>
         <load_address>0x4c04</load_address>
         <run_address>0x4c04</run_address>
         <size>0x1d2</size>
         <input_file_ref idref="fl-3c"/>
      </object_component>
      <object_component id="oc-138">
         <name>.debug_info</name>
         <load_address>0x4dd6</load_address>
         <run_address>0x4dd6</run_address>
         <size>0x46</size>
         <input_file_ref idref="fl-3c"/>
      </object_component>
      <object_component id="oc-12a">
         <name>.debug_info</name>
         <load_address>0x4e1c</load_address>
         <run_address>0x4e1c</run_address>
         <size>0x2c</size>
         <input_file_ref idref="fl-3c"/>
      </object_component>
      <object_component id="oc-2d6">
         <name>.debug_info</name>
         <load_address>0x4e48</load_address>
         <run_address>0x4e48</run_address>
         <size>0x193</size>
         <input_file_ref idref="fl-3f"/>
      </object_component>
      <object_component id="oc-141">
         <name>.debug_info</name>
         <load_address>0x4fdb</load_address>
         <run_address>0x4fdb</run_address>
         <size>0x153</size>
         <input_file_ref idref="fl-40"/>
      </object_component>
      <object_component id="oc-29b">
         <name>.debug_info</name>
         <load_address>0x512e</load_address>
         <run_address>0x512e</run_address>
         <size>0x150</size>
         <input_file_ref idref="fl-41"/>
      </object_component>
      <object_component id="oc-db">
         <name>.debug_info</name>
         <load_address>0x527e</load_address>
         <run_address>0x527e</run_address>
         <size>0x180</size>
         <input_file_ref idref="fl-42"/>
      </object_component>
      <object_component id="oc-3e">
         <name>.debug_info</name>
         <load_address>0x53fe</load_address>
         <run_address>0x53fe</run_address>
         <size>0x1ea</size>
         <input_file_ref idref="fl-42"/>
      </object_component>
      <object_component id="oc-d6">
         <name>.debug_info</name>
         <load_address>0x55e8</load_address>
         <run_address>0x55e8</run_address>
         <size>0x46</size>
         <input_file_ref idref="fl-42"/>
      </object_component>
      <object_component id="oc-12f">
         <name>.debug_info</name>
         <load_address>0x562e</load_address>
         <run_address>0x562e</run_address>
         <size>0x2c</size>
         <input_file_ref idref="fl-42"/>
      </object_component>
      <object_component id="oc-127">
         <name>.debug_info</name>
         <load_address>0x565a</load_address>
         <run_address>0x565a</run_address>
         <size>0x176</size>
         <input_file_ref idref="fl-43"/>
      </object_component>
      <object_component id="oc-35">
         <name>.debug_info</name>
         <load_address>0x57d0</load_address>
         <run_address>0x57d0</run_address>
         <size>0x292</size>
         <input_file_ref idref="fl-43"/>
      </object_component>
      <object_component id="oc-c5">
         <name>.debug_info</name>
         <load_address>0x5a62</load_address>
         <run_address>0x5a62</run_address>
         <size>0x60</size>
         <input_file_ref idref="fl-43"/>
      </object_component>
      <object_component id="oc-161">
         <name>.debug_info</name>
         <load_address>0x5ac2</load_address>
         <run_address>0x5ac2</run_address>
         <size>0x46</size>
         <input_file_ref idref="fl-43"/>
      </object_component>
      <object_component id="oc-122">
         <name>.debug_info</name>
         <load_address>0x5b08</load_address>
         <run_address>0x5b08</run_address>
         <size>0x39</size>
         <input_file_ref idref="fl-43"/>
      </object_component>
      <object_component id="oc-333">
         <name>.debug_info</name>
         <load_address>0x5b41</load_address>
         <run_address>0x5b41</run_address>
         <size>0x164</size>
         <input_file_ref idref="fl-44"/>
      </object_component>
      <object_component id="oc-26b">
         <name>.debug_info</name>
         <load_address>0x5ca5</load_address>
         <run_address>0x5ca5</run_address>
         <size>0x35e</size>
         <input_file_ref idref="fl-44"/>
      </object_component>
      <object_component id="oc-282">
         <name>.debug_info</name>
         <load_address>0x6003</load_address>
         <run_address>0x6003</run_address>
         <size>0x1af</size>
         <input_file_ref idref="fl-45"/>
      </object_component>
      <object_component id="oc-226">
         <name>.debug_info</name>
         <load_address>0x61b2</load_address>
         <run_address>0x61b2</run_address>
         <size>0x94</size>
         <input_file_ref idref="fl-45"/>
      </object_component>
      <object_component id="oc-263">
         <name>.debug_info</name>
         <load_address>0x6246</load_address>
         <run_address>0x6246</run_address>
         <size>0x165</size>
         <input_file_ref idref="fl-46"/>
      </object_component>
      <object_component id="oc-1b1">
         <name>.debug_info</name>
         <load_address>0x63ab</load_address>
         <run_address>0x63ab</run_address>
         <size>0x1d4</size>
         <input_file_ref idref="fl-46"/>
      </object_component>
      <object_component id="oc-264">
         <name>.debug_info</name>
         <load_address>0x657f</load_address>
         <run_address>0x657f</run_address>
         <size>0xdb</size>
         <input_file_ref idref="fl-46"/>
      </object_component>
      <object_component id="oc-232">
         <name>.debug_info</name>
         <load_address>0x665a</load_address>
         <run_address>0x665a</run_address>
         <size>0x1a2</size>
         <input_file_ref idref="fl-47"/>
      </object_component>
      <object_component id="oc-187">
         <name>.debug_info</name>
         <load_address>0x67fc</load_address>
         <run_address>0x67fc</run_address>
         <size>0x28a</size>
         <input_file_ref idref="fl-47"/>
      </object_component>
      <object_component id="oc-33c">
         <name>.debug_info</name>
         <load_address>0x6a86</load_address>
         <run_address>0x6a86</run_address>
         <size>0x16b</size>
         <input_file_ref idref="fl-48"/>
      </object_component>
      <object_component id="oc-27c">
         <name>.debug_info</name>
         <load_address>0x6bf1</load_address>
         <run_address>0x6bf1</run_address>
         <size>0x21b</size>
         <input_file_ref idref="fl-48"/>
      </object_component>
      <object_component id="oc-17a">
         <name>.debug_info</name>
         <load_address>0x6e0c</load_address>
         <run_address>0x6e0c</run_address>
         <size>0x166</size>
         <input_file_ref idref="fl-49"/>
      </object_component>
      <object_component id="oc-2c1">
         <name>.debug_info</name>
         <load_address>0x6f72</load_address>
         <run_address>0x6f72</run_address>
         <size>0x16b</size>
         <input_file_ref idref="fl-4a"/>
      </object_component>
      <object_component id="oc-213">
         <name>.debug_info</name>
         <load_address>0x70dd</load_address>
         <run_address>0x70dd</run_address>
         <size>0x1e3</size>
         <input_file_ref idref="fl-4a"/>
      </object_component>
      <object_component id="oc-2e7">
         <name>.debug_info</name>
         <load_address>0x72c0</load_address>
         <run_address>0x72c0</run_address>
         <size>0x172</size>
         <input_file_ref idref="fl-4b"/>
      </object_component>
      <object_component id="oc-22c">
         <name>.debug_info</name>
         <load_address>0x7432</load_address>
         <run_address>0x7432</run_address>
         <size>0x5cf</size>
         <input_file_ref idref="fl-4b"/>
      </object_component>
      <object_component id="oc-225">
         <name>.debug_info</name>
         <load_address>0x7a01</load_address>
         <run_address>0x7a01</run_address>
         <size>0x197</size>
         <input_file_ref idref="fl-4c"/>
      </object_component>
      <object_component id="oc-180">
         <name>.debug_info</name>
         <load_address>0x7b98</load_address>
         <run_address>0x7b98</run_address>
         <size>0x2d2</size>
         <input_file_ref idref="fl-4c"/>
      </object_component>
      <object_component id="oc-1bb">
         <name>.debug_info</name>
         <load_address>0x7e6a</load_address>
         <run_address>0x7e6a</run_address>
         <size>0x18d</size>
         <input_file_ref idref="fl-4d"/>
      </object_component>
      <object_component id="oc-239">
         <name>.debug_info</name>
         <load_address>0x7ff7</load_address>
         <run_address>0x7ff7</run_address>
         <size>0x165</size>
         <input_file_ref idref="fl-4e"/>
      </object_component>
      <object_component id="oc-18d">
         <name>.debug_info</name>
         <load_address>0x815c</load_address>
         <run_address>0x815c</run_address>
         <size>0x208</size>
         <input_file_ref idref="fl-4e"/>
      </object_component>
      <object_component id="oc-1d5">
         <name>.debug_info</name>
         <load_address>0x8364</load_address>
         <run_address>0x8364</run_address>
         <size>0x122</size>
         <input_file_ref idref="fl-4f"/>
      </object_component>
      <object_component id="oc-2f5">
         <name>.debug_info</name>
         <load_address>0x8486</load_address>
         <run_address>0x8486</run_address>
         <size>0x163</size>
         <input_file_ref idref="fl-50"/>
      </object_component>
      <object_component id="oc-23f">
         <name>.debug_info</name>
         <load_address>0x85e9</load_address>
         <run_address>0x85e9</run_address>
         <size>0xff</size>
         <input_file_ref idref="fl-50"/>
      </object_component>
      <object_component id="oc-257">
         <name>.debug_info</name>
         <load_address>0x86e8</load_address>
         <run_address>0x86e8</run_address>
         <size>0x103</size>
         <input_file_ref idref="fl-50"/>
      </object_component>
      <object_component id="oc-2f0">
         <name>.debug_info</name>
         <load_address>0x87eb</load_address>
         <run_address>0x87eb</run_address>
         <size>0x12e</size>
         <input_file_ref idref="fl-50"/>
      </object_component>
      <object_component id="oc-2f8">
         <name>.debug_info</name>
         <load_address>0x8919</load_address>
         <run_address>0x8919</run_address>
         <size>0x13e</size>
         <input_file_ref idref="fl-52"/>
      </object_component>
      <object_component id="oc-242">
         <name>.debug_info</name>
         <load_address>0x8a57</load_address>
         <run_address>0x8a57</run_address>
         <size>0x102</size>
         <input_file_ref idref="fl-52"/>
      </object_component>
      <object_component id="oc-3bb">
         <name>.debug_info</name>
         <load_address>0x8b59</load_address>
         <run_address>0x8b59</run_address>
         <size>0x17f</size>
         <input_file_ref idref="fl-53"/>
      </object_component>
      <object_component id="oc-38b">
         <name>.debug_info</name>
         <load_address>0x8cd8</load_address>
         <run_address>0x8cd8</run_address>
         <size>0x1b8</size>
         <input_file_ref idref="fl-53"/>
      </object_component>
      <object_component id="oc-129">
         <name>.debug_info</name>
         <load_address>0x8e90</load_address>
         <run_address>0x8e90</run_address>
         <size>0x181</size>
         <input_file_ref idref="fl-54"/>
      </object_component>
      <object_component id="oc-d2">
         <name>.debug_info</name>
         <load_address>0x9011</load_address>
         <run_address>0x9011</run_address>
         <size>0x17a</size>
         <input_file_ref idref="fl-54"/>
      </object_component>
      <object_component id="oc-3ae">
         <name>.debug_info</name>
         <load_address>0x918b</load_address>
         <run_address>0x918b</run_address>
         <size>0x16d</size>
         <input_file_ref idref="fl-55"/>
      </object_component>
      <object_component id="oc-37c">
         <name>.debug_info</name>
         <load_address>0x92f8</load_address>
         <run_address>0x92f8</run_address>
         <size>0x275</size>
         <input_file_ref idref="fl-55"/>
      </object_component>
      <object_component id="oc-379">
         <name>.debug_info</name>
         <load_address>0x956d</load_address>
         <run_address>0x956d</run_address>
         <size>0x162</size>
         <input_file_ref idref="fl-56"/>
      </object_component>
      <object_component id="oc-309">
         <name>.debug_info</name>
         <load_address>0x96cf</load_address>
         <run_address>0x96cf</run_address>
         <size>0x230</size>
         <input_file_ref idref="fl-56"/>
      </object_component>
      <object_component id="oc-279">
         <name>.debug_info</name>
         <load_address>0x98ff</load_address>
         <run_address>0x98ff</run_address>
         <size>0xfe</size>
         <input_file_ref idref="fl-57"/>
      </object_component>
      <object_component id="oc-25e">
         <name>.debug_info</name>
         <load_address>0x99fd</load_address>
         <run_address>0x99fd</run_address>
         <size>0x126</size>
         <input_file_ref idref="fl-58"/>
      </object_component>
      <object_component id="oc-b6">
         <name>.debug_info</name>
         <load_address>0x9b23</load_address>
         <run_address>0x9b23</run_address>
         <size>0x120</size>
         <input_file_ref idref="fl-59"/>
      </object_component>
      <object_component id="oc-236">
         <name>.debug_info</name>
         <load_address>0x9c43</load_address>
         <run_address>0x9c43</run_address>
         <size>0x126</size>
         <input_file_ref idref="fl-5a"/>
      </object_component>
      <object_component id="oc-2bd">
         <name>.debug_info</name>
         <load_address>0x9d69</load_address>
         <run_address>0x9d69</run_address>
         <size>0x126</size>
         <input_file_ref idref="fl-5b"/>
      </object_component>
      <object_component id="oc-2dd">
         <name>.debug_info</name>
         <load_address>0x9e8f</load_address>
         <run_address>0x9e8f</run_address>
         <size>0x121</size>
         <input_file_ref idref="fl-5c"/>
      </object_component>
      <object_component id="oc-32f">
         <name>.debug_info</name>
         <load_address>0x9fb0</load_address>
         <run_address>0x9fb0</run_address>
         <size>0x193</size>
         <input_file_ref idref="fl-5e"/>
      </object_component>
      <object_component id="oc-2c5">
         <name>.debug_info</name>
         <load_address>0xa143</load_address>
         <run_address>0xa143</run_address>
         <size>0x193</size>
         <input_file_ref idref="fl-5f"/>
      </object_component>
      <object_component id="oc-220">
         <name>.debug_info</name>
         <load_address>0xa2d6</load_address>
         <run_address>0xa2d6</run_address>
         <size>0x239</size>
         <input_file_ref idref="fl-60"/>
      </object_component>
      <object_component id="oc-2d0">
         <name>.debug_info</name>
         <load_address>0xa50f</load_address>
         <run_address>0xa50f</run_address>
         <size>0x139</size>
         <input_file_ref idref="fl-61"/>
      </object_component>
      <object_component id="oc-2cb">
         <name>.debug_info</name>
         <load_address>0xa648</load_address>
         <run_address>0xa648</run_address>
         <size>0x20b</size>
         <input_file_ref idref="fl-62"/>
      </object_component>
      <object_component id="oc-366">
         <name>.debug_info</name>
         <load_address>0xa853</load_address>
         <run_address>0xa853</run_address>
         <size>0x125</size>
         <input_file_ref idref="fl-63"/>
      </object_component>
      <object_component id="oc-405">
         <name>.debug_info</name>
         <load_address>0xa978</load_address>
         <run_address>0xa978</run_address>
         <size>0xa8</size>
      </object_component>
      <object_component id="oc-272">
         <name>.debug_line</name>
         <load_address>0x0</load_address>
         <run_address>0x0</run_address>
         <size>0x163</size>
         <input_file_ref idref="fl-2"/>
      </object_component>
      <object_component id="oc-25c">
         <name>.debug_line</name>
         <load_address>0x163</load_address>
         <run_address>0x163</run_address>
         <size>0x3f</size>
         <input_file_ref idref="fl-2"/>
      </object_component>
      <object_component id="oc-16e">
         <name>.debug_line</name>
         <load_address>0x1a2</load_address>
         <run_address>0x1a2</run_address>
         <size>0x54</size>
         <input_file_ref idref="fl-2"/>
      </object_component>
      <object_component id="oc-149">
         <name>.debug_line</name>
         <load_address>0x1f6</load_address>
         <run_address>0x1f6</run_address>
         <size>0x80</size>
         <input_file_ref idref="fl-2"/>
      </object_component>
      <object_component id="oc-276">
         <name>.debug_line</name>
         <load_address>0x276</load_address>
         <run_address>0x276</run_address>
         <size>0x72</size>
         <input_file_ref idref="fl-2"/>
      </object_component>
      <object_component id="oc-cd">
         <name>.debug_line</name>
         <load_address>0x2e8</load_address>
         <run_address>0x2e8</run_address>
         <size>0x20</size>
         <input_file_ref idref="fl-2"/>
      </object_component>
      <object_component id="oc-337">
         <name>.debug_line</name>
         <load_address>0x308</load_address>
         <run_address>0x308</run_address>
         <size>0x76</size>
         <input_file_ref idref="fl-2"/>
      </object_component>
      <object_component id="oc-3a9">
         <name>.debug_line</name>
         <load_address>0x37e</load_address>
         <run_address>0x37e</run_address>
         <size>0x6d</size>
         <input_file_ref idref="fl-2"/>
      </object_component>
      <object_component id="oc-319">
         <name>.debug_line</name>
         <load_address>0x3eb</load_address>
         <run_address>0x3eb</run_address>
         <size>0x6e</size>
         <input_file_ref idref="fl-2"/>
      </object_component>
      <object_component id="oc-3a5">
         <name>.debug_line</name>
         <load_address>0x459</load_address>
         <run_address>0x459</run_address>
         <size>0xa9</size>
         <input_file_ref idref="fl-3"/>
      </object_component>
      <object_component id="oc-178">
         <name>.debug_line</name>
         <load_address>0x502</load_address>
         <run_address>0x502</run_address>
         <size>0x57</size>
         <input_file_ref idref="fl-3"/>
      </object_component>
      <object_component id="oc-2fe">
         <name>.debug_line</name>
         <load_address>0x559</load_address>
         <run_address>0x559</run_address>
         <size>0x5e</size>
         <input_file_ref idref="fl-3"/>
      </object_component>
      <object_component id="oc-302">
         <name>.debug_line</name>
         <load_address>0x5b7</load_address>
         <run_address>0x5b7</run_address>
         <size>0x53</size>
         <input_file_ref idref="fl-3"/>
      </object_component>
      <object_component id="oc-323">
         <name>.debug_line</name>
         <load_address>0x60a</load_address>
         <run_address>0x60a</run_address>
         <size>0x10e</size>
         <input_file_ref idref="fl-1e"/>
      </object_component>
      <object_component id="oc-24e">
         <name>.debug_line</name>
         <load_address>0x718</load_address>
         <run_address>0x718</run_address>
         <size>0x3c</size>
         <input_file_ref idref="fl-1e"/>
      </object_component>
      <object_component id="oc-249">
         <name>.debug_line</name>
         <load_address>0x754</load_address>
         <run_address>0x754</run_address>
         <size>0x3c</size>
         <input_file_ref idref="fl-1e"/>
      </object_component>
      <object_component id="oc-1ab">
         <name>.debug_line</name>
         <load_address>0x790</load_address>
         <run_address>0x790</run_address>
         <size>0x49</size>
         <input_file_ref idref="fl-1e"/>
      </object_component>
      <object_component id="oc-327">
         <name>.debug_line</name>
         <load_address>0x7d9</load_address>
         <run_address>0x7d9</run_address>
         <size>0x91</size>
         <input_file_ref idref="fl-1e"/>
      </object_component>
      <object_component id="oc-38f">
         <name>.debug_line</name>
         <load_address>0x86a</load_address>
         <run_address>0x86a</run_address>
         <size>0x92</size>
         <input_file_ref idref="fl-1f"/>
      </object_component>
      <object_component id="oc-386">
         <name>.debug_line</name>
         <load_address>0x8fc</load_address>
         <run_address>0x8fc</run_address>
         <size>0xac</size>
         <input_file_ref idref="fl-1f"/>
      </object_component>
      <object_component id="oc-313">
         <name>.debug_line</name>
         <load_address>0x9a8</load_address>
         <run_address>0x9a8</run_address>
         <size>0x95</size>
         <input_file_ref idref="fl-1f"/>
      </object_component>
      <object_component id="oc-255">
         <name>.debug_line</name>
         <load_address>0xa3d</load_address>
         <run_address>0xa3d</run_address>
         <size>0xa0</size>
         <input_file_ref idref="fl-1f"/>
      </object_component>
      <object_component id="oc-31e">
         <name>.debug_line</name>
         <load_address>0xadd</load_address>
         <run_address>0xadd</run_address>
         <size>0x92</size>
         <input_file_ref idref="fl-1f"/>
      </object_component>
      <object_component id="oc-3b8">
         <name>.debug_line</name>
         <load_address>0xb6f</load_address>
         <run_address>0xb6f</run_address>
         <size>0x2e</size>
         <input_file_ref idref="fl-1f"/>
      </object_component>
      <object_component id="oc-393">
         <name>.debug_line</name>
         <load_address>0xb9d</load_address>
         <run_address>0xb9d</run_address>
         <size>0x91</size>
         <input_file_ref idref="fl-1f"/>
      </object_component>
      <object_component id="oc-1c7">
         <name>.debug_line</name>
         <load_address>0xc2e</load_address>
         <run_address>0xc2e</run_address>
         <size>0xab</size>
         <input_file_ref idref="fl-20"/>
      </object_component>
      <object_component id="oc-341">
         <name>.debug_line</name>
         <load_address>0xcd9</load_address>
         <run_address>0xcd9</run_address>
         <size>0x9a</size>
         <input_file_ref idref="fl-20"/>
      </object_component>
      <object_component id="oc-28b">
         <name>.debug_line</name>
         <load_address>0xd73</load_address>
         <run_address>0xd73</run_address>
         <size>0x97</size>
         <input_file_ref idref="fl-20"/>
      </object_component>
      <object_component id="oc-21b">
         <name>.debug_line</name>
         <load_address>0xe0a</load_address>
         <run_address>0xe0a</run_address>
         <size>0x4e</size>
         <input_file_ref idref="fl-21"/>
      </object_component>
      <object_component id="oc-3b1">
         <name>.debug_line</name>
         <load_address>0xe58</load_address>
         <run_address>0xe58</run_address>
         <size>0x43</size>
         <input_file_ref idref="fl-22"/>
      </object_component>
      <object_component id="oc-c0">
         <name>.debug_line</name>
         <load_address>0xe9b</load_address>
         <run_address>0xe9b</run_address>
         <size>0x40</size>
         <input_file_ref idref="fl-23"/>
      </object_component>
      <object_component id="oc-19f">
         <name>.debug_line</name>
         <load_address>0xedb</load_address>
         <run_address>0xedb</run_address>
         <size>0xbb</size>
         <input_file_ref idref="fl-24"/>
      </object_component>
      <object_component id="oc-1ce">
         <name>.debug_line</name>
         <load_address>0xf96</load_address>
         <run_address>0xf96</run_address>
         <size>0x83</size>
         <input_file_ref idref="fl-25"/>
      </object_component>
      <object_component id="oc-19a">
         <name>.debug_line</name>
         <load_address>0x1019</load_address>
         <run_address>0x1019</run_address>
         <size>0x55</size>
         <input_file_ref idref="fl-26"/>
      </object_component>
      <object_component id="oc-1a1">
         <name>.debug_line</name>
[...]
         <object_component_ref idref="oc-ba"/>
      </symbol>
      <symbol id="sm-281">
         <name>__mspabi_srli_9</name>
         <value>0xe57e</value>
         <object_component_ref idref="oc-ba"/>
      </symbol>
      <symbol id="sm-282">
         <name>__mspabi_srli_6</name>
         <value>0xe58a</value>
         <object_component_ref idref="oc-ba"/>
      </symbol>
      <symbol id="sm-283">
         <name>__mspabi_srli_7</name>
         <value>0xe586</value>
         <object_component_ref idref="oc-ba"/>
      </symbol>
      <symbol id="sm-284">
         <name>__mspabi_srli_4</name>
         <value>0xe592</value>
         <object_component_ref idref="oc-ba"/>
      </symbol>
      <symbol id="sm-285">
         <name>__mspabi_srli_5</name>
         <value>0xe58e</value>
         <object_component_ref idref="oc-ba"/>
      </symbol>
      <symbol id="sm-286">
         <name>__mspabi_srli_2</name>
         <value>0xe59a</value>
         <object_component_ref idref="oc-ba"/>
      </symbol>
      <symbol id="sm-287">
         <name>__mspabi_srli_3</name>
         <value>0xe596</value>
         <object_component_ref idref="oc-ba"/>
      </symbol>
      <symbol id="sm-288">
         <name>__mspabi_srli_1</name>
         <value>0xe59e</value>
         <object_component_ref idref="oc-ba"/>
      </symbol>
      <symbol id="sm-289">
         <name>__mspabi_srli</name>
         <value>0xe558</value>
         <object_component_ref idref="oc-ba"/>
      </symbol>
      <symbol id="sm-28a">
         <name>__mspabi_srli_15</name>
         <value>0xe566</value>
         <object_component_ref idref="oc-ba"/>
      </symbol>
      <symbol id="sm-28b">
         <name>__mspabi_srli_14</name>
         <value>0xe56a</value>
         <object_component_ref idref="oc-ba"/>
      </symbol>
      <symbol id="sm-28c">
         <name>__mspabi_srli_13</name>
         <value>0xe56e</value>
         <object_component_ref idref="oc-ba"/>
      </symbol>
      <symbol id="sm-28d">
         <name>__mspabi_srli_12</name>
         <value>0xe572</value>
         <object_component_ref idref="oc-ba"/>
      </symbol>
      <symbol id="sm-28e">
         <name>__mspabi_srli_11</name>
         <value>0xe576</value>
         <object_component_ref idref="oc-ba"/>
      </symbol>
      <symbol id="sm-28f">
         <name>__mspabi_srli_10</name>
         <value>0xe57a</value>
         <object_component_ref idref="oc-ba"/>
      </symbol>
      <symbol id="sm-299">
         <name>__mspabi_mpyi_sw</name>
         <value>0xe98a</value>
         <object_component_ref idref="oc-2e1"/>
      </symbol>
      <symbol id="sm-29a">
         <name>__mspabi_mpyi</name>
         <value>0xe98a</value>
         <object_component_ref idref="oc-2e1"/>
      </symbol>
      <symbol id="sm-2aa">
         <name>_stack</name>
         <value>0x3b0</value>
         <object_component_ref idref="oc-b1"/>
      </symbol>
      <symbol id="sm-2ab">
         <name>_c_int00_noargs</name>
         <value>0xe930</value>
         <object_component_ref idref="oc-f3"/>
      </symbol>
      <symbol id="sm-2ac">
         <name>_reset_vector</name>
         <value>0xfffe</value>
         <object_component_ref idref="oc-b4"/>
      </symbol>
      <symbol id="sm-2ce">
         <name>__TI_auto_init_nobinit_nopinit</name>
         <value>0xe678</value>
         <object_component_ref idref="oc-1dd"/>
      </symbol>
      <symbol id="sm-2e6">
         <name>__TI_zero_init_nomemset</name>
         <value>0xe962</value>
         <object_component_ref idref="oc-e1"/>
      </symbol>
      <symbol id="sm-2f5">
         <name>__mspabi_srlll</name>
         <value>0xe5ee</value>
         <object_component_ref idref="oc-2d3"/>
      </symbol>
      <symbol id="sm-2fe">
         <name>_system_pre_init</name>
         <value>0xea1e</value>
         <object_component_ref idref="oc-13f"/>
      </symbol>
      <symbol id="sm-307">
         <name>_system_post_cinit</name>
         <value>0xea24</value>
         <object_component_ref idref="oc-29a"/>
      </symbol>
      <symbol id="sm-31d">
         <name>__TI_decompress_none</name>
         <value>0xe99e</value>
         <object_component_ref idref="oc-3a"/>
      </symbol>
      <symbol id="sm-340">
         <name>__TI_decompress_lzss</name>
         <value>0xe3a8</value>
         <object_component_ref idref="oc-34"/>
      </symbol>
      <symbol id="sm-37a">
         <name>__mspabi_addd</name>
         <value>0xc000</value>
         <object_component_ref idref="oc-26a"/>
      </symbol>
      <symbol id="sm-399">
         <name>__mspabi_cmpd</name>
         <value>0xdeb8</value>
         <object_component_ref idref="oc-281"/>
      </symbol>
      <symbol id="sm-3af">
         <name>__mspabi_cvtfd</name>
         <value>0xe424</value>
         <object_component_ref idref="oc-1af"/>
      </symbol>
      <symbol id="sm-3d0">
         <name>__mspabi_divd</name>
         <value>0xd4aa</value>
         <object_component_ref idref="oc-185"/>
      </symbol>
      <symbol id="sm-3e7">
         <name>__mspabi_fltlid</name>
         <value>0xe1d6</value>
         <object_component_ref idref="oc-27b"/>
      </symbol>
      <symbol id="sm-3f0">
         <name>__mspabi_fltud</name>
         <value>0xea08</value>
         <object_component_ref idref="oc-179"/>
      </symbol>
      <symbol id="sm-405">
         <name>__mspabi_fltuld</name>
         <value>0xe31e</value>
         <object_component_ref idref="oc-212"/>
      </symbol>
      <symbol id="sm-420">
         <name>__TI_frcdivd</name>
         <value>0xcd72</value>
         <object_component_ref idref="oc-22b"/>
      </symbol>
      <symbol id="sm-446">
         <name>__mspabi_mpyd</name>
         <value>0xd1ea</value>
         <object_component_ref idref="oc-17f"/>
      </symbol>
      <symbol id="sm-44f">
         <name>__mspabi_subd</name>
         <value>0xe7d8</value>
         <object_component_ref idref="oc-1ba"/>
      </symbol>
      <symbol id="sm-464">
         <name>__mspabi_cvtdf</name>
         <value>0xe122</value>
         <object_component_ref idref="oc-18b"/>
      </symbol>
      <symbol id="sm-46e">
         <name>C$$EXIT</name>
         <value>0xea14</value>
         <object_component_ref idref="oc-1d1"/>
      </symbol>
      <symbol id="sm-46f">
         <name>abort</name>
         <value>0xea14</value>
         <object_component_ref idref="oc-1d1"/>
      </symbol>
      <symbol id="sm-485">
         <name>_nop</name>
         <value>0xea22</value>
         <object_component_ref idref="oc-2ed"/>
      </symbol>
      <symbol id="sm-486">
         <name>_lock</name>
         <value>0x288</value>
         <object_component_ref idref="oc-23e"/>
      </symbol>
      <symbol id="sm-487">
         <name>_unlock</name>
         <value>0x28a</value>
         <object_component_ref idref="oc-256"/>
      </symbol>
      <symbol id="sm-493">
         <name>_ftable</name>
         <value>0x200</value>
         <object_component_ref idref="oc-241"/>
      </symbol>
      <symbol id="sm-4a2">
         <name>memccpy</name>
         <value>0xe8f0</value>
         <object_component_ref idref="oc-387"/>
      </symbol>
      <symbol id="sm-4b0">
         <name>memcpy</name>
         <value>0xe9b0</value>
         <object_component_ref idref="oc-cf"/>
      </symbol>
      <symbol id="sm-4be">
         <name>memset</name>
         <value>0xe976</value>
         <object_component_ref idref="oc-37a"/>
      </symbol>
      <symbol id="sm-4cb">
         <name>strlen</name>
         <value>0xe9f2</value>
         <object_component_ref idref="oc-308"/>
      </symbol>
      <symbol id="sm-4d2">
         <name>errno</name>
         <value>0x28c</value>
         <object_component_ref idref="oc-278"/>
      </symbol>
      <symbol id="sm-4da">
         <name>__mspabi_sral_15</name>
         <value>0xe6ba</value>
         <object_component_ref idref="oc-25d"/>
      </symbol>
      <symbol id="sm-4db">
         <name>__mspabi_sral_14</name>
         <value>0xe6be</value>
         <object_component_ref idref="oc-25d"/>
      </symbol>
      <symbol id="sm-4dc">
         <name>__mspabi_sral_13</name>
         <value>0xe6c2</value>
         <object_component_ref idref="oc-25d"/>
      </symbol>
      <symbol id="sm-4dd">
         <name>__mspabi_sral_12</name>
         <value>0xe6c6</value>
         <object_component_ref idref="oc-25d"/>
      </symbol>
      <symbol id="sm-4de">
         <name>__mspabi_sral_11</name>
         <value>0xe6ca</value>
         <object_component_ref idref="oc-25d"/>
      </symbol>
      <symbol id="sm-4df">
         <name>__mspabi_sral_10</name>
         <value>0xe6ce</value>
         <object_component_ref idref="oc-25d"/>
      </symbol>
      <symbol id="sm-4e0">
         <name>__mspabi_sral_8</name>
         <value>0xe6d6</value>
         <object_component_ref idref="oc-25d"/>
      </symbol>
      <symbol id="sm-4e1">
         <name>__mspabi_sral_9</name>
         <value>0xe6d2</value>
         <object_component_ref idref="oc-25d"/>
      </symbol>
      <symbol id="sm-4e2">
         <name>__mspabi_sral_6</name>
         <value>0xe6de</value>
         <object_component_ref idref="oc-25d"/>
      </symbol>
      <symbol id="sm-4e3">
         <name>__mspabi_sral_7</name>
         <value>0xe6da</value>
         <object_component_ref idref="oc-25d"/>
      </symbol>
      <symbol id="sm-4e4">
         <name>__mspabi_sral_4</name>
         <value>0xe6e6</value>
         <object_component_ref idref="oc-25d"/>
      </symbol>
      <symbol id="sm-4e5">
         <name>__mspabi_sral_5</name>
         <value>0xe6e2</value>
         <object_component_ref idref="oc-25d"/>
      </symbol>
      <symbol id="sm-4e6">
         <name>__mspabi_sral_2</name>
         <value>0xe6ee</value>
         <object_component_ref idref="oc-25d"/>
      </symbol>
      <symbol id="sm-4e7">
         <name>__mspabi_sral_3</name>
         <value>0xe6ea</value>
         <object_component_ref idref="oc-25d"/>
      </symbol>
      <symbol id="sm-4e8">
         <name>__mspabi_sral_1</name>
         <value>0xe6f2</value>
         <object_component_ref idref="oc-25d"/>
      </symbol>
      <symbol id="sm-4f0">
         <name>__mspabi_slli</name>
         <value>0xe832</value>
         <object_component_ref idref="oc-b5"/>
      </symbol>
      <symbol id="sm-4f1">
         <name>__mspabi_slli_9</name>
         <value>0xe84a</value>
         <object_component_ref idref="oc-b5"/>
      </symbol>
      <symbol id="sm-4f2">
         <name>__mspabi_slli_8</name>
         <value>0xe84c</value>
         <object_component_ref idref="oc-b5"/>
      </symbol>
      <symbol id="sm-4f3">
         <name>__mspabi_slli_7</name>
         <value>0xe84e</value>
         <object_component_ref idref="oc-b5"/>
      </symbol>
      <symbol id="sm-4f4">
         <name>__mspabi_slli_6</name>
         <value>0xe850</value>
         <object_component_ref idref="oc-b5"/>
      </symbol>
      <symbol id="sm-4f5">
         <name>__mspabi_slli_5</name>
         <value>0xe852</value>
         <object_component_ref idref="oc-b5"/>
      </symbol>
      <symbol id="sm-4f6">
         <name>__mspabi_slli_4</name>
         <value>0xe854</value>
         <object_component_ref idref="oc-b5"/>
      </symbol>
      <symbol id="sm-4f7">
         <name>__mspabi_slli_3</name>
         <value>0xe856</value>
         <object_component_ref idref="oc-b5"/>
      </symbol>
      <symbol id="sm-4f8">
         <name>__mspabi_slli_2</name>
         <value>0xe858</value>
         <object_component_ref idref="oc-b5"/>
      </symbol>
      <symbol id="sm-4f9">
         <name>__mspabi_slli_1</name>
         <value>0xe85a</value>
         <object_component_ref idref="oc-b5"/>
      </symbol>
      <symbol id="sm-4fa">
         <name>__mspabi_slli_15</name>
         <value>0xe83e</value>
         <object_component_ref idref="oc-b5"/>
      </symbol>
      <symbol id="sm-4fb">
         <name>__mspabi_slli_14</name>
         <value>0xe840</value>
         <object_component_ref idref="oc-b5"/>
      </symbol>
      <symbol id="sm-4fc">
         <name>__mspabi_slli_13</name>
         <value>0xe842</value>
         <object_component_ref idref="oc-b5"/>
      </symbol>
      <symbol id="sm-4fd">
         <name>__mspabi_slli_12</name>
         <value>0xe844</value>
         <object_component_ref idref="oc-b5"/>
      </symbol>
      <symbol id="sm-4fe">
         <name>__mspabi_slli_11</name>
         <value>0xe846</value>
         <object_component_ref idref="oc-b5"/>
      </symbol>
      <symbol id="sm-4ff">
         <name>__mspabi_slli_10</name>
         <value>0xe848</value>
         <object_component_ref idref="oc-b5"/>
      </symbol>
      <symbol id="sm-507">
         <name>__mspabi_slll_9</name>
         <value>0xe710</value>
         <object_component_ref idref="oc-233"/>
      </symbol>
      <symbol id="sm-508">
         <name>__mspabi_slll_8</name>
         <value>0xe714</value>
         <object_component_ref idref="oc-233"/>
      </symbol>
      <symbol id="sm-509">
         <name>__mspabi_slll_7</name>
         <value>0xe718</value>
         <object_component_ref idref="oc-233"/>
      </symbol>
      <symbol id="sm-50a">
         <name>__mspabi_slll_6</name>
         <value>0xe71c</value>
         <object_component_ref idref="oc-233"/>
      </symbol>
      <symbol id="sm-50b">
         <name>__mspabi_slll_5</name>
         <value>0xe720</value>
         <object_component_ref idref="oc-233"/>
      </symbol>
      <symbol id="sm-50c">
         <name>__mspabi_slll_4</name>
         <value>0xe724</value>
         <object_component_ref idref="oc-233"/>
      </symbol>
      <symbol id="sm-50d">
         <name>__mspabi_slll_3</name>
         <value>0xe728</value>
         <object_component_ref idref="oc-233"/>
      </symbol>
      <symbol id="sm-50e">
         <name>__mspabi_slll_2</name>
         <value>0xe72c</value>
         <object_component_ref idref="oc-233"/>
      </symbol>
      <symbol id="sm-50f">
         <name>__mspabi_slll_1</name>
         <value>0xe730</value>
         <object_component_ref idref="oc-233"/>
      </symbol>
      <symbol id="sm-510">
         <name>__mspabi_slll_15</name>
         <value>0xe6f8</value>
         <object_component_ref idref="oc-233"/>
      </symbol>
      <symbol id="sm-511">
         <name>__mspabi_slll_14</name>
         <value>0xe6fc</value>
         <object_component_ref idref="oc-233"/>
      </symbol>
      <symbol id="sm-512">
         <name>__mspabi_slll_13</name>
         <value>0xe700</value>
         <object_component_ref idref="oc-233"/>
      </symbol>
      <symbol id="sm-513">
         <name>__mspabi_slll_12</name>
         <value>0xe704</value>
         <object_component_ref idref="oc-233"/>
      </symbol>
      <symbol id="sm-514">
         <name>__mspabi_slll_11</name>
         <value>0xe708</value>
         <object_component_ref idref="oc-233"/>
      </symbol>
      <symbol id="sm-515">
         <name>__mspabi_slll_10</name>
         <value>0xe70c</value>
         <object_component_ref idref="oc-233"/>
      </symbol>
      <symbol id="sm-51d">
         <name>__mspabi_srll_8</name>
         <value>0xe526</value>
         <object_component_ref idref="oc-2bb"/>
      </symbol>
      <symbol id="sm-51e">
         <name>__mspabi_srll_9</name>
         <value>0xe520</value>
         <object_component_ref idref="oc-2bb"/>
      </symbol>
      <symbol id="sm-51f">
         <name>__mspabi_srll_6</name>
         <value>0xe532</value>
         <object_component_ref idref="oc-2bb"/>
      </symbol>
      <symbol id="sm-520">
         <name>__mspabi_srll_7</name>
         <value>0xe52c</value>
         <object_component_ref idref="oc-2bb"/>
      </symbol>
      <symbol id="sm-521">
         <name>__mspabi_srll_4</name>
         <value>0xe53e</value>
         <object_component_ref idref="oc-2bb"/>
      </symbol>
      <symbol id="sm-522">
         <name>__mspabi_srll_5</name>
         <value>0xe538</value>
         <object_component_ref idref="oc-2bb"/>
      </symbol>
      <symbol id="sm-523">
         <name>__mspabi_srll_2</name>
         <value>0xe54a</value>
         <object_component_ref idref="oc-2bb"/>
      </symbol>
      <symbol id="sm-524">
         <name>__mspabi_srll_3</name>
         <value>0xe544</value>
         <object_component_ref idref="oc-2bb"/>
      </symbol>
      <symbol id="sm-525">
         <name>__mspabi_srll_1</name>
         <value>0xe550</value>
         <object_component_ref idref="oc-2bb"/>
      </symbol>
      <symbol id="sm-526">
         <name>__mspabi_srll_15</name>
         <value>0xe4fc</value>
         <object_component_ref idref="oc-2bb"/>
      </symbol>
      <symbol id="sm-527">
         <name>__mspabi_srll_14</name>
         <value>0xe502</value>
         <object_component_ref idref="oc-2bb"/>
      </symbol>
      <symbol id="sm-528">
         <name>__mspabi_srll_13</name>
         <value>0xe508</value>
         <object_component_ref idref="oc-2bb"/>
      </symbol>
      <symbol id="sm-529">
         <name>__mspabi_srll_12</name>
         <value>0xe50e</value>
         <object_component_ref idref="oc-2bb"/>
      </symbol>
      <symbol id="sm-52a">
         <name>__mspabi_srll_11</name>
         <value>0xe514</value>
         <object_component_ref idref="oc-2bb"/>
      </symbol>
      <symbol id="sm-52b">
         <name>__mspabi_srll_10</name>
         <value>0xe51a</value>
         <object_component_ref idref="oc-2bb"/>
      </symbol>
      <symbol id="sm-535">
         <name>__mspabi_mpyl_sw</name>
         <value>0xe884</value>
         <object_component_ref idref="oc-2dc"/>
      </symbol>
      <symbol id="sm-536">
         <name>__mspabi_mpyl</name>
         <value>0xe884</value>
         <object_component_ref idref="oc-2dc"/>
      </symbol>
      <symbol id="sm-544">
         <name>__mspabi_srall</name>
         <value>0xe5a4</value>
         <object_component_ref idref="oc-32c"/>
      </symbol>
      <symbol id="sm-551">
         <name>__mspabi_sllll</name>
         <value>0xe634</value>
         <object_component_ref idref="oc-2c3"/>
      </symbol>
      <symbol id="sm-55c">
         <name>__TI_frcmpyd</name>
         <value>0xd8fe</value>
         <object_component_ref idref="oc-21e"/>
      </symbol>
      <symbol id="sm-564">
         <name>__mspabi_mpyull_sw</name>
         <value>0xe912</value>
         <object_component_ref idref="oc-2ce"/>
      </symbol>
      <symbol id="sm-565">
         <name>__mspabi_mpyull</name>
         <value>0xe912</value>
         <object_component_ref idref="oc-2ce"/>
      </symbol>
      <symbol id="sm-56d">
         <name>__mspabi_mpyll</name>
         <value>0xdcb8</value>
         <object_component_ref idref="oc-2c9"/>
      </symbol>
      <symbol id="sm-56e">
         <name>__mspabi_mpyll_sw</name>
         <value>0xdcb8</value>
         <object_component_ref idref="oc-2c9"/>
      </symbol>
      <symbol id="sm-579">
         <name>__mspabi_mpyul_sw</name>
         <value>0xe8ce</value>
         <object_component_ref idref="oc-364"/>
      </symbol>
      <symbol id="sm-57a">
         <name>__mspabi_mpyul</name>
         <value>0xe8ce</value>
         <object_component_ref idref="oc-364"/>
      </symbol>
   </symbol_table>
   <title>Link successful</title>
</link_info>
